A251 MACRO ASSEMBLER  sys_dpu32                                                             22/07/26 18:03:33 PAGE     1


MACRO ASSEMBLER A251 V4.69.13.0
OBJECT MODULE PLACED IN sys_dpu32.OBJ
ASSEMBLER INVOKED BY: D:\C251keil\C251\BIN\A251.exe sys_dpu32.asm

LOC    OBJ             LINE     SOURCE

                          1     $nomod51 
                          2     NAME STC_DPU32
                          3     ; STC32 DPU32 hardware implementation of the C251 runtime 32-bit divide helpers.
                          4     ; This source is intentionally compiled by the current LARGE/HUGE target instead of
                          5     ; linking the donor prebuilt library, whose memory model differs from this project.
 00D8                     6     DPUOP   DATA 0D8H
------                    7     ?PR?STC_DPU32  SEGMENT ECODE
------                    8     RSEG    ?PR?STC_DPU32
                          9     PUBLIC  ?C?ULDIV?
000000                   10     ?C?ULDIV?:
000000 75D89F            11             MOV     DPUOP,#09FH
000003 A5AA              12             ERET
                         13     PUBLIC  ?C?ULIDIV?
000005                   14     ?C?ULIDIV?:
000005 A56D00            15             XRL     WR0,WR0
000008 75D89F            16             MOV     DPUOP,#09FH
00000B A5AA              17             ERET
                         18     PUBLIC  ?C?SLDIV?
00000D                   19     ?C?SLDIV?:
00000D 75D8A0            20             MOV     DPUOP,#0A0H
000010 A5AA              21             ERET
                         22     PUBLIC  ?C?SIDIV?
000012                   23     ?C?SIDIV?:
000012 75D8A4            24             MOV     DPUOP,#0A4H
000015 A5AA              25             ERET
                         26     END
A251 MACRO ASSEMBLER  sys_dpu32                                                             22/07/26 18:03:33 PAGE     2

SYMBOL TABLE LISTING
------ ----- -------


N A M E        T Y P E  V A L U E     ATTRIBUTES

?C?SIDIV?. . . . .  EC ADDR  0012H     R   SEG=?PR?STC_DPU32
?C?SLDIV?. . . . .  EC ADDR  000DH     R   SEG=?PR?STC_DPU32
?C?ULDIV?. . . . .  EC ADDR  0000H     R   SEG=?PR?STC_DPU32
?C?ULIDIV? . . . .  EC ADDR  0005H     R   SEG=?PR?STC_DPU32
?PR?STC_DPU32. . .  EC SEG   000017H       REL=UNIT, ALN=BYTE
DPUOP. . . . . . .  D  ADDR  00D8H     A   
STC_DPU32. . . . .  -- ----  -------       


REGISTER BANK(S) USED: 0 


ASSEMBLY COMPLETE.  0 WARNING(S), 0 ERROR(S).
