C251 COMPILER V5.60.0,  app_log                                                            14/06/26  20:55:35  PAGE 1   


C251 COMPILER V5.60.0, COMPILATION OF MODULE app_log
OBJECT MODULE PLACED IN .\out_file\app_log.obj
COMPILER INVOKED BY: D:\APPs\Keil\C251\BIN\C251.EXE ..\L3_APP\app_log.c LARGE ROM(HUGE) WARNINGLEVEL(3) OPTIMIZE(0,SPEED
                    -) BROWSE INCDIR(..\..\libraries\zf_common;..\..\libraries\zf_components;..\..\libraries\zf_device;..\..\libraries\zf_dri
                    -ver;..\user;..\code;..\L0_SYS;..\L1_BSP;..\L2_SERVICE;..\L3_APP;..\LL_Shared_Source;..\..\libraries\zf_components\stc32g
                    -_usb_lib;..\..\libraries\zf_components\seekfree_assistant) DEBUG PRINT(.\out_file\app_log.lst) TABS(2) OBJECT(.\out_file
                    -\app_log.obj) 

stmt  level    source

    1          #include "zf_common_headfile.h"
    2          #include "service_packet.h"
    3          #include "service_wireless_uart.h"
    4          #include "app_log.h"
    5          #include <stdarg.h>
    6          
    7          #define APP_LOG_REGION_START_ADDR           (0xFC2800UL)
    8          #define APP_LOG_REGION_END_ADDR             (0xFC47FFUL)
    9          #define APP_LOG_REGION_LIMIT_ADDR           (APP_LOG_REGION_END_ADDR + 1UL)
   10          #define APP_LOG_PAGE_SIZE                   (512UL)
   11          #define APP_LOG_PAGE_SIZE_U16               (512U)
   12          #define APP_LOG_HEADER_ADDR                 (APP_LOG_REGION_START_ADDR)
   13          #define APP_LOG_DATA_START_ADDR             (APP_LOG_REGION_START_ADDR + APP_LOG_PAGE_SIZE)
   14          #define APP_LOG_DATA_SIZE                   ((uint16)(APP_LOG_REGION_END_ADDR - APP_LOG_DATA_START_ADDR +
             - 1UL))
   15          
   16          #define APP_LOG_MAGIC                       (0x574C4F47UL)
   17          #define APP_LOG_VERSION                     (1U)
   18          #define APP_LOG_EMPTY_BYTE                  (0xFFU)
   19          #define APP_LOG_BUFFER_SIZE                 (128U)
   20          #define APP_LOG_READ_BUFFER_SIZE            (64U)
   21          #define APP_LOG_FLOAT_DEFAULT_PRECISION     (3U)
   22          #define APP_LOG_FLOAT_MAX_PRECISION         (6U)
   23          
   24          #define APP_LOG_HEADER_MAGIC_OFFSET         (0UL)
   25          #define APP_LOG_HEADER_VERSION_OFFSET       (4UL)
   26          #define APP_LOG_HEADER_WRITE_OFFSET         (6UL)
   27          #define APP_LOG_HEADER_USED_OFFSET          (8UL)
   28          #define APP_LOG_HEADER_SEQUENCE_OFFSET      (10UL)
   29          #define APP_LOG_HEADER_CHECKSUM_OFFSET      (12UL)
   30          
   31          static char app_log_buffer[APP_LOG_BUFFER_SIZE];
   32          static uint8 app_log_read_buffer[APP_LOG_READ_BUFFER_SIZE];
   33          static uint16 app_log_write_offset = 0U;
   34          static uint16 app_log_used_size = 0U;
   35          static uint16 app_log_sequence = 0U;
   36          static uint8 app_log_ready = 0U;
   37          
   38          static uint32 app_log_data_addr(uint16 offset)
   39          {
   40   1          return APP_LOG_DATA_START_ADDR + (uint32)offset;
   41   1      }
   42          
   43          static uint16 app_log_read_u16(uint32 addr)
   44          {
   45   1          uint16 value;
   46   1      
   47   1          value = (uint16)iap_read_byte(addr);
   48   1          value |= (uint16)((uint16)iap_read_byte(addr + 1UL) << 8);
   49   1      
   50   1          return value;
   51   1      }
   52          
   53          static uint32 app_log_read_u32(uint32 addr)
   54          {
C251 COMPILER V5.60.0,  app_log                                                            14/06/26  20:55:35  PAGE 2   

   55   1          uint32 value;
   56   1      
   57   1          value = (uint32)iap_read_byte(addr);
   58   1          value |= (uint32)iap_read_byte(addr + 1UL) << 8;
   59   1          value |= (uint32)iap_read_byte(addr + 2UL) << 16;
   60   1          value |= (uint32)iap_read_byte(addr + 3UL) << 24;
   61   1      
   62   1          return value;
   63   1      }
   64          
   65          static void app_log_write_u16(uint32 addr, uint16 value)
   66          {
   67   1          iap_write_byte(addr, (uint8)value);
   68   1          iap_write_byte(addr + 1UL, (uint8)(value >> 8));
   69   1      }
   70          
   71          static void app_log_write_u32(uint32 addr, uint32 value)
   72          {
   73   1          iap_write_byte(addr, (uint8)value);
   74   1          iap_write_byte(addr + 1UL, (uint8)(value >> 8));
   75   1          iap_write_byte(addr + 2UL, (uint8)(value >> 16));
   76   1          iap_write_byte(addr + 3UL, (uint8)(value >> 24));
   77   1      }
   78          
   79          static uint16 app_log_calc_checksum(uint32 magic, uint16 version, uint16 write_offset,
   80                  uint16 used_size, uint16 sequence)
   81          {
   82   1          uint16 checksum;
   83   1      
   84   1          checksum = 0xA55AU;
   85   1          checksum += (uint16)(magic & 0xFFUL);
   86   1          checksum += (uint16)((magic >> 8) & 0xFFUL);
   87   1          checksum += (uint16)((magic >> 16) & 0xFFUL);
   88   1          checksum += (uint16)((magic >> 24) & 0xFFUL);
   89   1          checksum += version;
   90   1          checksum += write_offset;
   91   1          checksum += used_size;
   92   1          checksum += sequence;
   93   1      
   94   1          return (uint16)(checksum ^ 0x5A5AU);
   95   1      }
   96          
   97          static void app_log_reset_state(void)
   98          {
   99   1          app_log_write_offset = 0U;
  100   1          app_log_used_size = 0U;
  101   1          app_log_sequence = 0U;
  102   1      }
  103          
  104          static void app_log_load_header(void)
  105          {
  106   1          uint32 magic;
  107   1          uint16 version;
  108   1          uint16 write_offset;
  109   1          uint16 used_size;
  110   1          uint16 sequence;
  111   1          uint16 checksum;
  112   1          uint16 real_checksum;
  113   1      
  114   1          magic = app_log_read_u32(APP_LOG_HEADER_ADDR + APP_LOG_HEADER_MAGIC_OFFSET);
  115   1          version = app_log_read_u16(APP_LOG_HEADER_ADDR + APP_LOG_HEADER_VERSION_OFFSET);
  116   1          write_offset = app_log_read_u16(APP_LOG_HEADER_ADDR + APP_LOG_HEADER_WRITE_OFFSET);
  117   1          used_size = app_log_read_u16(APP_LOG_HEADER_ADDR + APP_LOG_HEADER_USED_OFFSET);
  118   1          sequence = app_log_read_u16(APP_LOG_HEADER_ADDR + APP_LOG_HEADER_SEQUENCE_OFFSET);
  119   1          checksum = app_log_read_u16(APP_LOG_HEADER_ADDR + APP_LOG_HEADER_CHECKSUM_OFFSET);
  120   1          real_checksum = app_log_calc_checksum(magic, version, write_offset, used_size, sequence);
C251 COMPILER V5.60.0,  app_log                                                            14/06/26  20:55:35  PAGE 3   

  121   1      
  122   1          if((APP_LOG_MAGIC != magic) || (APP_LOG_VERSION != version)
  123   1                  || (write_offset >= APP_LOG_DATA_SIZE) || (used_size > APP_LOG_DATA_SIZE)
  124   1                  || (checksum != real_checksum))
  125   1          {
  126   2              app_log_reset_state();
  127   2              return;
  128   2          }
  129   1      
  130   1          app_log_write_offset = write_offset;
  131   1          app_log_used_size = used_size;
  132   1          app_log_sequence = sequence;
  133   1      }
  134          
  135          static void app_log_save_header(void)
  136          {
  137   1          uint16 checksum;
  138   1      
  139   1          app_log_sequence++;
  140   1          checksum = app_log_calc_checksum(APP_LOG_MAGIC, APP_LOG_VERSION,
  141   1                  app_log_write_offset, app_log_used_size, app_log_sequence);
  142   1      
  143   1          iap_erase_page(APP_LOG_HEADER_ADDR);
  144   1          app_log_write_u32(APP_LOG_HEADER_ADDR + APP_LOG_HEADER_MAGIC_OFFSET, APP_LOG_MAGIC);
  145   1          app_log_write_u16(APP_LOG_HEADER_ADDR + APP_LOG_HEADER_VERSION_OFFSET, APP_LOG_VERSION);
  146   1          app_log_write_u16(APP_LOG_HEADER_ADDR + APP_LOG_HEADER_WRITE_OFFSET, app_log_write_offset);
  147   1          app_log_write_u16(APP_LOG_HEADER_ADDR + APP_LOG_HEADER_USED_OFFSET, app_log_used_size);
  148   1          app_log_write_u16(APP_LOG_HEADER_ADDR + APP_LOG_HEADER_SEQUENCE_OFFSET, app_log_sequence);
  149   1          app_log_write_u16(APP_LOG_HEADER_ADDR + APP_LOG_HEADER_CHECKSUM_OFFSET, checksum);
  150   1      }
  151          
  152          static void app_log_drop_reused_page(void)
  153          {
  154   1          if(app_log_used_size > APP_LOG_PAGE_SIZE_U16)
  155   1          {
  156   2              app_log_used_size = (uint16)(app_log_used_size - APP_LOG_PAGE_SIZE_U16);
  157   2          }
  158   1          else
  159   1          {
  160   2              app_log_used_size = 0U;
  161   2          }
  162   1      }
  163          
  164          static void app_log_prepare_write_page(void)
  165          {
  166   1          uint32 addr;
  167   1      
  168   1          if(0U != (app_log_write_offset % APP_LOG_PAGE_SIZE_U16))
  169   1          {
  170   2              return;
  171   2          }
  172   1      
  173   1          addr = app_log_data_addr(app_log_write_offset);
  174   1          if(APP_LOG_EMPTY_BYTE != iap_read_byte(addr))
  175   1          {
  176   2              iap_erase_page(addr);
  177   2              app_log_drop_reused_page();
  178   2          }
  179   1      }
  180          
  181          static void app_log_write_data_byte(uint8 value)
  182          {
  183   1          app_log_prepare_write_page();
  184   1          iap_write_byte(app_log_data_addr(app_log_write_offset), value);
  185   1      
  186   1          app_log_write_offset++;
C251 COMPILER V5.60.0,  app_log                                                            14/06/26  20:55:35  PAGE 4   

  187   1          if(app_log_write_offset >= APP_LOG_DATA_SIZE)
  188   1          {
  189   2              app_log_write_offset = 0U;
  190   2          }
  191   1      
  192   1          if(app_log_used_size < APP_LOG_DATA_SIZE)
  193   1          {
  194   2              app_log_used_size++;
  195   2          }
  196   1      }
  197          
  198          static void app_log_put_char(char *buffer, uint16 *index, char value)
  199          {
  200   1          if(*index < (APP_LOG_BUFFER_SIZE - 1U))
  201   1          {
  202   2              buffer[*index] = value;
  203   2              (*index)++;
  204   2          }
  205   1      }
  206          
  207          static void app_log_put_string(char *buffer, uint16 *index, const char *text)
  208          {
  209   1          if(NULL == text)
  210   1          {
  211   2              text = "(null)";
  212   2          }
  213   1      
  214   1          while('\0' != *text)
  215   1          {
  216   2              app_log_put_char(buffer, index, *text);
  217   2              text++;
  218   2          }
  219   1      }
  220          
  221          static void app_log_put_unsigned(char *buffer, uint16 *index, uint32 value, uint8 base, uint8 uppercase)
  222          {
  223   1          char temp[11];
  224   1          uint8 temp_index = 0U;
  225   1          const char *digits = uppercase ? "0123456789ABCDEF" : "0123456789abcdef";
  226   1      
  227   1          if(0UL == value)
  228   1          {
  229   2              app_log_put_char(buffer, index, '0');
  230   2              return;
  231   2          }
  232   1      
  233   1          while(0UL != value)
  234   1          {
  235   2              temp[temp_index] = digits[value % base];
  236   2              temp_index++;
  237   2              value /= base;
  238   2          }
  239   1      
  240   1          while(0U != temp_index)
  241   1          {
  242   2              temp_index--;
  243   2              app_log_put_char(buffer, index, temp[temp_index]);
  244   2          }
  245   1      }
  246          
  247          static void app_log_put_signed(char *buffer, uint16 *index, int32 value)
  248          {
  249   1          uint32 abs_value;
  250   1      
  251   1          if(0 > value)
  252   1          {
C251 COMPILER V5.60.0,  app_log                                                            14/06/26  20:55:35  PAGE 5   

  253   2              app_log_put_char(buffer, index, '-');
  254   2              abs_value = (uint32)(0 - value);
  255   2          }
  256   1          else
  257   1          {
  258   2              abs_value = (uint32)value;
  259   2          }
  260   1      
  261   1          app_log_put_unsigned(buffer, index, abs_value, 10U, 0U);
  262   1      }
  263          
  264          static uint32 app_log_get_scale(uint8 precision)
  265          {
  266   1          uint32 scale = 1UL;
  267   1      
  268   1          while(0U != precision)
  269   1          {
  270   2              scale *= 10UL;
  271   2              precision--;
  272   2          }
  273   1      
  274   1          return scale;
  275   1      }
  276          
  277          static void app_log_put_float(char *buffer, uint16 *index, double value, uint8 precision)
  278          {
  279   1          uint8 i;
  280   1          uint32 scale;
  281   1          uint32 integer_part;
  282   1          uint32 fraction_part;
  283   1          double fraction_value;
  284   1          uint32 divisor;
  285   1      
  286   1          if(precision > APP_LOG_FLOAT_MAX_PRECISION)
  287   1          {
  288   2              precision = APP_LOG_FLOAT_MAX_PRECISION;
  289   2          }
  290   1      
  291   1          if(0.0 > value)
  292   1          {
  293   2              app_log_put_char(buffer, index, '-');
  294   2              value = 0.0 - value;
  295   2          }
  296   1      
  297   1          integer_part = (uint32)value;
  298   1          scale = app_log_get_scale(precision);
  299   1          fraction_value = value - (double)integer_part;
  300   1          fraction_part = (uint32)((fraction_value * (double)scale) + 0.5);
  301   1      
  302   1          if(fraction_part >= scale)
  303   1          {
  304   2              integer_part++;
  305   2              fraction_part -= scale;
  306   2          }
  307   1      
  308   1          app_log_put_unsigned(buffer, index, integer_part, 10U, 0U);
  309   1      
  310   1          if(0U == precision)
  311   1          {
  312   2              return;
  313   2          }
  314   1      
  315   1          app_log_put_char(buffer, index, '.');
  316   1          divisor = scale / 10UL;
  317   1      
  318   1          for(i = 0U; i < precision; i++)
C251 COMPILER V5.60.0,  app_log                                                            14/06/26  20:55:35  PAGE 6   

  319   1          {
  320   2              app_log_put_char(buffer, index, (char)('0' + (fraction_part / divisor)));
  321   2              fraction_part %= divisor;
  322   2              divisor /= 10UL;
  323   2          }
  324   1      }
  325          
  326          static uint16 app_log_format(char *buffer, const char *format, va_list args)
  327          {
  328   1          char specifier;
  329   1          uint8 precision;
  330   1          uint16 index = 0U;
  331   1      
  332   1          while('\0' != *format)
  333   1          {
  334   2              if('%' != *format)
  335   2              {
  336   3                  app_log_put_char(buffer, &index, *format);
  337   3                  format++;
  338   3                  continue;
  339   3              }
  340   2      
  341   2              format++;
  342   2              if('\0' == *format)
  343   2              {
  344   3                  app_log_put_char(buffer, &index, '%');
  345   3                  break;
  346   3              }
  347   2      
  348   2              precision = APP_LOG_FLOAT_DEFAULT_PRECISION;
  349   2      
  350   2              if('%' == *format)
  351   2              {
  352   3                  app_log_put_char(buffer, &index, '%');
  353   3                  format++;
  354   3                  continue;
  355   3              }
  356   2      
  357   2              if('.' == *format)
  358   2              {
  359   3                  format++;
  360   3                  if(('0' <= *format) && ('9' >= *format))
  361   3                  {
  362   4                      precision = (uint8)(*format - '0');
  363   4                      if(precision > APP_LOG_FLOAT_MAX_PRECISION)
  364   4                      {
  365   5                          precision = APP_LOG_FLOAT_MAX_PRECISION;
  366   5                      }
  367   4                      format++;
  368   4                  }
  369   3                  else
  370   3                  {
  371   4                      app_log_put_char(buffer, &index, '%');
  372   4                      app_log_put_char(buffer, &index, '.');
  373   4                      continue;
  374   4                  }
  375   3              }
  376   2      
  377   2              if('\0' == *format)
  378   2              {
  379   3                  app_log_put_char(buffer, &index, '%');
  380   3                  break;
  381   3              }
  382   2      
  383   2              specifier = *format;
  384   2      
C251 COMPILER V5.60.0,  app_log                                                            14/06/26  20:55:35  PAGE 7   

  385   2              switch(specifier)
  386   2              {
  387   3                  case 'c':
  388   3                      app_log_put_char(buffer, &index, (char)va_arg(args, int));
  389   3                      break;
  390   3      
  391   3                  case 's':
  392   3                      app_log_put_string(buffer, &index, va_arg(args, char *));
  393   3                      break;
  394   3      
  395   3                  case 'd':
  396   3                  case 'i':
  397   3                      app_log_put_signed(buffer, &index, (int32)va_arg(args, int));
  398   3                      break;
  399   3      
  400   3                  case 'u':
  401   3                      app_log_put_unsigned(buffer, &index, (uint32)va_arg(args, unsigned int), 10U, 0U);
  402   3                      break;
  403   3      
  404   3                  case 'x':
  405   3                      app_log_put_unsigned(buffer, &index, (uint32)va_arg(args, unsigned int), 16U, 0U);
  406   3                      break;
  407   3      
  408   3                  case 'X':
  409   3                      app_log_put_unsigned(buffer, &index, (uint32)va_arg(args, unsigned int), 16U, 1U);
  410   3                      break;
  411   3      
  412   3                  case 'f':
  413   3                      app_log_put_float(buffer, &index, va_arg(args, double), precision);
  414   3                      break;
  415   3      
  416   3                  default:
  417   3                      app_log_put_char(buffer, &index, '%');
  418   3                      app_log_put_char(buffer, &index, specifier);
  419   3                      break;
  420   3              }
  421   2      
  422   2              if('\0' != *format)
  423   2              {
  424   3                  format++;
  425   3              }
  426   2          }
  427   1      
  428   1          buffer[index] = '\0';
  429   1          return index;
  430   1      }
  431          
  432          void app_log_init(void)
  433          {
  434   1          iap_init();
  435   1          app_log_load_header();
  436   1          app_log_ready = 1U;
  437   1      
  438   1          (void)service_packet_add_action("Rlog", Rlog, 0UL);
  439   1          (void)service_packet_add_action("Clog", Clog, 0UL);
  440   1      }
  441          
  442          uint32 Wlog(const char *format, ...)
  443          {
  444   1          uint16 length;
  445   1          uint16 i;
  446   1          va_list args;
  447   1      
  448   1          if((NULL == format) || (0U == app_log_ready))
  449   1          {
  450   2              return 0UL;
C251 COMPILER V5.60.0,  app_log                                                            14/06/26  20:55:35  PAGE 8   

  451   2          }
  452   1      
  453   1          va_start(args, format);
  454   1          length = app_log_format(app_log_buffer, format, args);
  455   1          va_end(args);
  456   1      
  457   1          for(i = 0U; i < length; i++)
  458   1          {
  459   2              app_log_write_data_byte((uint8)app_log_buffer[i]);
  460   2          }
  461   1      
  462   1          if(0U != length)
  463   1          {
  464   2              app_log_save_header();
  465   2          }
  466   1      
  467   1          return (uint32)length;
  468   1      }
  469          
  470          void Rlog(void)
  471          {
  472   1          uint16 remaining;
  473   1          uint16 read_offset;
  474   1          uint16 chunk_len;
  475   1          uint16 linear_left;
  476   1          uint16 i;
  477   1      
  478   1          if((0U == app_log_ready) || (0U == app_log_used_size))
  479   1          {
  480   2              return;
  481   2          }
  482   1      
  483   1          remaining = app_log_used_size;
  484   1          read_offset = (uint16)((app_log_write_offset + APP_LOG_DATA_SIZE - app_log_used_size) % APP_LOG_DATA_
             -SIZE);
  485   1      
  486   1          while(0U != remaining)
  487   1          {
  488   2              chunk_len = APP_LOG_READ_BUFFER_SIZE;
  489   2              if(chunk_len > remaining)
  490   2              {
  491   3                  chunk_len = remaining;
  492   3              }
  493   2      
  494   2              linear_left = (uint16)(APP_LOG_DATA_SIZE - read_offset);
  495   2              if(chunk_len > linear_left)
  496   2              {
  497   3                  chunk_len = linear_left;
  498   3              }
  499   2      
  500   2              for(i = 0U; i < chunk_len; i++)
  501   2              {
  502   3                  app_log_read_buffer[i] = iap_read_byte(app_log_data_addr(read_offset));
  503   3                  read_offset++;
  504   3              }
  505   2      
  506   2              if(read_offset >= APP_LOG_DATA_SIZE)
  507   2              {
  508   3                  read_offset = 0U;
  509   3              }
  510   2      
  511   2              (void)service_wireless_uart_send_buffer(app_log_read_buffer, (uint32)chunk_len);
  512   2              remaining = (uint16)(remaining - chunk_len);
  513   2          }
  514   1      }
  515          
C251 COMPILER V5.60.0,  app_log                                                            14/06/26  20:55:35  PAGE 9   

  516          void Clog(void)
  517          {
  518   1          uint32 addr;
  519   1      
  520   1          if(0U == app_log_ready)
  521   1          {
  522   2              iap_init();
  523   2              app_log_ready = 1U;
  524   2          }
  525   1      
  526   1          for(addr = APP_LOG_REGION_START_ADDR; addr < APP_LOG_REGION_LIMIT_ADDR; addr += APP_LOG_PAGE_SIZE)
  527   1          {
  528   2              iap_erase_page(addr);
  529   2          }
  530   1      
  531   1          app_log_reset_state();
  532   1      }


Module Information          Static   Overlayable
------------------------------------------------
  code size            =    ------     ------
  ecode size           =      4749     ------
  data size            =    ------     ------
  idata size           =    ------     ------
  pdata size           =    ------     ------
  xdata size           =       454     ------
  xdata-const size     =    ------     ------
  edata size           =    ------     ------
  bit size             =    ------     ------
  ebit size            =    ------     ------
  bitaddressable size  =    ------     ------
  ebitaddressable size =    ------     ------
  far data size        =    ------     ------
  huge data size       =    ------     ------
  const size           =    ------     ------
  hconst size          =        78     ------
End of Module Information.


C251 COMPILATION COMPLETE.  0 WARNING(S),  0 ERROR(S)
