C251 COMPILER V5.60.0,  app_motion_postprocess                                             12/07/26  16:58:01  PAGE 1   


C251 COMPILER V5.60.0, COMPILATION OF MODULE app_motion_postprocess
OBJECT MODULE PLACED IN .\out_file\app_motion_postprocess.obj
COMPILER INVOKED BY: D:\APPs\Keil\C251\BIN\C251.EXE ..\L3_APP\app_motion_postprocess.c LARGE ROM(HUGE) WARNINGLEVEL(3) O
                    -PTIMIZE(0,SPEED) BROWSE INCDIR(..\..\libraries\zf_common;..\..\libraries\zf_components;..\..\libraries\zf_device;..\..\l
                    -ibraries\zf_driver;..\user;..\code;..\L0_SYS;..\L1_BSP;..\L2_SERVICE;..\L3_APP;..\LL_Shared_Source;..\..\libraries\zf_co
                    -mponents\stc32g_usb_lib;..\..\libraries\zf_components\seekfree_assistant) DEBUG PRINT(.\out_file\app_motion_postprocess.
                    -lst) TABS(2) OBJECT(.\out_file\app_motion_postprocess.obj) 

stmt  level    source

    1          #include "zf_common_headfile.h"
    2          #include "sys_tfpu.h"
    3          #include "shared_lpf.h"
    4          #include "shared_pos_pid.h"
    5          #include "service_imu.h"
    6          #include "service_packet.h"
    7          #include "app_element.h"
    8          #include "app_feedforward.h"
    9          #include "app_motion_preprocess.h"
   10          #include "app_speed_plan.h"
   11          #include "app_speedout.h"
   12          #include "app_scheduler.h"
   13          #include "app_motion_postprocess.h"
   14          
   15          #define APP_MOTION_POSTPROCESS_PACKET_SINGLE_COUNT     (1U)
   16          #define APP_MOTION_POSTPROCESS_DEFAULT_KP              (0.25f)
   17          #define APP_MOTION_POSTPROCESS_DEFAULT_KI              (0.0f)
   18          #define APP_MOTION_POSTPROCESS_DEFAULT_KD              (0.00005f)
   19          #define APP_MOTION_POSTPROCESS_DEFAULT_INTEGRAL_LIMIT  (1.2f)
   20          #define APP_MOTION_POSTPROCESS_DEFAULT_OUTPUT_LIMIT    (5.0f)
   21          #define APP_MOTION_POSTPROCESS_DEFAULT_ENABLE          (1.0f)
   22          #define APP_MOTION_POSTPROCESS_DEFAULT_RATE_LIMIT      (0.0f)      // 角速度目标变化率限幅 rad/
             -s²，0表示关闭
   23          #define APP_MOTION_POSTPROCESS_GYRO_LPF_ALPHA_DEFAULT  (0.5f)
   24          #define APP_MOTION_POSTPROCESS_ENABLE_THRESHOLD        (0.5f)
   25          #define APP_MOTION_POSTPROCESS_DT_SECOND               ((float)APP_MOTION_POSTPROCESS_PERIOD_MS / 1000.0f
             -)
   26          #define APP_MOTION_POSTPROCESS_DEG_TO_RAD              (0.0174532925f)
   27          #define APP_MOTION_POSTPROCESS_LEFT_STRAIGHT_SIGN      (1.0f)
   28          #define APP_MOTION_POSTPROCESS_RIGHT_STRAIGHT_SIGN     (1.0f)
   29          #define APP_MOTION_POSTPROCESS_DIFF_HALF               (0.5f)
   30          #define APP_MOTION_POSTPROCESS_FEEDFORWARD_SIGN        (-1.0f)
   31          #define APP_MOTION_POSTPROCESS_GYRO_TASK_ID            (1U)
   32          #define APP_MOTION_POSTPROCESS_GYRO_TASK_PRIORITY      (10U)
   33          #define APP_MOTION_POSTPROCESS_GYRO_PERIOD_MS          (1U)
   34          #define APP_MOTION_POSTPROCESS_SEESAW_MPS              (1.6f)
   35          
   36          app_motion_postprocess_config_t app_motion_postprocess_config =
   37          {
   38              APP_MOTION_POSTPROCESS_DEFAULT_KP,
   39              APP_MOTION_POSTPROCESS_DEFAULT_KI,
   40              APP_MOTION_POSTPROCESS_DEFAULT_KD,
   41              APP_MOTION_POSTPROCESS_DEFAULT_INTEGRAL_LIMIT,
   42              APP_MOTION_POSTPROCESS_DEFAULT_OUTPUT_LIMIT,
   43              APP_MOTION_POSTPROCESS_DEFAULT_ENABLE,
   44              APP_MOTION_POSTPROCESS_DEFAULT_RATE_LIMIT
   45          };
   46          
   47          static volatile app_motion_postprocess_data_t motion_postprocess_data =
   48          {
   49              0.0f, 0.0f, 0.0f, 0.0f, 0.0f, 0.0f,
   50              0.0f, 0.0f, 0.0f, 0.0f, 0.0f, 0.0f
   51          };
   52          
   53          static shared_pos_pid_t motion_postprocess_yaw_pid;
C251 COMPILER V5.60.0,  app_motion_postprocess                                             12/07/26  16:58:01  PAGE 2   

   54          static shared_lpf_t motion_postprocess_gyro_z_lpf;
   55          static volatile float motion_postprocess_gyro_z_filtered = 0.0f;
   56          static uint8 motion_postprocess_last_enabled = 0U;
   57          static float motion_post_target_yaw_rate_override = 0.0f;
   58          static float motion_postprocess_rate_limited_yaw_rate = 0.0f;
   59          static uint8 motion_postprocess_rate_limit_ready = 0U;
   60          
   61          static void app_motion_postprocess_task(void);
   62          static void app_motion_postprocess_restart_pid(void);
   63          static void app_motion_postprocess_gyro_task(void);
   64          
   65          static float app_motion_postprocess_output_limit(void)
   66          {
   67   1          if(0.0f < app_motion_postprocess_config.output_limit)
   68   1          {
   69   2              return app_motion_postprocess_config.output_limit;
   70   2          }
   71   1      
   72   1          return APP_MOTION_POSTPROCESS_DEFAULT_OUTPUT_LIMIT;
   73   1      }
   74          
   75          static void app_motion_postprocess_sync_pid(void)
   76          {
   77   1          float output_limit;
   78   1          float integral_limit;
   79   1      
   80   1          output_limit = app_motion_postprocess_output_limit();
   81   1          integral_limit = app_motion_postprocess_config.integral_limit;
   82   1      
   83   1          motion_postprocess_yaw_pid.kp = app_motion_postprocess_config.kp;
   84   1          motion_postprocess_yaw_pid.ki = app_motion_postprocess_config.ki;
   85   1          motion_postprocess_yaw_pid.kd = app_motion_postprocess_config.kd;
   86   1          motion_postprocess_yaw_pid.output_limit_enable = ZF_ENABLE;
   87   1          motion_postprocess_yaw_pid.output_min = tfpu_sub(0.0f, output_limit);
   88   1          motion_postprocess_yaw_pid.output_max = output_limit;
   89   1          motion_postprocess_yaw_pid.integral_limit_enable = (0.0f < integral_limit) ? ZF_ENABLE : ZF_DISABLE;
   90   1          motion_postprocess_yaw_pid.integral_min = tfpu_sub(0.0f, integral_limit);
   91   1          motion_postprocess_yaw_pid.integral_max = integral_limit;
   92   1          motion_postprocess_yaw_pid.delta_limit_enable = ZF_DISABLE;
   93   1          motion_postprocess_yaw_pid.delta_min = 0.0f;
   94   1          motion_postprocess_yaw_pid.delta_max = 0.0f;
   95   1          motion_postprocess_yaw_pid.deadband = 0.0f;
   96   1          motion_postprocess_yaw_pid.setpoint_rate = 0.0f;
   97   1          motion_postprocess_yaw_pid.integral_separation = 0.0f;
   98   1          motion_postprocess_yaw_pid.conditional_integral_enable = ZF_ENABLE;
   99   1          motion_postprocess_yaw_pid.direction = SHARED_POS_PID_DIRECTION_REVERSE;
  100   1          motion_postprocess_yaw_pid.derivative_mode = SHARED_POS_PID_DERIVATIVE_ON_FEEDBACK;
  101   1      }
  102          
  103          static void app_motion_postprocess_clear_pid(void)
  104          {
  105   1          app_motion_postprocess_sync_pid();
  106   1          shared_pos_pid_reset(&motion_postprocess_yaw_pid, 0.0f);
  107   1      }
  108          
  109          static void app_motion_postprocess_restart_pid(void)
  110          {
  111   1          uint8 ea_backup;
  112   1      
  113   1          ea_backup = EA;
  114   1          EA = 0;
  115   1          app_motion_postprocess_sync_pid();
  116   1          shared_pos_pid_restart(&motion_postprocess_yaw_pid);
  117   1          EA = ea_backup;
  118   1      }
  119          
C251 COMPILER V5.60.0,  app_motion_postprocess                                             12/07/26  16:58:01  PAGE 3   

  120          static void app_motion_postprocess_register_packet(void)
  121          {
  122   1          (void)service_packet_add_variable_with_callback("motion_post_kp",
  123   1                  &app_motion_postprocess_config.kp, APP_MOTION_POSTPROCESS_PACKET_SINGLE_COUNT,
  124   1                  app_motion_postprocess_restart_pid);
  125   1          (void)service_packet_add_variable_with_callback("motion_post_ki",
  126   1                  &app_motion_postprocess_config.ki, APP_MOTION_POSTPROCESS_PACKET_SINGLE_COUNT,
  127   1                  app_motion_postprocess_restart_pid);
  128   1          (void)service_packet_add_variable_with_callback("motion_post_kd",
  129   1                  &app_motion_postprocess_config.kd, APP_MOTION_POSTPROCESS_PACKET_SINGLE_COUNT,
  130   1                  app_motion_postprocess_restart_pid);
  131   1          (void)service_packet_add_variable_with_callback("motion_post_integral_limit",
  132   1                  &app_motion_postprocess_config.integral_limit, APP_MOTION_POSTPROCESS_PACKET_SINGLE_COUNT,
  133   1                  app_motion_postprocess_restart_pid);
  134   1          (void)service_packet_add_variable_with_callback("motion_post_output_limit",
  135   1                  &app_motion_postprocess_config.output_limit, APP_MOTION_POSTPROCESS_PACKET_SINGLE_COUNT,
  136   1                  app_motion_postprocess_restart_pid);
  137   1          (void)service_packet_add_variable("motion_post_enable",
  138   1                  &app_motion_postprocess_config.enable, APP_MOTION_POSTPROCESS_PACKET_SINGLE_COUNT);
  139   1          (void)service_packet_add_variable("motion_post_target_yaw_rate",
  140   1                  &motion_post_target_yaw_rate_override, APP_MOTION_POSTPROCESS_PACKET_SINGLE_COUNT);
  141   1          (void)service_packet_add_variable("motion_post_rate_limit",
  142   1                  &app_motion_postprocess_config.rate_limit, APP_MOTION_POSTPROCESS_PACKET_SINGLE_COUNT);
  143   1      }
  144          
  145          static void app_motion_postprocess_publish(app_motion_postprocess_data_t *output)
  146          {
  147   1          uint8 ea_backup;
  148   1      
  149   1          if(NULL == output)
  150   1          {
  151   2              return;
  152   2          }
  153   1      
  154   1          ea_backup = EA;
  155   1          EA = 0;
  156   1          motion_postprocess_data = *output;
  157   1          EA = ea_backup;
  158   1      }
  159          
  160          static void app_motion_postprocess_gyro_task(void)
  161          {
  162   1          service_imu_gyro_t gyro;
  163   1          uint8 ea_backup;
  164   1      
  165   1          service_imu_read_gyro(&gyro);
  166   1      
  167   1          ea_backup = EA;
  168   1          EA = 0;
  169   1          motion_postprocess_gyro_z_filtered = shared_lpf_update(&motion_postprocess_gyro_z_lpf, gyro.gyro_z);
  170   1          EA = ea_backup;
  171   1          app_element_imu_task(&gyro);
  172   1      }
  173          
  174          void app_motion_postprocess_init(void)
  175          {
  176   1          service_imu_gyro_t gyro;
  177   1          app_motion_postprocess_data_t output;
  178   1      
  179   1          service_imu_read_gyro(&gyro);
  180   1          shared_lpf_init(&motion_postprocess_gyro_z_lpf,
  181   1                  APP_MOTION_POSTPROCESS_GYRO_LPF_ALPHA_DEFAULT,
  182   1                  gyro.gyro_z);
  183   1          motion_postprocess_gyro_z_filtered = gyro.gyro_z;
  184   1          app_element_imu_task(&gyro);
  185   1          app_motion_postprocess_sync_pid();
C251 COMPILER V5.60.0,  app_motion_postprocess                                             12/07/26  16:58:01  PAGE 4   

  186   1          shared_pos_pid_init(&motion_postprocess_yaw_pid);
  187   1          motion_postprocess_last_enabled =
  188   1                  (app_motion_postprocess_config.enable >= APP_MOTION_POSTPROCESS_ENABLE_THRESHOLD) ? 1U : 0U;
  189   1      
  190   1          output.raw_error = 0.0f;
  191   1          output.feedforward = 0.0f;
  192   1          output.processed_error = 0.0f;
  193   1          output.linear_mps = 0.0f;
  194   1          output.target_yaw_rate_radps = 0.0f;
  195   1          output.actual_yaw_rate_radps = 0.0f;
  196   1          output.target_differential_speed = 0.0f;
  197   1          output.load_left = 0.0f;
  198   1          output.load_right = 0.0f;
  199   1          output.left_target_mps = 0.0f;
  200   1          output.right_target_mps = 0.0f;
  201   1          output.enabled = (0U != motion_postprocess_last_enabled) ? 1.0f : 0.0f;
  202   1          app_motion_postprocess_publish(&output);
  203   1      
  204   1          app_motion_postprocess_register_packet();
  205   1          (void)app_scheduler_add(APP_MOTION_POSTPROCESS_GYRO_TASK_ID,
  206   1                  app_motion_postprocess_gyro_task,
  207   1                  APP_MOTION_POSTPROCESS_GYRO_TASK_PRIORITY,
  208   1                  APP_MOTION_POSTPROCESS_GYRO_PERIOD_MS);
  209   1          app_motion_postprocess_task();
  210   1          pit_ms_init(APP_MOTION_POSTPROCESS_PIT,
  212   1                  APP_MOTION_POSTPROCESS_PERIOD_MS,
  212   1                  app_motion_postprocess_task);
  213   1      }
  214          
  215          void app_motion_postprocess_get_data(app_motion_postprocess_data_t *out_data)
  216          {
  217   1          uint8 ea_backup;
  218   1      
  219   1          if(NULL == out_data)
  220   1          {
  221   2              return;
  222   2          }
  223   1      
  224   1          ea_backup = EA;
  225   1          EA = 0;
  226   1          *out_data = motion_postprocess_data;
  227   1          EA = ea_backup;
  228   1      }
  229          
  230          static void app_motion_postprocess_task(void)
  231          {
  232   1          uint8 enabled;
  233   1          float raw_error;
  234   1          float processed_error;
  235   1          float static_feedforward_speed;
  236   1          float feedback_yaw_rate_radps;
  237   1          float feedforward_differential_speed;
  238   1          float feedback_differential_speed;
  239   1          float linear_mps;
  240   1          float target_yaw_rate_radps;
  241   1          float actual_yaw_rate_radps;
  242   1          float gyro_z;
  243   1          float target_differential_speed;
  244   1          float half_differential_speed;
  245   1          app_motion_preprocess_data_t motion_preprocess;
  246   1          app_feedforward_data_t feedforward;
  247   1          app_motion_postprocess_data_t output;
  248   1      
  249   1          app_motion_preprocess_get_data(&motion_preprocess);
  250   1          app_feedforward_get_data(&feedforward);
  251   1          gyro_z = motion_postprocess_gyro_z_filtered;
C251 COMPILER V5.60.0,  app_motion_postprocess                                             12/07/26  16:58:01  PAGE 5   

  252   1      
  253   1          raw_error = motion_preprocess.line_error;
  254   1          processed_error = raw_error;
  255   1          static_feedforward_speed = feedforward.feedforward;
  256   1          linear_mps = app_speed_plan_get_linear_mps();
  257   1          feedback_yaw_rate_radps = tfpu_mul(app_motion_preprocess_config.yaw_rate_gain, raw_error);
  258   1      
  259   1          /* 角速度目标变化率限幅 */
  260   1          if((app_motion_postprocess_config.rate_limit > 0.0f) && (0U != motion_postprocess_rate_limit_ready))
  261   1          {
  262   2              float max_delta = tfpu_mul(app_motion_postprocess_config.rate_limit,
  263   2                      APP_MOTION_POSTPROCESS_DT_SECOND);
  264   2              float delta = tfpu_sub(feedback_yaw_rate_radps, motion_postprocess_rate_limited_yaw_rate);
  265   2      
  266   2              if(delta > max_delta)
  267   2              {
  268   3                  delta = max_delta;
  269   3              }
  270   2              else if(delta < -max_delta)
  271   2              {
  272   3                  delta = -max_delta;
  273   3              }
  274   2      
  275   2              feedback_yaw_rate_radps = tfpu_add(motion_postprocess_rate_limited_yaw_rate, delta);
  276   2          }
  277   1          motion_postprocess_rate_limited_yaw_rate = feedback_yaw_rate_radps;
  278   1          motion_postprocess_rate_limit_ready = 1U;
  279   1      
  280   1          feedforward_differential_speed = tfpu_mul(APP_MOTION_POSTPROCESS_FEEDFORWARD_SIGN,
  281   1                  static_feedforward_speed);
  282   1          actual_yaw_rate_radps = tfpu_mul(gyro_z, APP_MOTION_POSTPROCESS_DEG_TO_RAD);
  283   1      
  284   1          /* 圆筒元素：限制PID设定点并关闭前馈 */
  285   1          {
  286   2              app_element_data_t element;
  287   2              app_element_get_data(&element);
  288   2              if((APP_ELEMENT_TYPE_CYLINDER == element.type) && (element.active >= 0.5f))
  289   2              {
  290   3                  float limit = APP_ELEMENT_CYLINDER_YAW_LIMIT;
  291   3                  if(feedback_yaw_rate_radps > limit)
  292   3                  {
  293   4                      feedback_yaw_rate_radps = limit;
  294   4                  }
  295   3                  else if(feedback_yaw_rate_radps < -limit)
  296   3                  {
  297   4                      feedback_yaw_rate_radps = -limit;
  298   4                  }
  299   3      
  300   3                  static_feedforward_speed = 0.0f;
  301   3              }
  302   2              /* 跷跷板元素：锁定差速 + 降速 */
  303   2              if((APP_ELEMENT_TYPE_SEESAW == element.type) && (element.active >= 0.5f))
  304   2              {
  305   3                  feedback_yaw_rate_radps = 0.0f;
  306   3                  static_feedforward_speed = 0.0f;
  307   3                  linear_mps = APP_MOTION_POSTPROCESS_SEESAW_MPS;
  308   3              }
  309   2          }
  310   1      
  311   1          target_yaw_rate_radps = feedback_yaw_rate_radps;
  312   1      
  313   1          /* 环岛元素：角速度偏置融合 */
  314   1          if(0U != app_element_roundabout_bias_active)
  315   1          {
  316   2              target_yaw_rate_radps = tfpu_add(target_yaw_rate_radps,
  317   2                      tfpu_mul(APP_ELEMENT_ROUNDABOUT_BIAS_BLEND, app_element_roundabout_bias_yaw_radps));
C251 COMPILER V5.60.0,  app_motion_postprocess                                             12/07/26  16:58:01  PAGE 6   

  318   2              feedback_yaw_rate_radps = target_yaw_rate_radps;
  319   2          }
  320   1          enabled = (app_motion_postprocess_config.enable >= APP_MOTION_POSTPROCESS_ENABLE_THRESHOLD) ? 1U : 0U
             -;
  321   1      
  322   1          if(0U == enabled)
  323   1          {
  324   2              if(0U != motion_postprocess_last_enabled)
  325   2              {
  326   3                  app_motion_postprocess_clear_pid();
  327   3              }
  328   2              feedback_differential_speed = 0.0f;
  329   2              target_differential_speed = 0.0f;
  330   2              motion_postprocess_last_enabled = 0U;
  331   2              motion_postprocess_rate_limit_ready = 0U;
  332   2          }
  333   1          else
  334   1          {
  335   2              app_motion_postprocess_sync_pid();
  336   2              feedback_differential_speed = shared_pos_pid_update(&motion_postprocess_yaw_pid,
  337   2                      feedback_yaw_rate_radps, actual_yaw_rate_radps, APP_MOTION_POSTPROCESS_DT_SECOND);
  338   2              target_differential_speed = tfpu_add(feedback_differential_speed, feedforward_differential_speed)
             -;
  339   2              motion_postprocess_last_enabled = 1U;
  340   2          }
  341   1      
  342   1          half_differential_speed = tfpu_mul(target_differential_speed, APP_MOTION_POSTPROCESS_DIFF_HALF);
  343   1      
  344   1          output.raw_error = raw_error;
  345   1          output.feedforward = feedforward_differential_speed;
  346   1          output.processed_error = processed_error;
  347   1          output.linear_mps = linear_mps;
  348   1          output.target_yaw_rate_radps = target_yaw_rate_radps;
  349   1          output.actual_yaw_rate_radps = actual_yaw_rate_radps;
  350   1          output.target_differential_speed = target_differential_speed;
  351   1          output.load_left = half_differential_speed;
  352   1          output.load_right = tfpu_sub(0.0f, half_differential_speed);
  353   1          output.left_target_mps = tfpu_add(tfpu_mul(APP_MOTION_POSTPROCESS_LEFT_STRAIGHT_SIGN, linear_mps),
  354   1                  output.load_left);
  355   1          output.right_target_mps = tfpu_add(tfpu_mul(APP_MOTION_POSTPROCESS_RIGHT_STRAIGHT_SIGN, linear_mps),
  356   1                  output.load_right);
  357   1          output.enabled = (0U != enabled) ? 1.0f : 0.0f;
  358   1      
  359   1          app_speedout_set_target(output.left_target_mps, output.right_target_mps);
  360   1          app_motion_postprocess_publish(&output);
  361   1      
  362   1          {
  363   2              static uint16 print_tick = 0U;
  364   2              print_tick++;
  365   2              if(print_tick >= 200U)
  366   2              {
  367   3                  print_tick = 0U;
  368   3                  printf("%.3f,%.3f,%.3f,%.3f\r\n", raw_error,
  369   3                          target_yaw_rate_radps, actual_yaw_rate_radps,
  370   3                          feedforward_differential_speed);
  371   3              }
  372   2          }
  373   1      }


Module Information          Static   Overlayable
------------------------------------------------
  code size            =    ------     ------
  ecode size           =      2801     ------
  data size            =    ------     ------
  idata size           =    ------     ------
  pdata size           =    ------     ------
C251 COMPILER V5.60.0,  app_motion_postprocess                                             12/07/26  16:58:01  PAGE 7   

  xdata size           =       426     ------
  xdata-const size     =    ------     ------
  edata size           =    ------     ------
  bit size             =    ------     ------
  ebit size            =    ------     ------
  bitaddressable size  =    ------     ------
  ebitaddressable size =    ------     ------
  far data size        =    ------     ------
  huge data size       =    ------     ------
  const size           =    ------     ------
  hconst size          =       321     ------
End of Module Information.


C251 COMPILATION COMPLETE.  0 WARNING(S),  0 ERROR(S)
