C251 COMPILER V5.60.0,  app_battery_guard                                                  07/08/26  18:38:53  PAGE 1   


C251 COMPILER V5.60.0, COMPILATION OF MODULE app_battery_guard
OBJECT MODULE PLACED IN .\out_file\app_battery_guard.obj
COMPILER INVOKED BY: D:\C251keil\C251\BIN\C251.EXE ..\L3_APP\app_battery_guard.c LARGE ROM(HUGE) WARNINGLEVEL(3) OPTIMIZ
                    -E(0,SPEED) BROWSE INCDIR(..\..\libraries\zf_common;..\..\libraries\zf_components;..\..\libraries\zf_device;..\..\librari
                    -es\zf_driver;..\user;..\code;..\L0_SYS;..\L1_BSP;..\L2_SERVICE;..\L3_APP;..\LL_Shared_Source;..\..\libraries\zf_componen
                    -ts\stc32g_usb_lib;..\..\libraries\zf_components\seekfree_assistant) DEBUG PRINT(.\out_file\app_battery_guard.lst) OBJECT
                    -(.\out_file\app_battery_guard.obj) 

stmt  level    source

    1          #include "zf_common_headfile.h"
    2          #include "service_batterycheck.h"
    3          #include "service_timetick.h"
    4          #include "service_wireless_uart.h"
    5          #include "app_feedforward.h"
    6          #include "app_motion_postprocess.h"
    7          #include "app_speedout.h"
    8          #include "app_battery_guard.h"
    9          
   10          /* TIM9: TIM8 已被 UART8 波特率发生器占用, 不可用作 PIT */
   11          #define APP_BATTERY_GUARD_PIT                  TIM9_PIT
   12          #define APP_BATTERY_GUARD_PERIOD_MS            (10U)
   13          /* 欠压阈值 10.6V(等价 raw ≈ 1191), 比较的是发布链路的滤波后电压 */
   14          #define APP_BATTERY_GUARD_LOW_VOLTAGE          (10.4f)
   15          #define APP_BATTERY_GUARD_STARTUP_GRACE_TICK    (3000UL)
   16          #define APP_BATTERY_GUARD_MAX_SAMPLE_AGE_TICK   (1500UL)
   17          
   18          #define APP_BATTERY_GUARD_REASON_LOW_VOLTAGE    (1U)
   19          #define APP_BATTERY_GUARD_REASON_STALE_SAMPLE   (2U)
   20          
   21          static volatile uint8 battery_guard_triggered = 0U;
   22          static volatile uint8 battery_guard_report_pending = 0U;
   23          static volatile float battery_guard_trip_voltage = 0.0f;
   24          static volatile uint8 battery_guard_reason = 0U;
   25          static uint32 battery_guard_last_sequence = 0UL;
   26          static uint32 battery_guard_last_fresh_tick = 0UL;
   27          static uint32 battery_guard_start_tick = 0UL;
   28          static uint8 battery_guard_sample_seen = 0U;
   29          
   30          static void app_battery_guard_trip(float voltage, uint8 reason)
   31          {
   32   1          if(0U != battery_guard_triggered)
   33   1          {
   34   2              return;
   35   2          }
   36   1      
   37   1          battery_guard_triggered = 1U;
   38   1          battery_guard_trip_voltage = voltage;
   39   1          battery_guard_reason = reason;
   40   1          battery_guard_report_pending = 1U;
   41   1          /* An interlock cannot be overridden by a concurrent START command. */
   42   1          app_speedout_set_safety_inhibit(APP_SPEEDOUT_SAFETY_BATTERY);
   43   1      }
   44          
   45          /* The only safety decision and motor stop request live in a high-priority timer. */
   46          static void app_battery_guard_tick(void)
   47          {
   48   1          uint16 rawdata = 0U;
   49   1          uint32 sequence;
   50   1          uint32 now;
   51   1          float voltage;
   52   1      
   53   1          if(0U != battery_guard_triggered)
   54   1          {
   55   2              return;
C251 COMPILER V5.60.0,  app_battery_guard                                                  07/08/26  18:38:53  PAGE 2   

   56   2          }
   57   1      
   58   1          now = service_timetick_what();
   59   1          if(0U != service_batterycheck_get_raw_snapshot(&rawdata, &sequence))
   60   1          {
   61   2              if((0U == battery_guard_sample_seen) || (sequence != battery_guard_last_sequence))
   62   2              {
   63   3                  battery_guard_last_sequence = sequence;
   64   3                  battery_guard_last_fresh_tick = now;
   65   3                  battery_guard_sample_seen = 1U;
   66   3                  /* 使用发布链路的滤波后电压做欠压判断 */
   67   3                  voltage = service_batterycheck_get_filtered_voltage();
   68   3                  if(voltage < APP_BATTERY_GUARD_LOW_VOLTAGE)
   69   3                  {
   70   4                      app_battery_guard_trip(voltage, APP_BATTERY_GUARD_REASON_LOW_VOLTAGE);
   71   4                  }
   72   3                  return;
   73   3              }
   74   2          }
   75   1      
   76   1          if((0U == battery_guard_sample_seen) &&
   77   1                  ((uint32)(now - battery_guard_start_tick) >= APP_BATTERY_GUARD_STARTUP_GRACE_TICK))
   78   1          {
   79   2              app_battery_guard_trip(0.0f, APP_BATTERY_GUARD_REASON_STALE_SAMPLE);
   80   2          }
   81   1          else if((0U != battery_guard_sample_seen) &&
   82   1                  ((uint32)(now - battery_guard_last_fresh_tick) >= APP_BATTERY_GUARD_MAX_SAMPLE_AGE_TICK))
   83   1          {
   84   2              app_battery_guard_trip(0.0f, APP_BATTERY_GUARD_REASON_STALE_SAMPLE);
   85   2          }
   86   1      }
   87          
   88          void app_battery_guard_init(void)
   89          {
   90   1          battery_guard_triggered = 0U;
   91   1          battery_guard_report_pending = 0U;
   92   1          battery_guard_trip_voltage = 0.0f;
   93   1          battery_guard_reason = 0U;
   94   1          battery_guard_last_sequence = 0UL;
   95   1          battery_guard_last_fresh_tick = service_timetick_what();
   96   1          battery_guard_start_tick = battery_guard_last_fresh_tick;
   97   1          battery_guard_sample_seen = 0U;
   98   1          pit_ms_init(APP_BATTERY_GUARD_PIT, APP_BATTERY_GUARD_PERIOD_MS, app_battery_guard_tick);
   99   1          interrupt_set_priority(TIM9_IRQn, 3U);
  100   1      }
  101          
  102          void app_battery_guard_pump_events(void)
  103          {
  104   1          uint8 ea_backup;
  105   1          uint8 pending;
  106   1          uint8 reason;
  107   1          float voltage;
  108   1      
  109   1          ea_backup = EA;
  110   1          EA = 0;
  111   1          pending = battery_guard_report_pending;
  112   1          battery_guard_report_pending = 0U;
  113   1          reason = battery_guard_reason;
  114   1          voltage = battery_guard_trip_voltage;
  115   1          EA = ea_backup;
  116   1      
  117   1          if(0U == pending)
  118   1          {
  119   2              return;
  120   2          }
  121   1      
C251 COMPILER V5.60.0,  app_battery_guard                                                  07/08/26  18:38:53  PAGE 3   

  122   1          /* 有线报警 */
  123   1          printf("[battery_guard] alarm, reason=%u(%s), voltage=%.2fV\r\n",
  124   1                  (unsigned int)reason,
  125   1                  (APP_BATTERY_GUARD_REASON_LOW_VOLTAGE == reason) ? "low_voltage" : "stale_sample",
  126   1                  (double)voltage);
  127   1          /* 无线报警: reason 1=欠压 2=采样失效 */
  128   1          wprint("battery_alarm,1.000,%u,%.2f\r\n",
  129   1                  (unsigned int)reason, (double)voltage);
  130   1      }


Module Information          Static   Overlayable
------------------------------------------------
  code size            =    ------     ------
  ecode size           =       702     ------
  data size            =    ------     ------
  idata size           =    ------     ------
  pdata size           =    ------     ------
  xdata size           =        46     ------
  xdata-const size     =    ------     ------
  edata size           =    ------     ------
  bit size             =    ------     ------
  ebit size            =    ------     ------
  bitaddressable size  =    ------     ------
  ebitaddressable size =    ------     ------
  far data size        =    ------     ------
  huge data size       =    ------     ------
  const size           =    ------     ------
  hconst size          =       169     ------
End of Module Information.


C251 COMPILATION COMPLETE.  0 WARNING(S),  0 ERROR(S)
