C251 COMPILER V5.60.0,  app_odometer                                                       18/08/26  16:58:31  PAGE 1   


C251 COMPILER V5.60.0, COMPILATION OF MODULE app_odometer
OBJECT MODULE PLACED IN .\out_file\app_odometer.obj
COMPILER INVOKED BY: D:\C251keil\C251\BIN\C251.EXE ..\L3_APP\app_odometer.c LARGE ROM(HUGE) WARNINGLEVEL(3) OPTIMIZE(0,S
                    -PEED) BROWSE INCDIR(..\..\libraries\zf_common;..\..\libraries\zf_components;..\..\libraries\zf_device;..\..\libraries\zf
                    -_driver;..\user;..\code;..\L0_SYS;..\L1_BSP;..\L2_SERVICE;..\L3_APP;..\LL_Shared_Source;..\..\libraries\zf_components\st
                    -c32g_usb_lib;..\..\libraries\zf_components\seekfree_assistant) DEBUG PRINT(.\out_file\app_odometer.lst) OBJECT(.\out_fil
                    -e\app_odometer.obj) 

stmt  level    source

    1          #include "zf_common_headfile.h"
    2          #include "sys_tfpu.h"
    3          #include "service_speed.h"
    4          #include "service_packet.h"
    5          #include "service_wireless_uart.h"
    6          #include "app_odometer.h"
    7          
    8          /* 无线展示缓存: [0]=总里程  [1]=左轮里程  [2]=右轮里程 (单位 米) */
    9          #define APP_ODOMETER_VIEW_COUNT    (3U)
   10          
   11          static volatile float app_odometer_view[APP_ODOMETER_VIEW_COUNT] = {0.0f, 0.0f, 0.0f};
   12          
   13          void app_odometer_reset(void)
   14          {
   15   1          uint8 i;
   16   1          uint8 ea_backup;
   17   1      
   18   1          service_speed_odometer_reset();
   19   1          ea_backup = EA;
   20   1          EA = 0;
   21   1          for(i = 0; i < APP_ODOMETER_VIEW_COUNT; i++)
   22   1          {
   23   2              app_odometer_view[i] = 0.0f;
   24   2          }
   25   1          EA = ea_backup;
   26   1      }
   27          
   28          float app_odometer_get_total_m(void)
   29          {
   30   1          uint8 ea_backup;
   31   1          float total;
   32   1      
   33   1          ea_backup = EA;
   34   1          EA = 0;
   35   1          total = app_odometer_view[0];
   36   1          EA = ea_backup;
   37   1          return total;
   38   1      }
   39          
   40          /* 主循环周期调用: 从 service_speed 拷贝最新里程到无线展示缓存 */
   41          void app_odometer_task(void)
   42          {
   43   1          service_speed_data_t speed;
   44   1          uint8 ea_backup;
   45   1      
   46   1          service_speed_get(&speed);
   47   1          ea_backup = EA;
   48   1          EA = 0;
   49   1          app_odometer_view[0] = speed.odo_total_m;
   50   1          app_odometer_view[1] = speed.odo_left_m;
   51   1          app_odometer_view[2] = speed.odo_right_m;
   52   1          EA = ea_backup;
   53   1      }
   54          
   55          void app_odometer_init(void)
C251 COMPILER V5.60.0,  app_odometer                                                       18/08/26  16:58:31  PAGE 2   

   56          {
   57   1          (void)service_packet_add_variable("ODO",
   58   1                  (float *)app_odometer_view, APP_ODOMETER_VIEW_COUNT);
   59   1          (void)service_packet_add_action("odo_reset", app_odometer_reset, 0UL);
   60   1          #if __DBGFLAG__
   61   1          printf(">>[app_odometer_init]\r\n");
   62   1          wprint(">>[app_odometer_init]\r\n");
   63   1          #endif
   64   1      }


Module Information          Static   Overlayable
------------------------------------------------
  code size            =    ------     ------
  ecode size           =       306     ------
  data size            =    ------     ------
  idata size           =    ------     ------
  pdata size           =    ------     ------
  xdata size           =        40     ------
  xdata-const size     =    ------     ------
  edata size           =    ------     ------
  bit size             =    ------     ------
  ebit size            =    ------     ------
  bitaddressable size  =    ------     ------
  ebitaddressable size =    ------     ------
  far data size        =    ------     ------
  huge data size       =    ------     ------
  const size           =    ------     ------
  hconst size          =        55     ------
End of Module Information.


C251 COMPILATION COMPLETE.  0 WARNING(S),  0 ERROR(S)
