C251 COMPILER V5.60.0,  app_fuzzy_pid                                                      29/07/26  01:04:41  PAGE 1   


C251 COMPILER V5.60.0, COMPILATION OF MODULE app_fuzzy_pid
OBJECT MODULE PLACED IN .\out_file\app_fuzzy_pid.obj
COMPILER INVOKED BY: D:\C251keil\C251\BIN\C251.EXE ..\L3_APP\app_fuzzy_pid.c LARGE ROM(HUGE) WARNINGLEVEL(3) OPTIMIZE(8,
                    -SPEED) BROWSE INCDIR(..\..\libraries\zf_common;..\..\libraries\zf_components;..\..\libraries\zf_device;..\..\libraries\z
                    -f_driver;..\user;..\code;..\L0_SYS;..\L1_BSP;..\L2_SERVICE;..\L3_APP;..\LL_Shared_Source;..\..\libraries\zf_components\s
                    -tc32g_usb_lib;..\..\libraries\zf_components\seekfree_assistant) DEBUG PRINT(.\out_file\app_fuzzy_pid.lst) OBJECT(.\out_f
                    -ile\app_fuzzy_pid.obj) 

stmt  level    source

    1          #include "zf_common_headfile.h"
*** ERROR C52 IN LINE 83 OF ..\..\libraries\zf_driver\zf_driver_uart.h: use of undefined type 'UART_1'
*** ERROR C25 IN LINE 83 OF ..\..\libraries\zf_driver\zf_driver_uart.h: syntax error near '='
*** WARNING C34 IN LINE 84 OF ..\..\libraries\zf_driver\zf_driver_uart.h: 'UART_2': missing declaration specifiers
*** WARNING C34 IN LINE 85 OF ..\..\libraries\zf_driver\zf_driver_uart.h: 'UART_3': missing declaration specifiers
*** WARNING C34 IN LINE 86 OF ..\..\libraries\zf_driver\zf_driver_uart.h: 'UART_4': missing declaration specifiers
*** WARNING C34 IN LINE 87 OF ..\..\libraries\zf_driver\zf_driver_uart.h: 'UART_5': missing declaration specifiers
*** WARNING C34 IN LINE 88 OF ..\..\libraries\zf_driver\zf_driver_uart.h: 'UART_6': missing declaration specifiers
*** WARNING C34 IN LINE 89 OF ..\..\libraries\zf_driver\zf_driver_uart.h: 'UART_7': missing declaration specifiers
*** WARNING C34 IN LINE 90 OF ..\..\libraries\zf_driver\zf_driver_uart.h: 'UART_8': missing declaration specifiers
*** WARNING C34 IN LINE 91 OF ..\..\libraries\zf_driver\zf_driver_uart.h: 'UART_RESERVE': missing declaration specifiers
*** ERROR C25 IN LINE 92 OF ..\..\libraries\zf_driver\zf_driver_uart.h: syntax error near '}'
*** WARNING C34 IN LINE 157 OF ..\..\libraries\zf_driver\zf_driver_uart.h: 'buff': missing declaration specifiers
*** ERROR C25 IN LINE 157 OF ..\..\libraries\zf_driver\zf_driver_uart.h: syntax error near 'uint16'
*** WARNING C34 IN LINE 158 OF ..\..\libraries\zf_driver\zf_driver_uart.h: 'str': missing declaration specifiers
*** WARNING C34 IN LINE 159 OF ..\..\libraries\zf_driver\zf_driver_uart.h: 'buff': missing declaration specifiers
*** ERROR C25 IN LINE 159 OF ..\..\libraries\zf_driver\zf_driver_uart.h: syntax error near 'uint16'
*** WARNING C34 IN LINE 165 OF ..\..\libraries\zf_driver\zf_driver_uart.h: 'dat': missing declaration specifiers
*** WARNING C34 IN LINE 52 OF ..\..\libraries\zf_driver\zf_driver_spi.h: 'spi_dma_async_callback': missing declaration s
             -pecifiers
*** WARNING C34 IN LINE 173 OF ..\..\libraries\zf_driver\zf_driver_spi.h: 'dat': missing declaration specifiers
*** ERROR C25 IN LINE 173 OF ..\..\libraries\zf_driver\zf_driver_spi.h: syntax error near 'uint32'
*** WARNING C34 IN LINE 176 OF ..\..\libraries\zf_driver\zf_driver_spi.h: 'dat': missing declaration specifiers
*** ERROR C25 IN LINE 176 OF ..\..\libraries\zf_driver\zf_driver_spi.h: syntax error near 'uint32'
*** WARNING C34 IN LINE 179 OF ..\..\libraries\zf_driver\zf_driver_spi.h: 'dat': missing declaration specifiers
*** ERROR C25 IN LINE 179 OF ..\..\libraries\zf_driver\zf_driver_spi.h: syntax error near 'uint32'
*** WARNING C34 IN LINE 182 OF ..\..\libraries\zf_driver\zf_driver_spi.h: 'dat': missing declaration specifiers
*** ERROR C25 IN LINE 182 OF ..\..\libraries\zf_driver\zf_driver_spi.h: syntax error near 'uint32'
*** WARNING C34 IN LINE 185 OF ..\..\libraries\zf_driver\zf_driver_spi.h: 'dat': missing declaration specifiers
*** ERROR C25 IN LINE 185 OF ..\..\libraries\zf_driver\zf_driver_spi.h: syntax error near 'uint32'
*** WARNING C34 IN LINE 188 OF ..\..\libraries\zf_driver\zf_driver_spi.h: 'dat': missing declaration specifiers
*** ERROR C25 IN LINE 188 OF ..\..\libraries\zf_driver\zf_driver_spi.h: syntax error near 'uint32'
*** WARNING C34 IN LINE 191 OF ..\..\libraries\zf_driver\zf_driver_spi.h: 'dat': missing declaration specifiers
*** ERROR C25 IN LINE 191 OF ..\..\libraries\zf_driver\zf_driver_spi.h: syntax error near 'uint32'
*** ERROR C7 IN LINE 191 OF ..\..\libraries\zf_driver\zf_driver_spi.h: compilation aborted

C251 COMPILATION COMPLETE.  20 WARNING(S),  13 ERROR(S)
