C251 COMPILER V5.60.0,  app_boot_sequence                                                  17/07/26  07:41:01  PAGE 1   


C251 COMPILER V5.60.0, COMPILATION OF MODULE app_boot_sequence
OBJECT MODULE PLACED IN .\out_file\app_boot_sequence.obj
COMPILER INVOKED BY: D:\APPs\Keil\C251\BIN\C251.EXE ..\L3_APP\app_boot_sequence.c LARGE ROM(HUGE) WARNINGLEVEL(3) OPTIMI
                    -ZE(0,SPEED) BROWSE INCDIR(..\..\libraries\zf_common;..\..\libraries\zf_components;..\..\libraries\zf_device;..\..\librar
                    -ies\zf_driver;..\user;..\code;..\L0_SYS;..\L1_BSP;..\L2_SERVICE;..\L3_APP;..\LL_Shared_Source;..\..\libraries\zf_compone
                    -nts\stc32g_usb_lib;..\..\libraries\zf_components\seekfree_assistant) DEBUG PRINT(.\out_file\app_boot_sequence.lst) TABS(
                    -2) OBJECT(.\out_file\app_boot_sequence.obj) 

stmt  level    source

    1          #include "zf_common_headfile.h"
    2          #include "sys_tfpu.h"
    3          #include "service_timetick.h"
    4          #include "service_packet.h"
    5          #include "service_wireless_uart.h"
    6          #include "service_buzzer.h"
    7          #include "service_negative_pressure.h"
    8          #include "app_scheduler.h"
    9          #include "app_speedout.h"
   10          #include "app_motion_preprocess.h"
   11          #include "app_boot_sequence.h"
   12          
   13          #define APP_BOOT_TASK_ID                    (5U)
   14          #define APP_BOOT_TASK_PRIORITY              (1U)
   15          #define APP_BOOT_TASK_PERIOD_MS             (10U)
   16          #define APP_BOOT_TICKS_PER_MS               (10UL)
   17          
   18          #define APP_BOOT_BEEP_MS                    (500UL)
   19          #define APP_BOOT_WAIT_MS                    (2000UL)
   20          #define APP_BOOT_PRESSURE_PERCENT           (60U)
   21          #define APP_BOOT_PRESSURE_DELAY_MS          (2000UL)
   22          
   23          #define APP_BOOT_START_WAIT_MS              (35000UL)
   24          #define APP_BOOT_START_PRESSURE_BUILD_MS    (5000UL)
   25          
   26          #define APP_BOOT_BEEP_TICKS                 (APP_BOOT_BEEP_MS * APP_BOOT_TICKS_PER_MS)
   27          #define APP_BOOT_WAIT_TICKS                 (APP_BOOT_WAIT_MS * APP_BOOT_TICKS_PER_MS)
   28          #define APP_BOOT_PRESSURE_DELAY_TICKS       (APP_BOOT_PRESSURE_DELAY_MS * APP_BOOT_TICKS_PER_MS)
   29          #define APP_BOOT_START_WAIT_TICKS           (APP_BOOT_START_WAIT_MS * APP_BOOT_TICKS_PER_MS)
   30          #define APP_BOOT_START_PRESSURE_BUILD_TICKS (APP_BOOT_START_PRESSURE_BUILD_MS * APP_BOOT_TICKS_PER_MS)
   31          
   32          #define APP_BOOT_STATE_IDLE                 (0U)
   33          #define APP_BOOT_STATE_BEEP                 (1U)
   34          #define APP_BOOT_STATE_WAIT                 (2U)
   35          #define APP_BOOT_STATE_PRESSURE             (3U)
   36          #define APP_BOOT_STATE_DONE                 (4U)
   37          #define APP_BOOT_STATE_ABORTED              (5U)
   38          #define APP_BOOT_STATE_START_WAIT           (6U)
   39          #define APP_BOOT_STATE_START_PRESSURE       (7U)
   40          
   41          static uint8 boot_state = APP_BOOT_STATE_IDLE;
   42          static uint32 boot_state_tick = 0U;
   43          static volatile uint8 boot_stop_received = 0U;
   44          
   45          static void app_boot_stop_handler(void)
   46          {
   47   1          app_speedout_stop();
   48   1          service_negative_pressure_set_percent(0U);
   49   1          boot_stop_received = 1U;
   50   1          wprint("stop,0.000\r\n");
   51   1      }
   52          
   53          static void app_boot_start_handler(void)
   54          {
   55   1          app_speedout_stop();
C251 COMPILER V5.60.0,  app_boot_sequence                                                  17/07/26  07:41:01  PAGE 2   

   56   1          service_negative_pressure_set_percent(0U);
   57   1          boot_stop_received = 0U;
   58   1          boot_state = APP_BOOT_STATE_START_WAIT;
   59   1          boot_state_tick = service_timetick_what();
   60   1          service_buzzer_beep_ms(200U);
   61   1          wprint("start_delay,1.000\r\n");
   62   1      }
   63          
   64          static void app_boot_task(void)
   65          {
   66   1          uint32 now;
   67   1      
   68   1          if((APP_BOOT_STATE_DONE == boot_state) || (APP_BOOT_STATE_ABORTED == boot_state))
   69   1          {
   70   2              return;
   71   2          }
   72   1      
   73   1          if(0U != boot_stop_received)
   74   1          {
   75   2              boot_state = APP_BOOT_STATE_ABORTED;
   76   2              wprint("boot_abort,1.000\r\n");
   77   2              return;
   78   2          }
   79   1      
   80   1          now = service_timetick_what();
   81   1      
   82   1          switch(boot_state)
   83   1          {
   84   2              case APP_BOOT_STATE_BEEP:
   85   2                  if((uint32)(now - boot_state_tick) >= APP_BOOT_BEEP_TICKS)
   86   2                  {
   87   3                      boot_state = APP_BOOT_STATE_WAIT;
   88   3                      boot_state_tick = now;
   89   3                      wprint("boot_wait,1.000\r\n");
   90   3                  }
   91   2                  break;
   92   2      
   93   2              case APP_BOOT_STATE_WAIT:
   94   2                  if((uint32)(now - boot_state_tick) >= APP_BOOT_WAIT_TICKS)
   95   2                  {
   96   3                      service_negative_pressure_set_percent(APP_BOOT_PRESSURE_PERCENT);
   97   3                      boot_state = APP_BOOT_STATE_PRESSURE;
   98   3                      boot_state_tick = now;
   99   3                      wprint("boot_pressure,1.000\r\n");
  100   3                  }
  101   2                  break;
  102   2      
  103   2              case APP_BOOT_STATE_PRESSURE:
  104   2                  if((uint32)(now - boot_state_tick) >= APP_BOOT_PRESSURE_DELAY_TICKS)
  105   2                  {
  106   3                      app_speedout_start();
  107   3                      boot_state = APP_BOOT_STATE_DONE;
  108   3                      wprint("boot_drive,1.000\r\n");
  109   3                  }
  110   2                  break;
  111   2      
  112   2              case APP_BOOT_STATE_START_WAIT:
  113   2                  if((uint32)(now - boot_state_tick) >= APP_BOOT_START_WAIT_TICKS)
  114   2                  {
  115   3                      service_negative_pressure_set_percent(APP_BOOT_PRESSURE_PERCENT);
  116   3                      boot_state = APP_BOOT_STATE_START_PRESSURE;
  117   3                      boot_state_tick = now;
  118   3                      wprint("start_pressure,1.000\r\n");
  119   3                  }
  120   2                  break;
  121   2      
C251 COMPILER V5.60.0,  app_boot_sequence                                                  17/07/26  07:41:01  PAGE 3   

  122   2              case APP_BOOT_STATE_START_PRESSURE:
  123   2                  if((uint32)(now - boot_state_tick) >= APP_BOOT_START_PRESSURE_BUILD_TICKS)
  124   2                  {
  125   3                      app_speedout_start();
  126   3                      boot_state = APP_BOOT_STATE_DONE;
  127   3                      wprint("start_drive,1.000\r\n");
  128   3                  }
  129   2                  break;
  130   2      
  131   2              default:
  132   2                  break;
  133   2          }
  134   1      }
  135          
  136          void app_boot_sequence_init(void)
  137          {
  138   1          service_negative_pressure_set_percent(0U);
  139   1          service_buzzer_beep_ms(APP_BOOT_BEEP_MS);
  140   1      
  141   1          boot_stop_received = 0U;
  142   1          boot_state = APP_BOOT_STATE_BEEP;
  143   1          boot_state_tick = service_timetick_what();
  144   1      
  145   1          (void)service_packet_add_action("stop", app_boot_stop_handler, 0UL);
  146   1          (void)service_packet_add_action("start", app_boot_start_handler, 0UL);
  147   1      
  148   1          wprint("boot_beep,1.000\r\n");
  149   1      
  150   1          (void)app_scheduler_add(APP_BOOT_TASK_ID, app_boot_task,
  151   1                  APP_BOOT_TASK_PRIORITY, APP_BOOT_TASK_PERIOD_MS);
  152   1      }


Module Information          Static   Overlayable
------------------------------------------------
  code size            =    ------     ------
  ecode size           =       658     ------
  data size            =    ------     ------
  idata size           =    ------     ------
  pdata size           =    ------     ------
  xdata size           =        10     ------
  xdata-const size     =    ------     ------
  edata size           =    ------     ------
  bit size             =    ------     ------
  ebit size            =    ------     ------
  bitaddressable size  =    ------     ------
  ebitaddressable size =    ------     ------
  far data size        =    ------     ------
  huge data size       =    ------     ------
  const size           =    ------     ------
  hconst size          =       204     ------
End of Module Information.


C251 COMPILATION COMPLETE.  0 WARNING(S),  0 ERROR(S)
