C251 COMPILER V5.60.0,  bsp_imu                                                            26/07/26  20:08:11  PAGE 1   


C251 COMPILER V5.60.0, COMPILATION OF MODULE bsp_imu
OBJECT MODULE PLACED IN .\out_file\bsp_imu.obj
COMPILER INVOKED BY: D:\C251keil\C251\BIN\C251.EXE ..\L1_BSP\bsp_imu.c LARGE ROM(HUGE) WARNINGLEVEL(3) OPTIMIZE(0,SPEED)
                    - BROWSE INCDIR(..\..\libraries\zf_common;..\..\libraries\zf_components;..\..\libraries\zf_device;..\..\libraries\zf_driv
                    -er;..\user;..\code;..\L0_SYS;..\L1_BSP;..\L2_SERVICE;..\L3_APP;..\LL_Shared_Source;..\..\libraries\zf_components\stc32g_
                    -usb_lib;..\..\libraries\zf_components\seekfree_assistant) DEBUG PRINT(.\out_file\bsp_imu.lst) OBJECT(.\out_file\bsp_imu.
                    -obj) 

stmt  level    source

    1          #include "zf_common_headfile.h"
    2          #include "sys_tfpu.h"
    3          #include "service_timetick.h"
    4          #include "bsp_imu.h"
    5          
    6          #ifndef BSP_IMU_QUARTERNION_RATE
    7          #define BSP_IMU_QUARTERNION_RATE        (IMU660RC_QUARTERNION_480HZ)
    8          #endif
    9          
   10          /* FIFO frame: gyro word + accelerometer word + SFLP game-vector word. */
   11          #define BSP_IMU_FIFO_WORD_COUNT         (3U)
   12          #define BSP_IMU_FIFO_WORD_LENGTH        (7U)
   13          #define BSP_IMU_FIFO_DMA_LENGTH         (1U + BSP_IMU_FIFO_WORD_COUNT * BSP_IMU_FIFO_WORD_LENGTH)
   14          #define BSP_IMU_FIFO_REGISTER           (0x78U | IMU660RC_SPI_R)
   15          #define BSP_IMU_SPI_TIMEOUT_TICK        (50UL)
   16          #define BSP_IMU_HALF_PI                  (1.5707963f)
   17          #define BSP_IMU_PI                       (3.1415926f)
   18          #define BSP_IMU_RAD_TO_DEG               (57.2957795f)
   19          
   20          #define BSP_IMU_FIFO_TAG_GYRO            (0x01U)
   21          #define BSP_IMU_FIFO_TAG_ACC             (0x02U)
   22          #define BSP_IMU_FIFO_TAG_SFLP_GAME       (0x13U)
   23          
   24          /* P84 is dedicated IMU CS.  Atomic SET/CLR avoids a P8OUT read-modify-write
   25           * collision with the motor direction pin on the same port. */
   26          #define BSP_IMU_CS(level)                do { if(0U != (level)) { P8SETB = 0x10U; } else { P8CLRB = 0x10U
             -; } } while(0)
   27          
   28          static volatile uint8 s_bsp_imu_ready = 0U;
   29          static volatile uint8 s_bsp_imu_transfer_active = 0U;
   30          static volatile uint8 s_bsp_imu_frame_pending = 0U;
   31          static volatile uint8 s_bsp_imu_frame_ready = 0U;
   32          static volatile uint8 s_bsp_imu_published_index = 0U;
   33          static volatile uint32 s_bsp_imu_sequence = 0UL;
   34          static volatile uint32 s_bsp_imu_dma_error_count = 0UL;
   35          static volatile uint32 s_bsp_imu_transfer_deadline_tick = 0UL;
   36          static volatile uint32 s_bsp_imu_pending_drdy_tick = 0UL;
   37          static uint32 s_bsp_imu_active_drdy_tick = 0UL;
   38          static bsp_imu_sample_t xdata s_bsp_imu_sample[2];
   39          static uint8 xdata s_bsp_imu_fifo_tx[BSP_IMU_FIFO_DMA_LENGTH];
   40          static uint8 xdata s_bsp_imu_fifo_rx[BSP_IMU_FIFO_DMA_LENGTH];
   41          
   42          static int16 bsp_imu_make_i16(uint8 low, uint8 high);
   43          static uint8 bsp_imu_deadline_reached(uint32 now, uint32 deadline);
   44          static void bsp_imu_record_dma_error(void) reentrant;
   45          static void bsp_imu_fifo_dma_complete(spi_index_enum spi_n, uint8 success);
   46          static void bsp_imu_fifo_drdy_isr(void);
   47          static uint8 bsp_imu_start_fifo_frame(void);
   48          static void bsp_imu_check_timeout(uint32 now);
   49          static uint32 bsp_imu_fp16_to_float_bits(uint16 h);
   50          static float bsp_imu_tfpu_atan2(float y, float x);
   51          static float bsp_imu_tfpu_asin(float value);
   52          static uint8 bsp_imu_decode_fifo_frame(bsp_imu_sample_t *sample);
   53          static void bsp_imu_publish_fifo_frame(void);
   54          
C251 COMPILER V5.60.0,  bsp_imu                                                            26/07/26  20:08:11  PAGE 2   

   55          static int16 bsp_imu_make_i16(uint8 low, uint8 high)
   56          {
   57   1          return (int16)(((uint16)high << 8) | low);
   58   1      }
   59          
   60          static uint8 bsp_imu_deadline_reached(uint32 now, uint32 deadline)
   61          {
   62   1          return ((uint32)(now - deadline) < 0x80000000UL) ? 1U : 0U;
   63   1      }
   64          
   65          static void bsp_imu_record_dma_error(void) reentrant
   66          {
   67   1          uint8 ea_backup;
   68   1      
   69   1          ea_backup = EA;
   70   1          EA = 0;
   71   1          s_bsp_imu_dma_error_count++;
   72   1          EA = ea_backup;
   73   1      }
   74          
   75          /* DMA completion is intentionally integer-only.  Floating-point conversion
   76           * and snapshot publication stay in the foreground task. */
   77          static void bsp_imu_fifo_dma_complete(spi_index_enum spi_n, uint8 success)
   78          {
   79   1          BSP_IMU_CS(1U);
   80   1          s_bsp_imu_transfer_active = 0U;
   81   1          s_bsp_imu_transfer_deadline_tick = 0UL;
   82   1      
   83   1          if((SPI_3 != spi_n) || (0U == success))
   84   1          {
   85   2              /* Keep the watermark event pending so a transient bus error retries. */
   86   2              s_bsp_imu_frame_pending = 1U;
   87   2              bsp_imu_record_dma_error();
   88   2              return;
   89   2          }
   90   1      
   91   1          s_bsp_imu_frame_ready = 1U;
   92   1      }
   93          
   94          /* INT2 is FIFO watermark, configured for exactly one gyro+acc+SFLP frame. */
   95          static void bsp_imu_fifo_drdy_isr(void)
   96          {
   97   1          s_bsp_imu_pending_drdy_tick = service_timetick_what();
   98   1          s_bsp_imu_frame_pending = 1U;
   99   1      }
  100          
  101          static uint8 bsp_imu_start_fifo_frame(void)
  102          {
  103   1          uint8 ea_backup;
  104   1          uint8 result;
  105   1      
  106   1          if((0U == s_bsp_imu_ready) || (0U == s_bsp_imu_frame_pending) ||
  107   1             (0U != s_bsp_imu_transfer_active) || (0U != s_bsp_imu_frame_ready) ||
  108   1             (0U != spi_dma_async_is_busy(IMU660RC_SPI)))
  109   1          {
  110   2              return 0U;
  111   2          }
  112   1      
  113   1          ea_backup = EA;
  114   1          EA = 0;
  115   1          if((0U == s_bsp_imu_frame_pending) || (0U != s_bsp_imu_transfer_active) ||
  116   1             (0U != s_bsp_imu_frame_ready))
  117   1          {
  118   2              EA = ea_backup;
  119   2              return 0U;
  120   2          }
C251 COMPILER V5.60.0,  bsp_imu                                                            26/07/26  20:08:11  PAGE 3   

  121   1          s_bsp_imu_active_drdy_tick = s_bsp_imu_pending_drdy_tick;
  122   1          s_bsp_imu_frame_pending = 0U;
  123   1          s_bsp_imu_transfer_active = 1U;
  124   1          s_bsp_imu_transfer_deadline_tick = service_timetick_what() + BSP_IMU_SPI_TIMEOUT_TICK;
  125   1          EA = ea_backup;
  126   1      
  127   1          BSP_IMU_CS(0U);
  128   1          result = spi_dma_async_transfer(IMU660RC_SPI, s_bsp_imu_fifo_tx, s_bsp_imu_fifo_rx,
  129   1                  BSP_IMU_FIFO_DMA_LENGTH, bsp_imu_fifo_dma_complete);
  130   1          if(0U == result)
  131   1          {
  132   2              BSP_IMU_CS(1U);
  133   2              ea_backup = EA;
  134   2              EA = 0;
  135   2              s_bsp_imu_transfer_active = 0U;
  136   2              s_bsp_imu_transfer_deadline_tick = 0UL;
  137   2              s_bsp_imu_frame_pending = 1U;
  138   2              EA = ea_backup;
  139   2              bsp_imu_record_dma_error();
  140   2          }
  141   1          return result;
  142   1      }
  143          
  144          static void bsp_imu_check_timeout(uint32 now)
  145          {
  146   1          uint8 ea_backup;
  147   1      
  148   1          if((0U == s_bsp_imu_transfer_active) ||
  149   1             (0U == bsp_imu_deadline_reached(now, s_bsp_imu_transfer_deadline_tick)))
  150   1          {
  151   2              return;
  152   2          }
  153   1      
  154   1          ea_backup = EA;
  155   1          EA = 0;
  156   1          if((0U != s_bsp_imu_transfer_active) &&
  157   1             (0U != bsp_imu_deadline_reached(now, s_bsp_imu_transfer_deadline_tick)))
  158   1          {
  159   2              (void)spi_dma_async_abort(IMU660RC_SPI);
  160   2              BSP_IMU_CS(1U);
  161   2              s_bsp_imu_transfer_active = 0U;
  162   2              s_bsp_imu_transfer_deadline_tick = 0UL;
  163   2              s_bsp_imu_frame_pending = 1U;
  164   2              bsp_imu_record_dma_error();
  165   2          }
  166   1          EA = ea_backup;
  167   1      }
  168          
  169          static uint32 bsp_imu_fp16_to_float_bits(uint16 h)
  170          {
  171   1          uint16 h_exp;
  172   1          uint16 h_sig;
  173   1          uint32 f_sgn;
  174   1          uint32 f_exp;
  175   1          uint32 f_sig;
  176   1      
  177   1          h_exp = (uint16)(h & 0x7c00U);
  178   1          h_sig = (uint16)(h & 0x03ffU);
  179   1          f_sgn = ((uint32)(h & 0x8000U)) << 16;
  180   1          switch(h_exp)
  181   1          {
  182   2              case 0x0000U:
  183   2                  if(0U == h_sig)
  184   2                  {
  185   3                      return f_sgn;
  186   3                  }
C251 COMPILER V5.60.0,  bsp_imu                                                            26/07/26  20:08:11  PAGE 4   

  187   2                  h_sig <<= 1;
  188   2                  h_exp = 0U;
  189   2                  while(0U == (h_sig & 0x0400U))
  190   2                  {
  191   3                      h_sig <<= 1;
  192   3                      h_exp++;
  193   3                  }
  194   2                  f_exp = ((uint32)(127 - 15 - h_exp)) << 23;
  195   2                  f_sig = ((uint32)(h_sig & 0x03ffU)) << 13;
  196   2                  return f_sgn + f_exp + f_sig;
  197   2              case 0x7c00U:
  198   2                  return f_sgn + 0x7f800000UL + (((uint32)(h & 0x03ffU)) << 13);
  199   2              default:
  200   2                  return f_sgn + (((uint32)(h & 0x7fffU) + 0x1c000UL) << 13);
  201   2          }
  202   1      }
  203          
  204          static float bsp_imu_tfpu_atan2(float y, float x)
  205          {
  206   1          float value;
  207   1      
  208   1          if(x > 0.0f)
  209   1          {
  210   2              value = tfpu_atan(tfpu_div(y, x));
  211   2          }
  212   1          else if(x < 0.0f)
  213   1          {
  214   2              value = tfpu_atan(tfpu_div(y, x));
  215   2              value = (y >= 0.0f) ? tfpu_add(value, BSP_IMU_PI) : tfpu_sub(value, BSP_IMU_PI);
  216   2          }
  217   1          else if(y > 0.0f)
  218   1          {
  219   2              value = BSP_IMU_HALF_PI;
  220   2          }
  221   1          else if(y < 0.0f)
  222   1          {
  223   2              value = tfpu_sub(0.0f, BSP_IMU_HALF_PI);
  224   2          }
  225   1          else
  226   1          {
  227   2              value = 0.0f;
  228   2          }
  229   1          return value;
  230   1      }
  231          
  232          static float bsp_imu_tfpu_asin(float value)
  233          {
  234   1          float denominator;
  235   1      
  236   1          if(value >= 1.0f)
  237   1          {
  238   2              return BSP_IMU_HALF_PI;
  239   2          }
  240   1          if(value <= -1.0f)
  241   1          {
  242   2              return tfpu_sub(0.0f, BSP_IMU_HALF_PI);
  243   2          }
  244   1          denominator = tfpu_sqrt(tfpu_sub(1.0f, tfpu_mul(value, value)));
  245   1          return tfpu_atan(tfpu_div(value, denominator));
  246   1      }
  247          
  248          static uint8 bsp_imu_decode_fifo_frame(bsp_imu_sample_t *sample)
  249          {
  250   1          uint8 word;
  251   1          uint8 offset;
  252   1          uint8 tag;
C251 COMPILER V5.60.0,  bsp_imu                                                            26/07/26  20:08:11  PAGE 5   

  253   1          uint8 gyro_seen = 0U;
  254   1          uint8 acc_seen = 0U;
  255   1          uint8 quaternion_seen = 0U;
  256   1          uint16 qx_half = 0U;
  257   1          uint16 qy_half = 0U;
  258   1          uint16 qz_half = 0U;
  259   1          float qx;
  260   1          float qy;
  261   1          float qz;
  262   1          float qw;
  263   1          float norm_squared;
  264   1          float norm;
  265   1          float temp_a;
  266   1          float temp_b;
  267   1      
  268   1          if(NULL == sample)
  269   1          {
  270   2              return 0U;
  271   2          }
  272   1      
  273   1          for(word = 0U; word < BSP_IMU_FIFO_WORD_COUNT; word++)
  274   1          {
  275   2              offset = (uint8)(1U + word * BSP_IMU_FIFO_WORD_LENGTH);
  276   2              tag = (uint8)(s_bsp_imu_fifo_rx[offset] >> 3);
  277   2              if(BSP_IMU_FIFO_TAG_GYRO == tag)
  278   2              {
  279   3                  if(0U != gyro_seen)
  280   3                  {
  281   4                      return 0U;
  282   4                  }
  283   3                  sample->gyro_x_raw = bsp_imu_make_i16(s_bsp_imu_fifo_rx[offset + 1U], s_bsp_imu_fifo_rx[offse
             -t + 2U]);
  284   3                  sample->gyro_y_raw = bsp_imu_make_i16(s_bsp_imu_fifo_rx[offset + 3U], s_bsp_imu_fifo_rx[offse
             -t + 4U]);
  285   3                  sample->gyro_z_raw = bsp_imu_make_i16(s_bsp_imu_fifo_rx[offset + 5U], s_bsp_imu_fifo_rx[offse
             -t + 6U]);
  286   3                  gyro_seen = 1U;
  287   3              }
  288   2              else if(BSP_IMU_FIFO_TAG_ACC == tag)
  289   2              {
  290   3                  if(0U != acc_seen)
  291   3                  {
  292   4                      return 0U;
  293   4                  }
  294   3                  sample->acc_x_raw = bsp_imu_make_i16(s_bsp_imu_fifo_rx[offset + 1U], s_bsp_imu_fifo_rx[offset
             - + 2U]);
  295   3                  sample->acc_y_raw = bsp_imu_make_i16(s_bsp_imu_fifo_rx[offset + 3U], s_bsp_imu_fifo_rx[offset
             - + 4U]);
  296   3                  sample->acc_z_raw = bsp_imu_make_i16(s_bsp_imu_fifo_rx[offset + 5U], s_bsp_imu_fifo_rx[offset
             - + 6U]);
  297   3                  acc_seen = 1U;
  298   3              }
  299   2              else if(BSP_IMU_FIFO_TAG_SFLP_GAME == tag)
  300   2              {
  301   3                  if(0U != quaternion_seen)
  302   3                  {
  303   4                      return 0U;
  304   4                  }
  305   3                  qx_half = (uint16)(((uint16)s_bsp_imu_fifo_rx[offset + 2U] << 8) | s_bsp_imu_fifo_rx[offset +
             - 1U]);
  306   3                  qy_half = (uint16)(((uint16)s_bsp_imu_fifo_rx[offset + 4U] << 8) | s_bsp_imu_fifo_rx[offset +
             - 3U]);
  307   3                  qz_half = (uint16)(((uint16)s_bsp_imu_fifo_rx[offset + 6U] << 8) | s_bsp_imu_fifo_rx[offset +
             - 5U]);
  308   3                  quaternion_seen = 1U;
  309   3              }
C251 COMPILER V5.60.0,  bsp_imu                                                            26/07/26  20:08:11  PAGE 6   

  310   2              else
  311   2              {
  312   3                  return 0U;
  313   3              }
  314   2          }
  315   1      
  316   1          if((0U == gyro_seen) || (0U == acc_seen) || (0U == quaternion_seen) ||
  317   1             (0x7c00U == (qx_half & 0x7c00U)) || (0x7c00U == (qy_half & 0x7c00U)) ||
  318   1             (0x7c00U == (qz_half & 0x7c00U)))
  319   1          {
  320   2              return 0U;
  321   2          }
  322   1      
  323   1          *(uint32 *)(&qx) = bsp_imu_fp16_to_float_bits(qx_half);
  324   1          *(uint32 *)(&qy) = bsp_imu_fp16_to_float_bits(qy_half);
  325   1          *(uint32 *)(&qz) = bsp_imu_fp16_to_float_bits(qz_half);
  326   1          norm_squared = tfpu_add(tfpu_add(tfpu_mul(qx, qx), tfpu_mul(qy, qy)), tfpu_mul(qz, qz));
  327   1          if(norm_squared > 1.01f)
  328   1          {
  329   2              return 0U;
  330   2          }
  331   1          qw = (norm_squared >= 1.0f) ? 0.0f : tfpu_sqrt(tfpu_sub(1.0f, norm_squared));
  332   1          norm = tfpu_sqrt(tfpu_add(norm_squared, tfpu_mul(qw, qw)));
  333   1          if(0U == (norm > 0.001f))
  334   1          {
  335   2              return 0U;
  336   2          }
  337   1      
  338   1          /* The old page path read [qw,qx,qy,qz] and published [qx,qy,qw,qz].
  339   1           * Preserve that project-facing convention while FIFO supplies [qx,qy,qz]. */
  340   1          sample->quaternion_0 = tfpu_div(qx, norm);
  341   1          sample->quaternion_1 = tfpu_div(qy, norm);
  342   1          sample->quaternion_2 = tfpu_div(qw, norm);
  343   1          sample->quaternion_3 = tfpu_div(qz, norm);
  344   1      
  345   1          temp_a = tfpu_mul(2.0f, tfpu_add(tfpu_mul(sample->quaternion_1, sample->quaternion_3),
  346   1                  tfpu_mul(sample->quaternion_0, sample->quaternion_2)));
  347   1          temp_b = tfpu_sub(1.0f, tfpu_mul(2.0f, tfpu_add(tfpu_mul(sample->quaternion_1, sample->quaternion_1),
  348   1                  tfpu_mul(sample->quaternion_0, sample->quaternion_0))));
  349   1          sample->roll_deg = tfpu_mul(bsp_imu_tfpu_atan2(temp_a, temp_b), BSP_IMU_RAD_TO_DEG);
  350   1          temp_a = tfpu_mul(2.0f, tfpu_sub(tfpu_mul(sample->quaternion_0, sample->quaternion_3),
  351   1                  tfpu_mul(sample->quaternion_1, sample->quaternion_2)));
  352   1          sample->pitch_deg = tfpu_mul(tfpu_sub(0.0f, bsp_imu_tfpu_asin(temp_a)), BSP_IMU_RAD_TO_DEG);
  353   1          temp_a = tfpu_mul(2.0f, tfpu_add(tfpu_mul(sample->quaternion_0, sample->quaternion_1),
  354   1                  tfpu_mul(sample->quaternion_2, sample->quaternion_3)));
  355   1          temp_b = tfpu_sub(1.0f, tfpu_mul(2.0f, tfpu_add(tfpu_mul(sample->quaternion_0, sample->quaternion_0),
  356   1                  tfpu_mul(sample->quaternion_2, sample->quaternion_2))));
  357   1          sample->yaw_deg = tfpu_mul(bsp_imu_tfpu_atan2(temp_a, temp_b), BSP_IMU_RAD_TO_DEG);
  358   1          if(sample->yaw_deg < 0.0f)
  359   1          {
  360   2              sample->yaw_deg = tfpu_add(sample->yaw_deg, 360.0f);
  361   2          }
  362   1          return 1U;
  363   1      }
  364          
  365          static void bsp_imu_publish_fifo_frame(void)
  366          {
  367   1          bsp_imu_sample_t xdata *sample;
  368   1          uint8 current_index;
  369   1          uint8 next_index;
  370   1          uint8 ea_backup;
  371   1          uint32 next_sequence;
  372   1      
  373   1          current_index = s_bsp_imu_published_index;
  374   1          next_index = (uint8)(current_index ^ 1U);
  375   1          s_bsp_imu_sample[next_index] = s_bsp_imu_sample[current_index];
C251 COMPILER V5.60.0,  bsp_imu                                                            26/07/26  20:08:11  PAGE 7   

  376   1          sample = &s_bsp_imu_sample[next_index];
  377   1          if(0U == bsp_imu_decode_fifo_frame(sample))
  378   1          {
  379   2              bsp_imu_record_dma_error();
  380   2              return;
  381   2          }
  382   1      
  383   1          next_sequence = s_bsp_imu_sequence + 1UL;
  384   1          sample->sequence = next_sequence;
  385   1          sample->drdy_tick = s_bsp_imu_active_drdy_tick;
  386   1          sample->timestamp_tick = service_timetick_what();
  387   1          sample->valid = 1U;
  388   1      
  389   1          ea_backup = EA;
  390   1          EA = 0;
  391   1          s_bsp_imu_sequence = next_sequence;
  392   1          s_bsp_imu_published_index = next_index;
  393   1          EA = ea_backup;
  394   1      }
  395          
  396          void bsp_imu_init(void)
  397          {
  398   1          uint8 i;
  399   1          uint8 ea_backup;
  400   1      
  401   1          s_bsp_imu_ready = 0U;
  402   1          s_bsp_imu_transfer_active = 0U;
  403   1          s_bsp_imu_frame_pending = 0U;
  404   1          s_bsp_imu_frame_ready = 0U;
  405   1          s_bsp_imu_published_index = 0U;
  406   1          s_bsp_imu_sequence = 0UL;
  407   1          s_bsp_imu_dma_error_count = 0UL;
  408   1          s_bsp_imu_transfer_deadline_tick = 0UL;
  409   1          s_bsp_imu_pending_drdy_tick = 0UL;
  410   1          s_bsp_imu_active_drdy_tick = 0UL;
  411   1          for(i = 0U; i < 2U; i++)
  412   1          {
  413   2              s_bsp_imu_sample[i].valid = 0U;
  414   2              s_bsp_imu_sample[i].sequence = 0UL;
  415   2              s_bsp_imu_sample[i].drdy_tick = 0UL;
  416   2              s_bsp_imu_sample[i].timestamp_tick = 0UL;
  417   2          }
  418   1          for(i = 0U; i < BSP_IMU_FIFO_DMA_LENGTH; i++)
  419   1          {
  420   2              s_bsp_imu_fifo_tx[i] = 0x00U;
  421   2          }
  422   1          s_bsp_imu_fifo_tx[0] = BSP_IMU_FIFO_REGISTER;
  423   1      
  424   1          if((0U != imu660rc_init(BSP_IMU_QUARTERNION_RATE)) ||
  425   1             (0U != imu660rc_enable_unified_fifo()))
  426   1          {
  427   2              bsp_imu_record_dma_error();
  428   2              return;
  429   2          }
  430   1      
  431   1          spi_dma_init(IMU660RC_SPI, SPI_MODE0, IMU660RC_SPI_SPEED, IMU660RC_SPC_PIN,
  432   1                  IMU660RC_SDI_PIN, IMU660RC_SDO_PIN, SPI_CS_NULL);
  433   1      
  434   1          ea_backup = EA;
  435   1          EA = 0;
  436   1          gpio_int_irq_handlers[((IMU660RC_INT2_PIN & 0x0f00U) >> 8)]
  437   1                  [IMU660RC_INT2_PIN & 0x000fU] = bsp_imu_fifo_drdy_isr;
  438   1          /* imu660rc_init temporarily owned INT2.  Do not lose a watermark that
  439   1           * became active in the short hand-off window before our callback arrived. */
  440   1          if(0U != P37)
  441   1          {
C251 COMPILER V5.60.0,  bsp_imu                                                            26/07/26  20:08:11  PAGE 8   

  442   2              s_bsp_imu_pending_drdy_tick = service_timetick_what();
  443   2              s_bsp_imu_frame_pending = 1U;
  444   2          }
  445   1          s_bsp_imu_ready = 1U;
  446   1          EA = ea_backup;
  447   1      }
  448          
  449          void bsp_imu_task(void)
  450          {
  451   1          uint8 ea_backup;
  452   1          uint8 frame_ready;
  453   1      
  454   1          if(0U == s_bsp_imu_ready)
  455   1          {
  456   2              return;
  457   2          }
  458   1      
  459   1          bsp_imu_check_timeout(service_timetick_what());
  460   1          ea_backup = EA;
  461   1          EA = 0;
  462   1          frame_ready = s_bsp_imu_frame_ready;
  463   1          s_bsp_imu_frame_ready = 0U;
  464   1          EA = ea_backup;
  465   1          if(0U != frame_ready)
  466   1          {
  467   2              bsp_imu_publish_fifo_frame();
  468   2          }
  469   1          (void)bsp_imu_start_fifo_frame();
  470   1      }
  471          
  472          void bsp_imu_bootstrap_process(void)
  473          {
  474   1          bsp_imu_task();
  475   1      }
  476          
  477          uint8 bsp_imu_request_sample(void)
  478          {
  479   1          /* FIFO watermark is the sole sampling clock; never issue a duplicate read. */
  480   1          return 0U;
  481   1      }
  482          
  483          uint8 bsp_imu_get_latest_sample(bsp_imu_sample_t *out_data)
  484          {
  485   1          uint8 index;
  486   1          uint8 result;
  487   1          uint8 ea_backup;
  488   1      
  489   1          if(NULL == out_data)
  490   1          {
  491   2              return 0U;
  492   2          }
  493   1      
  494   1          ea_backup = EA;
  495   1          EA = 0;
  496   1          index = s_bsp_imu_published_index;
  497   1          result = s_bsp_imu_sample[index].valid;
  498   1          *out_data = s_bsp_imu_sample[index];
  499   1          EA = ea_backup;
  500   1          return result;
  501   1      }
  502          
  503          uint32 bsp_imu_get_dma_error_count(void)
  504          {
  505   1          uint32 result;
  506   1          uint8 ea_backup;
  507   1      
C251 COMPILER V5.60.0,  bsp_imu                                                            26/07/26  20:08:11  PAGE 9   

  508   1          ea_backup = EA;
  509   1          EA = 0;
  510   1          result = s_bsp_imu_dma_error_count;
  511   1          EA = ea_backup;
  512   1          return result;
  513   1      }
  514          
  515          void bsp_imu_read_gyro(bsp_imu_gyro_t *out_data)
  516          {
  517   1          bsp_imu_sample_t sample;
  518   1      
  519   1          if(NULL == out_data)
  520   1          {
  521   2              return;
  522   2          }
  523   1          if(0U == bsp_imu_get_latest_sample(&sample))
  524   1          {
  525   2              out_data->gyro_x = 0.0f;
  526   2              out_data->gyro_y = 0.0f;
  527   2              out_data->gyro_z = 0.0f;
  528   2              return;
  529   2          }
  530   1          out_data->gyro_x = imu660rc_gyro_transition(sample.gyro_x_raw);
  531   1          out_data->gyro_y = imu660rc_gyro_transition(sample.gyro_y_raw);
  532   1          out_data->gyro_z = imu660rc_gyro_transition(sample.gyro_z_raw);
  533   1      }
  534          
  535          float bsp_imu_read_gyro_z(void)
  536          {
  537   1          bsp_imu_sample_t sample;
  538   1      
  539   1          if(0U == bsp_imu_get_latest_sample(&sample))
  540   1          {
  541   2              return 0.0f;
  542   2          }
  543   1          return imu660rc_gyro_transition(sample.gyro_z_raw);
  544   1      }
  545          
  546          uint8 bsp_imu_is_ready(void)
  547          {
  548   1          return s_bsp_imu_ready;
  549   1      }


Module Information          Static   Overlayable
------------------------------------------------
  code size            =    ------     ------
  ecode size           =      5252     ------
  data size            =    ------     ------
  idata size           =    ------     ------
  pdata size           =    ------     ------
  xdata size           =       416     ------
  xdata-const size     =    ------     ------
  edata size           =    ------     ------
  bit size             =    ------     ------
  ebit size            =    ------     ------
  bitaddressable size  =    ------     ------
  ebitaddressable size =    ------     ------
  far data size        =    ------     ------
  huge data size       =    ------     ------
  const size           =    ------     ------
  hconst size          =        75     ------
End of Module Information.


C251 COMPILATION COMPLETE.  0 WARNING(S),  0 ERROR(S)
