C251 COMPILER V5.60.0,  bsp_battery                                                        13/05/26  11:59:58  PAGE 1   


C251 COMPILER V5.60.0, COMPILATION OF MODULE bsp_battery
OBJECT MODULE PLACED IN .\out_file\bsp_battery.obj
COMPILER INVOKED BY: D:\APPs\Keil\C251\BIN\C251.EXE ..\L1_BSP\bsp_battery.c LARGE ROM(HUGE) WARNINGLEVEL(3) OPTIMIZE(0,S
                    -IZE) BROWSE INCDIR(..\..\libraries\zf_common;..\..\libraries\zf_components;..\..\libraries\zf_device;..\..\libraries\zf_
                    -driver;..\user;..\code;..\L0_SYS;..\L1_BSP;..\L2_SERVICE;..\L3_APP;..\LL_Shared_Source;..\..\libraries\zf_components\stc
                    -32g_usb_lib;..\..\libraries\zf_components\seekfree_assistant) DEBUG PRINT(.\out_file\bsp_battery.lst) TABS(2) OBJECT(.\o
                    -ut_file\bsp_battery.obj) 

stmt  level    source

    1          #include "zf_common_headfile.h"
    2          #include "bsp_battery.h"
    3          
    4          void bsp_battery_init(void)
    5          {
    6   1          adc_init(ADC1_CH0_P10,ADC_12BIT);
    7   1      }
    8          
    9          void bsp_battery_vol(float *vol)
   10          {
   11   1          uint16 rawdatas;
   12   1          rawdatas = adc_mean_filter_convert(ADC1_CH0_P10,20U);
   13   1          *vol = ((float)rawdatas / 4096.0f) * 33.0f;
   14   1      }


Module Information          Static   Overlayable
------------------------------------------------
  code size            =    ------     ------
  ecode size           =        88     ------
  data size            =    ------     ------
  idata size           =    ------     ------
  pdata size           =    ------     ------
  xdata size           =         6     ------
  xdata-const size     =    ------     ------
  edata size           =    ------     ------
  bit size             =    ------     ------
  ebit size            =    ------     ------
  bitaddressable size  =    ------     ------
  ebitaddressable size =    ------     ------
  far data size        =    ------     ------
  huge data size       =    ------     ------
  const size           =    ------     ------
  hconst size          =    ------     ------
End of Module Information.


C251 COMPILATION COMPLETE.  0 WARNING(S),  0 ERROR(S)
