C251 COMPILER V5.60.0,  bsp_imu                                                            25/07/26  22:49:10  PAGE 1   


C251 COMPILER V5.60.0, COMPILATION OF MODULE bsp_imu
OBJECT MODULE PLACED IN .\out_file\bsp_imu.obj
COMPILER INVOKED BY: D:\C251keil\C251\BIN\C251.EXE ..\L1_BSP\bsp_imu.c LARGE ROM(HUGE) WARNINGLEVEL(3) OPTIMIZE(0,SPEED)
                    - BROWSE INCDIR(..\..\libraries\zf_common;..\..\libraries\zf_components;..\..\libraries\zf_device;..\..\libraries\zf_driv
                    -er;..\user;..\code;..\L0_SYS;..\L1_BSP;..\L2_SERVICE;..\L3_APP;..\LL_Shared_Source;..\..\libraries\zf_components\stc32g_
                    -usb_lib;..\..\libraries\zf_components\seekfree_assistant) DEBUG PRINT(.\out_file\bsp_imu.lst) OBJECT(.\out_file\bsp_imu.
                    -obj) 

stmt  level    source

    1          #include "zf_common_headfile.h"
    2          #include "sys_tfpu.h"
    3          #include "service_timetick.h"
    4          #include "bsp_imu.h"
    5          
    6          #ifndef BSP_IMU_QUARTERNION_RATE
    7          #define BSP_IMU_QUARTERNION_RATE        (IMU660RC_QUARTERNION_DISABLE)
    8          #endif
    9          
   10          #define BSP_IMU_FRAME_REGISTER           (IMU660RC_OUT_TEMP_L | IMU660RC_SPI_R)
   11          #define BSP_IMU_FRAME_DATA_LENGTH        (14U)
   12          #define BSP_IMU_DMA_LENGTH               (BSP_IMU_FRAME_DATA_LENGTH + 1U)
   13          #define BSP_IMU_BOOT_DMA_LENGTH          (2U)
   14          #define BSP_IMU_BOOT_CONFIG_MAX          (20U)
   15          #define BSP_IMU_BOOT_POWER_WAIT_TICK     (100UL)
   16          #define BSP_IMU_BOOT_RESET_WAIT_TICK     (300UL)
   17          #define BSP_IMU_SPI_TIMEOUT_TICK          (50UL)
   18          
   19          typedef struct
   20          {
   21              uint8 reg;
   22              uint8 value;
   23          } bsp_imu_boot_write_t;
   24          
   25          typedef enum
   26          {
   27              BSP_IMU_BOOT_IDLE = 0,
   28              BSP_IMU_BOOT_POWER_WAIT,
   29              BSP_IMU_BOOT_ID_SUBMIT,
   30              BSP_IMU_BOOT_ID_WAIT,
   31              BSP_IMU_BOOT_RESET_SUBMIT,
   32              BSP_IMU_BOOT_RESET_WAIT,
   33              BSP_IMU_BOOT_RESET_DELAY,
   34              BSP_IMU_BOOT_CONFIG_SUBMIT,
   35              BSP_IMU_BOOT_CONFIG_WAIT,
   36              BSP_IMU_BOOT_READY,
   37              BSP_IMU_BOOT_ERROR,
   38          } bsp_imu_boot_state_enum;
   39          
   40          static volatile uint8 s_bsp_imu_ready = 0U;
   41          static volatile uint8 s_bsp_imu_transfer_active = 0U;
   42          static volatile uint8 s_bsp_imu_published_index = 0U;
   43          static volatile uint32 s_bsp_imu_sequence = 0U;
   44          static volatile uint32 s_bsp_imu_dma_error_count = 0U;
   45          static bsp_imu_sample_t xdata s_bsp_imu_sample[2];
   46          static uint8 xdata s_bsp_imu_tx[BSP_IMU_DMA_LENGTH];
   47          static uint8 xdata s_bsp_imu_rx[BSP_IMU_DMA_LENGTH];
   48          static uint8 xdata s_bsp_imu_boot_tx[BSP_IMU_BOOT_DMA_LENGTH];
   49          static uint8 xdata s_bsp_imu_boot_rx[BSP_IMU_BOOT_DMA_LENGTH];
   50          static bsp_imu_boot_write_t xdata s_bsp_imu_boot_config[BSP_IMU_BOOT_CONFIG_MAX];
   51          static uint8 s_bsp_imu_boot_config_count = 0U;
   52          static uint8 s_bsp_imu_boot_config_index = 0U;
   53          static uint32 s_bsp_imu_boot_deadline_tick = 0UL;
   54          static uint32 s_bsp_imu_transfer_deadline_tick = 0UL;
   55          static uint32 s_bsp_imu_boot_transfer_deadline_tick = 0UL;
C251 COMPILER V5.60.0,  bsp_imu                                                            25/07/26  22:49:10  PAGE 2   

   56          static volatile uint8 s_bsp_imu_boot_transfer_active = 0U;
   57          static volatile uint8 s_bsp_imu_boot_transfer_done = 0U;
   58          static volatile uint8 s_bsp_imu_boot_transfer_success = 0U;
   59          static bsp_imu_boot_state_enum s_bsp_imu_boot_state = BSP_IMU_BOOT_IDLE;
   60          
   61          static int16 bsp_imu_make_i16(uint8 low, uint8 high)
   62          {
   63   1          return (int16)(((uint16)high << 8) | low);
   64   1      }
   65          
   66          static uint8 bsp_imu_deadline_reached(uint32 now, uint32 deadline)
   67          {
   68   1          return ((uint32)(now - deadline) < 0x80000000UL) ? 1U : 0U;
   69   1      }
   70          
   71          static uint8 bsp_imu_boot_deadline_reached(uint32 now)
   72          {
   73   1          return bsp_imu_deadline_reached(now, s_bsp_imu_boot_deadline_tick);
   74   1      }
   75          
   76          static uint8 bsp_imu_boot_append_write(uint8 reg, uint8 value)
   77          {
   78   1          if(BSP_IMU_BOOT_CONFIG_MAX <= s_bsp_imu_boot_config_count)
   79   1          {
   80   2              return 0U;
   81   2          }
   82   1      
   83   1          s_bsp_imu_boot_config[s_bsp_imu_boot_config_count].reg = reg;
   84   1          s_bsp_imu_boot_config[s_bsp_imu_boot_config_count].value = value;
   85   1          s_bsp_imu_boot_config_count++;
   86   1          return 1U;
   87   1      }
   88          
   89          static uint8 bsp_imu_build_boot_config(void)
   90          {
   91   1          uint8 acc_config;
   92   1          uint8 gyro_config;
   93   1      
   94   1          switch(IMU660RC_ACC_SAMPLE_DEFAULT)
   95   1          {
   96   2              case IMU660RC_ACC_SAMPLE_SGN_2G:
   97   2                  acc_config = 0x00U;
   98   2                  imu660rc_transition_factor[0] = 16393.44f;
   99   2                  break;
  100   2              case IMU660RC_ACC_SAMPLE_SGN_4G:
  101   2                  acc_config = 0x01U;
  102   2                  imu660rc_transition_factor[0] = 8196.72f;
  103   2                  break;
  104   2              case IMU660RC_ACC_SAMPLE_SGN_8G:
  105   2                  acc_config = 0x02U;
  106   2                  imu660rc_transition_factor[0] = 4098.36f;
  107   2                  break;
  108   2              case IMU660RC_ACC_SAMPLE_SGN_16G:
  109   2                  acc_config = 0x03U;
  110   2                  imu660rc_transition_factor[0] = 2049.18f;
  111   2                  break;
  112   2              default:
  113   2                  return 0U;
  114   2          }
  115   1      
  116   1          switch(IMU660RC_GYRO_SAMPLE_DEFAULT)
  117   1          {
  118   2              case IMU660RC_GYRO_SAMPLE_SGN_125DPS:
  119   2                  gyro_config = 0x00U;
  120   2                  imu660rc_transition_factor[1] = 228.5714f;
  121   2                  break;
C251 COMPILER V5.60.0,  bsp_imu                                                            25/07/26  22:49:10  PAGE 3   

  122   2              case IMU660RC_GYRO_SAMPLE_SGN_250DPS:
  123   2                  gyro_config = 0x01U;
  124   2                  imu660rc_transition_factor[1] = 114.2857f;
  125   2                  break;
  126   2              case IMU660RC_GYRO_SAMPLE_SGN_500DPS:
  127   2                  gyro_config = 0x02U;
  128   2                  imu660rc_transition_factor[1] = 57.1428f;
  129   2                  break;
  130   2              case IMU660RC_GYRO_SAMPLE_SGN_1000DPS:
  131   2                  gyro_config = 0x03U;
  132   2                  imu660rc_transition_factor[1] = 28.5714f;
  133   2                  break;
  134   2              case IMU660RC_GYRO_SAMPLE_SGN_2000DPS:
  135   2                  gyro_config = 0x04U;
  136   2                  imu660rc_transition_factor[1] = 14.2857f;
  137   2                  break;
  138   2              case IMU660RC_GYRO_SAMPLE_SGN_4000DPS:
  139   2                  gyro_config = 0x0CU;
  140   2                  imu660rc_transition_factor[1] = 7.14285f;
  141   2                  break;
  142   2              default:
  143   2                  return 0U;
  144   2          }
  145   1      
  146   1          s_bsp_imu_boot_config_count = 0U;
  147   1          // Use simple sequential checks.  C251 has fragile diagnostics for long
  148   1          // short-circuit expressions, while this form is equivalent and clearer.
  149   1          if(0U == bsp_imu_boot_append_write(IMU660RC_CTRL3, 0x44U))
  150   1          {
  151   2              return 0U;
  152   2          }
  153   1          if(0U == bsp_imu_boot_append_write(IMU660RC_CTRL8, acc_config))
  154   1          {
  155   2              return 0U;
  156   2          }
  157   1          if(0U == bsp_imu_boot_append_write(IMU660RC_CTRL6, gyro_config))
  158   1          {
  159   2              return 0U;
  160   2          }
  161   1          if(0U == bsp_imu_boot_append_write(IMU660RC_CTRL1, 0x15U))
  162   1          {
  163   2              return 0U;
  164   2          }
  165   1          if(0U == bsp_imu_boot_append_write(IMU660RC_CTRL2, 0x18U))
  166   1          {
  167   2              return 0U;
  168   2          }
  169   1          if(0U == bsp_imu_boot_append_write(IMU660RC_CTRL7, 0x01U))
  170   1          {
  171   2              return 0U;
  172   2          }
  173   1          if(0U == bsp_imu_boot_append_write(IMU660RC_CTRL9, 0x08U))
  174   1          {
  175   2              return 0U;
  176   2          }
  177   1      
  178   1          if(IMU660RC_QUARTERNION_DISABLE != BSP_IMU_QUARTERNION_RATE)
  179   1          {
  180   2              // Keep each append separate: C251's old expression parser is much
  181   2              // less robust with a long OR-chain containing enum casts.
  182   2              if(0U == bsp_imu_boot_append_write(IMU660RC_INT2_CTRL, 0x80U))
  183   2              {
  184   3                  return 0U;
  185   3              }
  186   2              if(0U == bsp_imu_boot_append_write(IMU660RC_CTRL4, 0x08U))
  187   2              {
C251 COMPILER V5.60.0,  bsp_imu                                                            25/07/26  22:49:10  PAGE 4   

  188   3                  return 0U;
  189   3              }
  190   2              if(0U == bsp_imu_boot_append_write(IMU660RC_EMB_FUNC_CFG, 0x30U))
  191   2              {
  192   3                  return 0U;
  193   3              }
  194   2              if(0U == bsp_imu_boot_append_write(IMU660RC_CTRL1,
  195   2                      (uint8)(0x10U | (BSP_IMU_QUARTERNION_RATE + 3U))))
  196   2              {
  197   3                  return 0U;
  198   3              }
  199   2              if(0U == bsp_imu_boot_append_write(IMU660RC_CTRL2,
  200   2                      (uint8)(0x10U | (BSP_IMU_QUARTERNION_RATE + 3U))))
  201   2              {
  202   3                  return 0U;
  203   3              }
  204   2              if(0U == bsp_imu_boot_append_write(IMU660RC_FUNC_CFG_ACCESS, IMU660RC_EMBED_MEM_BANK))
  205   2              {
  206   3                  return 0U;
  207   3              }
  208   2              if(0U == bsp_imu_boot_append_write(IMU660RC_SFLP_ODR,
  209   2                      (uint8)(0x43U | (BSP_IMU_QUARTERNION_RATE << 3))))
  210   2              {
  211   3                  return 0U;
  212   3              }
  213   2              if(0U == bsp_imu_boot_append_write(IMU660RC_EMB_FUNC_EN_A, 0x02U))
  214   2              {
  215   3                  return 0U;
  216   3              }
  217   2              if(0U == bsp_imu_boot_append_write(IMU660RC_PAGE_RW, 0x00U))
  218   2              {
  219   3                  return 0U;
  220   3              }
  221   2              if(0U == bsp_imu_boot_append_write(IMU660RC_FUNC_CFG_ACCESS, IMU660RC_MAIN_MEM_BANK))
  222   2              {
  223   3                  return 0U;
  224   3              }
  225   2          }
  226   1      
  227   1          return 1U;
  228   1      }
  229          
  230          static void bsp_imu_boot_dma_complete(spi_index_enum spi_n, uint8 success)
  231          {
  232   1          if(SPI_3 != spi_n)
  233   1          {
  234   2              s_bsp_imu_dma_error_count++;
  235   2              return;
  236   2          }
  237   1      
  238   1          IMU660RC_CS(1);
  239   1          s_bsp_imu_boot_transfer_active = 0U;
  240   1          s_bsp_imu_boot_transfer_deadline_tick = 0UL;
  241   1          s_bsp_imu_boot_transfer_success = success;
  242   1          s_bsp_imu_boot_transfer_done = 1U;
  243   1      }
  244          
  245          static uint8 bsp_imu_boot_submit(uint8 command, uint8 value)
  246          {
  247   1          uint8 ea_backup;
  248   1          uint8 result;
  249   1          uint32 now;
  250   1      
  251   1          now = service_timetick_what();
  252   1      
  253   1          ea_backup = EA;
C251 COMPILER V5.60.0,  bsp_imu                                                            25/07/26  22:49:10  PAGE 5   

  254   1          EA = 0;
  255   1          if((0U != s_bsp_imu_boot_transfer_active) || (0U != spi_dma_async_is_busy(IMU660RC_SPI)))
  256   1          {
  257   2              if(0U != spi_dma_async_is_busy(IMU660RC_SPI))
  258   2              {
  259   3                  (void)spi_dma_async_abort(IMU660RC_SPI);
  260   3                  IMU660RC_CS(1);
  261   3                  s_bsp_imu_dma_error_count++;
  262   3              }
  263   2              EA = ea_backup;
  264   2              return 0U;
  265   2          }
  266   1      
  267   1          s_bsp_imu_boot_tx[0] = command;
  268   1          s_bsp_imu_boot_tx[1] = value;
  269   1          s_bsp_imu_boot_transfer_done = 0U;
  270   1          s_bsp_imu_boot_transfer_active = 1U;
  271   1          IMU660RC_CS(0);
  272   1          result = spi_dma_async_transfer(IMU660RC_SPI, s_bsp_imu_boot_tx, s_bsp_imu_boot_rx,
  273   1                  BSP_IMU_BOOT_DMA_LENGTH, bsp_imu_boot_dma_complete);
  274   1          if(0U != result)
  275   1          {
  276   2              s_bsp_imu_boot_transfer_deadline_tick = now + BSP_IMU_SPI_TIMEOUT_TICK;
  277   2          }
  278   1          else
  279   1          {
  280   2              IMU660RC_CS(1);
  281   2              s_bsp_imu_boot_transfer_active = 0U;
  282   2              s_bsp_imu_boot_transfer_deadline_tick = 0UL;
  283   2              s_bsp_imu_dma_error_count++;
  284   2          }
  285   1          EA = ea_backup;
  286   1          return result;
  287   1      }
  288          
  289          /* 0: transfer in flight, 1: success consumed, 2: failed and boot state is terminal. */
  290          static uint8 bsp_imu_boot_take_result(void)
  291          {
  292   1          if(0U == s_bsp_imu_boot_transfer_done)
  293   1          {
  294   2              return 0U;
  295   2          }
  296   1      
  297   1          s_bsp_imu_boot_transfer_done = 0U;
  298   1          if(0U == s_bsp_imu_boot_transfer_success)
  299   1          {
  300   2              s_bsp_imu_dma_error_count++;
  301   2              s_bsp_imu_boot_state = BSP_IMU_BOOT_ERROR;
  302   2              return 2U;
  303   2          }
  304   1          return 1U;
  305   1      }
  306          
  307          // DMA ISR callback: only publish a raw frame.  Floating-point conversion and
  308          // control filtering run in the timer task, never in the transport ISR.
  309          static void bsp_imu_dma_complete(spi_index_enum spi_n, uint8 success)
  310          {
  311   1          bsp_imu_sample_t xdata *sample;
  312   1          uint8 next_index;
  313   1          uint8 ea_backup;
  314   1          uint32 next_sequence;
  315   1      
  316   1          if(SPI_3 != spi_n)
  317   1          {
  318   2              s_bsp_imu_dma_error_count++;
  319   2              return;
C251 COMPILER V5.60.0,  bsp_imu                                                            25/07/26  22:49:10  PAGE 6   

  320   2          }
  321   1      
  322   1          IMU660RC_CS(1);
  323   1      
  324   1          if(0U == success)
  325   1          {
  326   2              s_bsp_imu_dma_error_count++;
  327   2              s_bsp_imu_transfer_active = 0U;
  328   2              s_bsp_imu_transfer_deadline_tick = 0UL;
  329   2              return;
  330   2          }
  331   1      
  332   1          next_index = (uint8)(s_bsp_imu_published_index ^ 1U);
  333   1          sample = &s_bsp_imu_sample[next_index];
  334   1          // RX[0] belongs to the command byte; the 14 payload bytes start at RX[1].
  335   1          sample->temperature_raw = bsp_imu_make_i16(s_bsp_imu_rx[1], s_bsp_imu_rx[2]);
  336   1          sample->gyro_x_raw = bsp_imu_make_i16(s_bsp_imu_rx[3], s_bsp_imu_rx[4]);
  337   1          sample->gyro_y_raw = bsp_imu_make_i16(s_bsp_imu_rx[5], s_bsp_imu_rx[6]);
  338   1          sample->gyro_z_raw = bsp_imu_make_i16(s_bsp_imu_rx[7], s_bsp_imu_rx[8]);
  339   1          sample->acc_x_raw = bsp_imu_make_i16(s_bsp_imu_rx[9], s_bsp_imu_rx[10]);
  340   1          sample->acc_y_raw = bsp_imu_make_i16(s_bsp_imu_rx[11], s_bsp_imu_rx[12]);
  341   1          sample->acc_z_raw = bsp_imu_make_i16(s_bsp_imu_rx[13], s_bsp_imu_rx[14]);
  342   1          next_sequence = s_bsp_imu_sequence + 1UL;
  343   1          sample->sequence = next_sequence;
  344   1          sample->valid = 1U;
  345   1      
  346   1          /* Keep the BSP transfer lock asserted until RX parsing and the complete
  347   1             double-buffer publication are finished.  TIM7 may preempt this DMA ISR,
  348   1             but it cannot start another DMA transfer over s_bsp_imu_rx mid-parse. */
  349   1          ea_backup = EA;
  350   1          EA = 0;
  351   1          s_bsp_imu_sequence = next_sequence;
  352   1          s_bsp_imu_published_index = next_index;
  353   1          s_bsp_imu_transfer_active = 0U;
  354   1          s_bsp_imu_transfer_deadline_tick = 0UL;
  355   1          EA = ea_backup;
  356   1      }
  357          
  358          void bsp_imu_init(void)
  359          {
  360   1          uint8 i;
  361   1      
  362   1          s_bsp_imu_ready = 0U;
  363   1          s_bsp_imu_transfer_active = 0U;
  364   1          s_bsp_imu_published_index = 0U;
  365   1          s_bsp_imu_sequence = 0U;
  366   1          s_bsp_imu_dma_error_count = 0U;
  367   1          s_bsp_imu_transfer_deadline_tick = 0UL;
  368   1          for(i = 0U; i < 2U; i++)
  369   1          {
  370   2              s_bsp_imu_sample[i].valid = 0U;
  371   2              s_bsp_imu_sample[i].sequence = 0U;
  372   2          }
  373   1      
  374   1          (void)imu660rc_init(BSP_IMU_QUARTERNION_RATE);
  375   1      
  376   1          s_bsp_imu_ready = 1U;
  377   1      }
  378          
  379          void bsp_imu_bootstrap_process(void)
  380          {
  381   1      }
  382          
  383          uint8 bsp_imu_request_sample(void)
  384          {
  385   1          uint8 i;
C251 COMPILER V5.60.0,  bsp_imu                                                            25/07/26  22:49:10  PAGE 7   

  386   1      
  387   1          if(0U == s_bsp_imu_ready)
  388   1          {
  389   2              return 0U;
  390   2          }
  391   1      
  392   1          /* Synchronous read of 14 bytes from IMU660RC (0x20: temp, 0x22: gyro, 0x28: accel).
  393   1             Write starting at s_bsp_imu_rx[1] so the DMA completion handler's RX[1..14] layout matches. */
  394   1          IMU660RC_CS(0);
  395   1          spi_read_8bit_registers(IMU660RC_SPI, BSP_IMU_FRAME_REGISTER, &s_bsp_imu_rx[1], BSP_IMU_FRAME_DATA_LE
             -NGTH);
  396   1          IMU660RC_CS(1);
  397   1      
  398   1          /* Process via the same DMA completion handler so data format is identical. */
  399   1          bsp_imu_dma_complete(IMU660RC_SPI, 1U);
  400   1      
  401   1          return 1U;
  402   1      }
*** WARNING C47 IN LINE 385 OF ..\L1_BSP\bsp_imu.c: 'i': unreferenced local variable
  403          
  404          uint8 bsp_imu_get_latest_sample(bsp_imu_sample_t *out_data)
  405          {
  406   1          uint8 index;
  407   1          uint8 result;
  408   1          uint8 ea_backup;
  409   1      
  410   1          if(NULL == out_data)
  411   1          {
  412   2              return 0U;
  413   2          }
  414   1      
  415   1          ea_backup = EA;
  416   1          EA = 0;
  417   1          index = s_bsp_imu_published_index;
  418   1          result = s_bsp_imu_sample[index].valid;
  419   1          *out_data = s_bsp_imu_sample[index];
  420   1          EA = ea_backup;
  421   1          return result;
  422   1      }
  423          
  424          uint32 bsp_imu_get_dma_error_count(void)
  425          {
  426   1          uint32 result;
  427   1          uint8 ea_backup;
  428   1      
  429   1          ea_backup = EA;
  430   1          EA = 0;
  431   1          result = s_bsp_imu_dma_error_count;
  432   1          EA = ea_backup;
  433   1          return result;
  434   1      }
  435          
  436          void bsp_imu_read_gyro(bsp_imu_gyro_t *out_data)
  437          {
  438   1          bsp_imu_sample_t sample;
  439   1      
  440   1          if(NULL == out_data)
  441   1          {
  442   2              return;
  443   2          }
  444   1      
  445   1          if(0U == bsp_imu_get_latest_sample(&sample))
  446   1          {
  447   2              out_data->gyro_x = 0.0f;
  448   2              out_data->gyro_y = 0.0f;
  449   2              out_data->gyro_z = 0.0f;
C251 COMPILER V5.60.0,  bsp_imu                                                            25/07/26  22:49:10  PAGE 8   

  450   2              return;
  451   2          }
  452   1      
  453   1          out_data->gyro_x = imu660rc_gyro_transition(sample.gyro_x_raw);
  454   1          out_data->gyro_y = imu660rc_gyro_transition(sample.gyro_y_raw);
  455   1          out_data->gyro_z = imu660rc_gyro_transition(sample.gyro_z_raw);
  456   1      }
  457          
  458          float bsp_imu_read_gyro_z(void)
  459          {
  460   1          bsp_imu_sample_t sample;
  461   1      
  462   1          if(0U == bsp_imu_get_latest_sample(&sample))
  463   1          {
  464   2              return 0.0f;
  465   2          }
  466   1      
  467   1          return imu660rc_gyro_transition(sample.gyro_z_raw);
  468   1      }
  469          
  470          uint8 bsp_imu_is_ready(void)
  471          {
  472   1          return s_bsp_imu_ready;
  473   1      }
*** WARNING C174 IN LINE 245 OF ..\L1_BSP\bsp_imu.c: 'bsp_imu_boot_submit': unreferenced 'static' function
*** WARNING C174 IN LINE 290 OF ..\L1_BSP\bsp_imu.c: 'bsp_imu_boot_take_result': unreferenced 'static' function
*** WARNING C174 IN LINE 71 OF ..\L1_BSP\bsp_imu.c: 'bsp_imu_boot_deadline_reached': unreferenced 'static' function
*** WARNING C174 IN LINE 89 OF ..\L1_BSP\bsp_imu.c: 'bsp_imu_build_boot_config': unreferenced 'static' function


Module Information          Static   Overlayable
------------------------------------------------
  code size            =    ------     ------
  ecode size           =      2567     ------
  data size            =    ------     ------
  idata size           =    ------     ------
  pdata size           =    ------     ------
  xdata size           =       237     ------
  xdata-const size     =    ------     ------
  edata size           =    ------     ------
  bit size             =    ------     ------
  ebit size            =    ------     ------
  bitaddressable size  =    ------     ------
  ebitaddressable size =    ------     ------
  far data size        =    ------     ------
  huge data size       =    ------     ------
  const size           =    ------     ------
  hconst size          =       100     ------
End of Module Information.


C251 COMPILATION COMPLETE.  5 WARNING(S),  0 ERROR(S)
