C251 COMPILER V5.60.0,  bsp_buzzer                                                         15/05/26  11:43:41  PAGE 1   


C251 COMPILER V5.60.0, COMPILATION OF MODULE bsp_buzzer
OBJECT MODULE PLACED IN .\out_file\bsp_buzzer.obj
COMPILER INVOKED BY: D:\APPs\Keil\C251\BIN\C251.EXE ..\L1_BSP\bsp_buzzer.c LARGE ROM(HUGE) WARNINGLEVEL(3) OPTIMIZE(0,SI
                    -ZE) BROWSE INCDIR(..\..\libraries\zf_common;..\..\libraries\zf_components;..\..\libraries\zf_device;..\..\libraries\zf_d
                    -river;..\user;..\code;..\L0_SYS;..\L1_BSP;..\L2_SERVICE;..\L3_APP;..\LL_Shared_Source;..\..\libraries\zf_components\stc3
                    -2g_usb_lib;..\..\libraries\zf_components\seekfree_assistant) DEBUG PRINT(.\out_file\bsp_buzzer.lst) TABS(2) OBJECT(.\out
                    -_file\bsp_buzzer.obj) 

stmt  level    source

    1          #include "zf_common_headfile.h"
    2          #include "bsp_buzzer.h"
    3          
    4          #define BSP_BUZZER_INACTIVE_LEVEL   ((GPIO_HIGH == BSP_BUZZER_ACTIVE_LEVEL) ? GPIO_LOW : GPIO_HIGH)
    5          
    6          void bsp_buzzer_init(void)
    7          {
    8   1          gpio_init(BSP_BUZZER_PIN, GPO, BSP_BUZZER_ACTIVE_LEVEL, GPO_PUSH_PULL);
    9   1      }
   10          
   11          void bsp_buzzer_on(void)
   12          {
   13   1          gpio_set_level(BSP_BUZZER_PIN, BSP_BUZZER_ACTIVE_LEVEL);
   14   1      }
   15          
   16          void bsp_buzzer_off(void)
   17          {
   18   1          gpio_set_level(BSP_BUZZER_PIN, BSP_BUZZER_INACTIVE_LEVEL);
   19   1      }
   20          
   21          void bsp_buzzer_set(uint8 enable)
   22          {
   23   1          if(0U != enable)
   24   1          {
   25   2              bsp_buzzer_on();
   26   2          }
   27   1          else
   28   1          {
   29   2              bsp_buzzer_off();
   30   2          }
   31   1      }


Module Information          Static   Overlayable
------------------------------------------------
  code size            =    ------     ------
  ecode size           =        64     ------
  data size            =    ------     ------
  idata size           =    ------     ------
  pdata size           =    ------     ------
  xdata size           =         1     ------
  xdata-const size     =    ------     ------
  edata size           =    ------     ------
  bit size             =    ------     ------
  ebit size            =    ------     ------
  bitaddressable size  =    ------     ------
  ebitaddressable size =    ------     ------
  far data size        =    ------     ------
  huge data size       =    ------     ------
  const size           =    ------     ------
  hconst size          =    ------     ------
End of Module Information.


C251 COMPILATION COMPLETE.  0 WARNING(S),  0 ERROR(S)
