C251 COMPILER V5.60.0,  rapt_v4                                                            19/08/26  02:19:42  PAGE 1   


C251 COMPILER V5.60.0, COMPILATION OF MODULE rapt_v4
OBJECT MODULE PLACED IN .\out_file\rapt_v4.obj
COMPILER INVOKED BY: D:\C251keil\C251\BIN\C251.EXE ..\L3_APP\rapt_v4.c LARGE ROM(HUGE) WARNINGLEVEL(3) OPTIMIZE(0,SPEED)
                    - BROWSE INCDIR(..\..\libraries\zf_common;..\..\libraries\zf_components;..\..\libraries\zf_device;..\..\libraries\zf_driv
                    -er;..\user;..\code;..\L0_SYS;..\L1_BSP;..\L2_SERVICE;..\L3_APP;..\LL_Shared_Source;..\..\libraries\zf_components\stc32g_
                    -usb_lib;..\..\libraries\zf_components\seekfree_assistant) DEBUG PRINT(.\out_file\rapt_v4.lst) OBJECT(.\out_file\rapt_v4.
                    -obj) 

stmt  level    source

    1          /* rapt_v4.c — auto-generated INT8 roundabout model (d7_k14).
    2           * 14 complete trees x depth 7; model payload = 5356 bytes.
    3           * Leaf scale G=437 (int8_leaf = round(fp32_leaf * G)); TAU=20.
    4           * FP32 reference: base=0.297507, lr=0.3. Metrics: see int8_report.json */
    5          #include "roundabout_priority_tree.h"
    6          
    7          #define RAPT_K      14
    8          #define RAPT_DEPTH  7
    9          #define RAPT_NODES  127
   10          #define RAPT_LEAVES 128
   11          #define RAPT_TAU    20
   12          
   13          static const uint8 rapt_feat[RAPT_K][RAPT_NODES] = {
   14           {
   15              8,  0,  4,  3,  6,  4,  8,  8,  6,  4,  0,  4,  6,  6,  4,  3,  4,  2,  6,  0,  2,  0,  1,  0,
   16              1,  8,  8,  4,  9,  8,  6,  1,  5,  5,  6,  0,  0,  0,  0,  0,  0,  0,  2,  0,  0,  0,  2,  0,
   17              0,  4,  9,  5,  0,  0,  6,  0,  6,  0,  7,  0,  2,  4,  3,  8,  2,  1,  0,  0,  6,  6,  1,  0,
   18              0,  0,  0,  0,  0,  0,  0,  0,  0,  0,  0,  0,  0,  9,  0,  0,  0,  0,  0,  0,  0,  5,  0,  0,
   19              0,  0,  0,  0,  8,  2,  4,  0,  7,  0,  0,  0,  0,  3,  0,  0,  0,  1,  0,  0,  0,  1,  0,  0,
   20              0,  0,  0,  1,  8,  6,  4,
   21           }
   22          ,{
   23              8,  0,  4,  3,  6,  4,  3,  8,  6,  4,  0,  4,  6,  0,  8,  5,  4,  2,  0,  6,  2,  9,  0,  0,
   24              1,  8,  8,  6,  6,  6,  5,  1,  3,  4,  1,  0,  0,  0,  0,  0,  5,  0,  2,  0,  0,  0,  0,  0,
   25              0,  4,  9,  0,  0,  0,  6,  6,  6,  1,  7,  1,  6,  0,  3,  1,  7,  8,  5,  0,  3,  0,  6,  0,
   26              0,  0,  0,  0,  0,  0,  0,  0,  0,  0,  0,  0,  0,  5,  9,  0,  0,  0,  0,  0,  0,  0,  4,  0,
   27              0,  0,  0,  9,  5,  7,  4,  0,  0,  0,  0,  0,  0,  5,  0,  1,  1,  8,  3,  6,  7,  8,  9,  4,
   28              7,  2,  6,  6,  1,  2,  3,
   29           }
   30          ,{
   31              8,  0,  4,  3,  6,  4,  7,  8,  6,  4,  0,  4,  6,  9,  5,  8,  4,  2,  0,  0,  7,  0,  7,  0,
   32              7,  8,  8,  6,  7,  5,  1,  1,  0,  4,  6,  0,  0,  0,  0,  0,  0,  0,  2,  0,  0,  0,  2,  0,
   33              0,  4,  4,  4,  0,  0,  6,  2,  1,  3,  5,  0,  2,  1,  6,  0,  3,  5,  3,  0,  6,  6,  8,  0,
   34              0,  0,  0,  0,  0,  0,  0,  0,  0,  0,  0,  0,  0,  9,  0,  0,  0,  0,  0,  0,  0,  9,  0,  0,
   35              0,  0,  0,  0,  6,  7,  2,  0,  0,  0,  0,  0,  0,  5,  4,  3,  6,  2,  3,  3,  3,  7,  5,  6,
   36              6,  6,  2,  3,  7,  8,  3,
   37           }
   38          ,{
   39              8,  0,  4,  3,  6,  4,  8,  8,  6,  4,  0,  4,  6,  7,  7,  5,  4,  2,  0,  0,  7,  0,  2,  0,
   40              7,  8,  8,  1,  6,  3,  7,  7,  3,  4,  6,  0,  0,  0,  0,  0,  0,  0,  2,  0,  0,  0,  9,  0,
   41              0,  4,  4,  0,  0,  0,  6,  4,  3,  8,  1,  0,  3,  3,  6,  1,  1,  8,  5,  0,  3,  6,  8,  0,
   42              0,  0,  0,  0,  0,  0,  0,  0,  0,  0,  0,  0,  0,  3,  0,  0,  0,  0,  0,  0,  0,  3,  0,  0,
   43              0,  0,  0,  0,  2,  4,  2,  0,  0,  0,  0,  0,  0,  3,  0,  1,  9,  0,  0,  0,  9,  0,  6,  0,
   44              6,  4,  3,  5,  1,  3,  3,
   45           }
   46          ,{
   47              8,  0,  4,  3,  6,  4,  8,  8,  6,  4,  0,  4,  6,  5,  0,  8,  2,  7,  0,  0,  7,  0,  2,  0,
   48              1,  8,  8,  3,  4,  5,  7,  3,  4,  7,  6,  0,  0,  0,  0,  0,  0,  0,  2,  0,  0,  0,  5,  0,
   49              0,  4,  1,  0,  0,  0,  6,  6,  9,  5,  6,  8,  4,  6,  7,  8,  5,  2,  2,  0,  0,  0,  5,  0,
   50              0,  0,  0,  0,  0,  0,  0,  0,  0,  0,  0,  0,  0,  3,  0,  0,  0,  0,  0,  0,  0,  0,  3,  0,
   51              0,  0,  0,  5,  7,  9,  9,  0,  0,  0,  0,  0,  0,  5,  0,  6,  0,  2,  6,  0,  8,  4,  4,  4,
   52              2,  6,  3,  3,  3,  1,  6,
   53           }
   54          ,{
   55              8,  0,  4,  3,  6,  4,  7,  8,  6,  4,  0,  4,  6,  6,  7,  3,  4,  2,  0,  0,  7,  0,  7,  0,
C251 COMPILER V5.60.0,  rapt_v4                                                            19/08/26  02:19:42  PAGE 2   

   56              7,  8,  8,  9,  2,  5,  3,  8,  5,  4,  6,  0,  0,  0,  0,  0,  0,  0,  2,  0,  0,  0,  3,  0,
   57              0,  4,  4,  0,  0,  0,  6,  6,  4,  0,  5,  0,  8,  3,  6,  7,  8,  7,  5,  0,  3,  6,  8,  0,
   58              0,  0,  0,  0,  0,  0,  0,  0,  0,  0,  0,  0,  0,  5,  0,  0,  0,  0,  0,  0,  0,  0,  5,  0,
   59              0,  0,  0,  0,  4,  7,  8,  0,  0,  0,  0,  0,  0,  3,  0,  2,  8,  2,  3,  5,  8,  0,  5,  7,
   60              5,  4,  4,  9,  7,  6,  3,
   61           }
   62          ,{
   63              8,  0,  4,  3,  6,  4,  8,  8,  6,  4,  0,  4,  6,  6,  8,  8,  4,  3,  0,  0,  2,  0,  1,  0,
   64              7,  8,  8,  4,  1,  0,  0,  1,  5,  4,  6,  0,  0,  0,  0,  0,  0,  0,  2,  0,  0,  0,  0,  0,
   65              0,  4,  4,  0,  0,  0,  6,  1,  6,  1,  3,  6,  1,  5,  7,  9,  3,  1,  5,  0,  3,  6,  8,  0,
   66              0,  0,  0,  0,  0,  0,  0,  0,  0,  0,  0,  0,  0,  9,  0,  0,  0,  0,  0,  0,  0,  0,  0,  0,
   67              0,  0,  0,  0,  8,  7,  1,  0,  0,  0,  0,  0,  0,  5,  0,  8,  1,  9,  2,  0,  7,  5,  0,  1,
   68              3,  3,  3,  6,  0,  2,  7,
   69           }
   70          ,{
   71              8,  0,  4,  3,  6,  4,  8,  8,  6,  4,  0,  4,  6,  6,  3,  5,  4,  7,  0,  0,  7,  0,  7,  0,
   72              7,  8,  8,  4,  0,  9,  8,  2,  3,  4,  6,  0,  0,  0,  0,  0,  0,  0,  2,  0,  0,  0,  0,  0,
   73              0,  4,  4,  0,  0,  0,  6,  8,  6,  6,  1,  6,  0,  6,  4,  0,  6,  0,  5,  0,  3,  6,  8,  0,
   74              0,  0,  0,  0,  0,  0,  0,  0,  0,  0,  0,  0,  0,  1,  0,  0,  0,  0,  0,  0,  0,  0,  2,  0,
   75              0,  0,  0,  0,  6,  9,  1,  0,  0,  0,  0,  0,  0,  5,  0,  0,  9,  9,  6,  0,  0,  5,  0,  6,
   76              1,  6,  6,  1,  6,  2,  3,
   77           }
   78          ,{
   79              8,  0,  4,  3,  6,  4,  8,  8,  6,  4,  0,  4,  6,  6,  3,  8,  2,  2,  0,  0,  7,  0,  7,  0,
   80              1,  8,  8,  4,  3,  6,  4,  3,  4,  0,  6,  0,  0,  0,  0,  0,  0,  0,  2,  0,  0,  0,  3,  0,
   81              0,  4,  9,  0,  0,  0,  6,  0,  6,  6,  6,  6,  8,  6,  4,  8,  5,  3,  1,  0,  0,  0,  5,  0,
   82              0,  0,  0,  0,  0,  0,  0,  0,  0,  0,  0,  0,  0,  5,  0,  0,  0,  0,  0,  0,  0,  0,  5,  0,
   83              0,  0,  0,  0,  9,  5,  4,  0,  0,  0,  0,  0,  0,  5,  0,  0,  0,  6,  0,  3,  0,  0,  0,  5,
   84              9,  6,  1,  4,  1,  6,  6,
   85           }
   86          ,{
   87              8,  0,  4,  3,  6,  4,  7,  8,  6,  4,  0,  4,  6,  9,  7,  8,  4,  7,  0,  0,  7,  0,  7,  0,
   88              1,  8,  8,  6,  7,  3,  3,  1,  5,  4,  1,  0,  0,  0,  0,  0,  0,  0,  2,  0,  0,  0,  0,  0,
   89              0,  4,  3,  4,  0,  0,  6,  2,  1,  3,  5,  5,  4,  9,  6,  5,  7,  2,  5,  0,  6,  0,  6,  0,
   90              0,  0,  0,  0,  0,  0,  0,  0,  0,  0,  0,  0,  0,  3,  0,  0,  0,  0,  0,  0,  0,  0,  1,  0,
   91              0,  0,  0,  3,  7,  3,  7,  0,  0,  0,  0,  0,  0,  3,  4,  3,  6,  7,  3,  3,  3,  0,  1,  7,
   92              0,  6,  0,  2,  3,  6,  3,
   93           }
   94          ,{
   95              8,  0,  4,  3,  6,  4,  8,  8,  6,  4,  0,  4,  6,  7,  4,  8,  4,  2,  0,  0,  7,  0,  2,  0,
   96              1,  8,  8,  2,  6,  6,  1,  7,  5,  4,  1,  0,  0,  0,  0,  0,  0,  0,  2,  0,  0,  0,  2,  0,
   97              0,  4,  0,  0,  0,  0,  6,  3,  1,  8,  5,  2,  1,  3,  7,  0,  3,  7,  5,  0,  3,  0,  6,  0,
   98              0,  0,  0,  0,  0,  0,  0,  0,  0,  0,  0,  0,  0,  5,  0,  0,  0,  0,  0,  0,  0,  0,  0,  0,
   99              0,  0,  0,  6,  6,  0,  1,  0,  0,  0,  0,  0,  0,  3,  9,  3,  8,  4,  1,  2,  9,  9,  1,  6,
  100              4,  3,  4,  8,  4,  8,  3,
  101           }
  102          ,{
  103              8,  0,  4,  3,  6,  4,  3,  8,  6,  4,  0,  4,  6,  9,  1,  0,  4,  2,  0,  0,  2,  0,  1,  0,
  104              7,  8,  8,  0,  6,  6,  3,  5,  3,  4,  6,  0,  0,  0,  0,  0,  0,  0,  2,  0,  0,  0,  1,  0,
  105              0,  4,  4,  4,  0,  0,  6,  6,  1,  8,  9,  4,  3,  1,  6,  2,  3,  7,  0,  0,  3,  6,  8,  0,
  106              0,  0,  0,  0,  0,  0,  0,  0,  0,  0,  0,  0,  0,  0,  0,  0,  0,  0,  0,  0,  0,  0,  0,  0,
  107              0,  0,  0,  0,  8,  7,  2,  0,  0,  0,  0,  0,  0,  5,  4,  0,  3,  2,  3,  3,  1,  9,  7,  6,
  108              2,  2,  3,  6,  6,  8,  7,
  109           }
  110          ,{
  111              8,  0,  4,  3,  6,  4,  8,  8,  6,  4,  0,  4,  6,  6,  6,  8,  4,  3,  0,  0,  2,  0,  2,  0,
  112              7,  8,  8,  4,  1,  3,  6,  7,  5,  4,  1,  0,  0,  0,  0,  0,  0,  0,  2,  0,  0,  0,  5,  0,
  113              0,  4,  4,  4,  0,  0,  6,  3,  6,  5,  0,  2,  8,  1,  5,  8,  3,  1,  5,  0,  3,  0,  6,  0,
  114              0,  0,  0,  0,  0,  0,  0,  0,  0,  0,  0,  0,  0,  1,  0,  0,  0,  0,  0,  0,  0,  0,  5,  0,
  115              0,  0,  0,  0,  2,  4,  2,  0,  0,  0,  0,  0,  0,  3,  4,  7,  9,  1,  1,  0,  7,  0,  9,  9,
  116              0,  8,  8,  9,  9,  1,  2,
  117           }
  118          ,{
  119              8,  0,  4,  3,  6,  4,  8,  8,  6,  4,  0,  4,  6,  7,  4,  3,  4,  7,  0,  0,  2,  0,  2,  0,
  120              1,  8,  8,  7,  1,  6,  1,  8,  0,  4,  6,  0,  0,  0,  0,  0,  0,  0,  2,  0,  0,  0,  5,  0,
  121              0,  4,  9,  0,  0,  0,  6,  3,  1,  2,  6,  7,  1,  4,  7,  1,  7,  5,  3,  0,  6,  6,  8,  0,
C251 COMPILER V5.60.0,  rapt_v4                                                            19/08/26  02:19:42  PAGE 3   

  122              0,  0,  0,  0,  0,  0,  0,  0,  0,  0,  0,  0,  0,  5,  0,  0,  0,  0,  0,  0,  0,  0,  3,  0,
  123              0,  0,  0,  4,  8,  7,  4,  0,  0,  0,  0,  0,  0,  3,  9,  6,  2,  2,  3,  3,  8,  1,  4,  7,
  124              8,  8,  1,  6,  3,  6,  8,
  125           }
  126          };
  127          static const uint8 rapt_thr[RAPT_K][RAPT_NODES] = {
  128           {
  129             98,115, 16,121, 83, 12,101, 87, 62, 19,123,  0, 76, 83, 20, 12,135, 72, 66,  0,  2,  0, 34,  0,
  130              2,136,116, 27, 29,113, 65, 17,104,116, 83,  0,  0,  0,  0,  0,  0,  0,  9,  0,  0,  0, 42,  0,
  131              0, 11,  7,111,  0,  0, 80,  0, 64,  0, 50,  0, 35, 30,115, 33, 12, 25, 26,  0, 55, 62, 38,  0,
  132              0,  0,  0,  0,  0,  0,  0,  0,  0,  0,  0,  0,  0, 79,  0,  0,  0,  0,  0,  0,  0,106,  0,  0,
  133              0,  0,  0,  0,114,  4, 10,  0,  9,  0,  0,  0,  0,129,  0,  0,  0,  9,  0,  0,  0, 31,  0,  0,
  134              0,  0,  0,  7,109, 81, 22,
  135           }
  136          ,{
  137             98,110, 16,121, 83, 12,112, 87, 62, 20,123,  0, 76,136,109,104,135, 72,  0, 61,  2, 41,126,  0,
  138              2,136,116, 81, 71, 64,124, 25, 12,  8,  8,  0,  0,  0,  0,  0,103,  0,  9,  0,  0,  0,136,  0,
  139              0, 11,  7,  0,  0,  0, 80, 64, 85, 17, 13, 18, 65,135,118, 23, 39, 35,109, 91,101,  0, 83,  0,
  140              0,  0,  0,  0,  0,  0,  0,  0,  0,  0,  0,  0,  0, 94, 37,  0,  0,  0,  0,  0,  0,  0, 21,  0,
  141              0,  0,  0, 73,161, 28, 10,  0,  0,  0,  0,  0,  0,125,  0, 10,  3,120, 86, 70, 68,110, 29,135,
  142             75, 42, 89, 80, 27, 48,119,
  143           }
  144          ,{
  145             98,115, 17,121, 83, 12, 38, 87, 62, 19,123,  0, 76,  7,124, 17,135, 72,  0,  0, 19,  0, 46,  0,
  146             33,136,116, 78,  9,118, 26, 11, 90,  8, 83,  0,  0,  0,  0,  0,  0,  0,  9,  0,  0,  0, 42,  0,
  147              0,  1, 10, 16,  0,  0, 80, 25, 14, 98, 94,134, 13, 25, 65,  8, 12,104, 33, 91, 66, 62, 90,  0,
  148              0,  0,  0,  0,  0,  0,  0,  0,  0,  0,  0,  0,  0, 79,  0,  0,  0,  0,  0,  0,  0, 55,  0,  0,
  149              0,  0,  0,  0, 63,227, 32,  0,109,  0,  0,  0,  0,125, 16,112, 63,  3,111, 97, 99, 13,122, 77,
  150             69, 85, 19,103, 68,109,122,
  151           }
  152          ,{
  153             98,115, 16,121, 83, 12,114, 87, 62, 19,123,  0, 76, 72, 36,104,135, 72,  0,  0, 19,  0, 12,  0,
  154             33,136,116, 36, 61, 77, 47, 31, 12,  8, 83,  0,  0,  0,  0,  0,  0,  0,  9,  0,  0,  0,116,  0,
  155              0,  1, 10,  0,  0,  0, 80, 23, 92,101, 27,157,118,121, 67, 23, 32, 35,109, 91,101, 62, 90,  0,
  156              0,  0,  0,  0,  0,  0,  0,  0,  0,  0,  0,  0,  0, 57,  0,  0,  0,  0,  0,  0,  0, 70,  0,  0,
  157              0,  0,  0,  0, 19,  1, 32,  0,  0,  0,  0,  0,  0,129,  0, 21,  8,134,129,  0, 31,  0, 65,  0,
  158             85, 25,119,118, 25,109,121,
  159           }
  160          ,{
  161             98,115, 16,121, 83, 12,125, 90, 62, 19,123,  0, 76,133,147, 87,  7, 96,  0,  0, 19,  0, 12,  0,
  162              2,136,116,118, 20,121, 33, 12,135, 19, 70,  0,  0,  0,  0,  0,  0,  0,  9,  0,  0,  0, 75,  0,
  163              0, 11,  6,  0,  0,  0, 80, 86, 11,161, 65,133, 29, 71, 48, 35,104, 39, 46,  0,  0, 90,143,  0,
  164              0,  0,  0,  0,  0,  0,  0,  0,  0,  0,  0,  0,  0, 57,  0,  0,  0,  0,  0,  0,  0,  0, 70,  0,
  165              0,  0,  0,149, 25,  8,  7,  0,  0,  0,  0,  0,  0,125,  0, 80,140,  4, 76,  0,101, 30, 23, 23,
  166             14, 66,121,123,112, 27, 71,
  167           }
  168          ,{
  169             98,115, 16,121, 83, 12, 38, 87, 62, 19,123,  0, 76, 84, 47, 30,135, 72,  0,  0, 19,  0, 46,  0,
  170             33,136,116,  7,  6,132, 92, 59,105,  8, 83,  0,  0,  0,  0,  0,  0,  0,  9,  0,  0,  0, 35,  0,
  171              0,  1, 10,  0,  0,  0, 80, 81, 17,139,131,118,103, 90, 65,  1, 62, 22,109, 91,101, 62, 90,  0,
  172              0,  0,  0,  0,  0,  0,  0,  0,  0,  0,  0,  0,  0, 94,  0,  0,  0,  0,  0,  0,  0,  0,106,  0,
  173              0,  0,  0,  0, 10,227,105,  0,  0,  0,  0,  0,  0,129,  0, 25,116, 12, 65,125,114,127,134, 41,
  174            118,135, 19, 46, 68, 59,121,
  175           }
  176          ,{
  177             98,115, 16,121, 83, 12,101, 87, 62, 19,123,  0, 76, 83,125, 17,135,135,  0,  0,  2,  0, 34,  0,
  178             33,136,116, 27, 42,124,147, 11,103,  8, 83,  0,  0,  0,  0,  0,  0,  0,  9,  0,  0,  0,125,  0,
  179              0,  1, 10,  0,  0,  0, 80,  9, 64, 29, 79, 66,  1,119, 37,  8, 12, 32,104, 91,101, 62, 90,  0,
  180              0,  0,  0,  0,  0,  0,  0,  0,  0,  0,  0,  0,  0, 79,  0,  0,  0,  0,  0,  0,  0,  0,153,  0,
  181              0,  0,  0,  0,112,227, 19,  0,  0,  0,  0,  0,  0,125,  0, 99, 13,  9,  5,  0, 47, 97,  0,  6,
  182             91, 98,118, 82,146, 21, 45,
  183           }
  184          ,{
  185             98,115, 16,121, 83, 12,101, 87, 62, 19,123,  0, 76, 83,115,104,135, 96,  0,  0, 19,  0, 46,  0,
  186             33,136,116, 27,115, 31,109,  8, 12,  8, 83,  0,  0,  0,  0,  0,  0,  0,  9,  0,  0,  0,125,  0,
  187              0,  1, 10,  0,  0,  0, 80, 99, 64, 84, 39, 80,134, 64, 30, 90, 70, 60,109, 91,101, 62, 90,  0,
C251 COMPILER V5.60.0,  rapt_v4                                                            19/08/26  02:19:42  PAGE 4   

  188              0,  0,  0,  0,  0,  0,  0,  0,  0,  0,  0,  0,  0, 24,  0,  0,  0,  0,  0,  0,  0,  0, 42,  0,
  189              0,  0,  0,  0, 63,  7, 19,  0,  0,  0,  0,  0,  0,125,  0,  0, 47,  9, 65,  0,  0,102,121, 64,
  190             32, 77, 71, 18, 65, 31,118,
  191           }
  192          ,{
  193             98,115, 16,121, 83, 12,101, 90, 62, 19,123,  0, 76, 83,121, 87,  7, 72,  0,  0, 19,  0, 46,  0,
  194              2,136,116, 27, 85, 85, 23, 12,135,  0, 70,  0,  0,  0,  0,  0,  0,  0,  9,  0,  0,  0, 35,  0,
  195              0, 11,  7,  0,  0,  0, 80,  0, 64, 85, 84, 82,106, 68, 30, 35,104, 82, 17,  0,  0, 90,143,  0,
  196              0,  0,  0,  0,  0,  0,  0,  0,  0,  0,  0,  0,  0, 94,  0,  0,  0,  0,  0,  0,  0,  0,106,  0,
  197              0,  0,  0, 82, 54,130, 10,  0,  0,  0,  0,  0,  0,125,  0,  0,  0, 63,  0, 68,  0,  0,  0,142,
  198             30, 86, 34, 22, 36, 65, 63,
  199           }
  200          ,{
  201             98,115, 17,121, 83, 12, 38, 87, 62, 19,123,  0, 76,  7, 47, 17,135, 96,  0,  0, 19,  0, 46,  0,
  202              2,136,116, 78,  9,121, 92, 11,103,  8,  8,  0,  0,  0,  0,  0,  0,  0,  9,  0,  0,  0,125,  0,
  203              0, 11,136, 16,  0,  0, 80, 25, 14, 98,122,118, 30, 46, 65,129, 18,  7,104, 91, 66,  0, 83,  0,
  204              0,  0,  0,  0,  0,  0,  0,  0,  0,  0,  0,  0,  0, 57,  0,  0,  0,  0,  0,  0,  0,  0, 80,  0,
  205              0,  0,  0,126, 25,129, 33,  0,109,  0,  0,  0,  0,129, 16,112, 63, 17,111, 97, 99,139, 25, 45,
  206            146, 66,141, 29, 91, 59,121,
  207           }
  208          ,{
  209             98,115, 16,121, 83, 12,122, 87, 62, 19,123,  0, 76, 81, 26, 17,135, 72,  0,  0, 19,  0, 12,  0,
  210              2,136,116, 42, 65, 81, 25, 11,103,  8,  8,  0,  0,  0,  0,  0,  0,  0,  9,  0,  0,  0, 42,  0,
  211              0, 11,152,  0,  0,  0, 80, 92, 17,109,129, 29, 24,123, 47,  8, 12, 39,104, 91,101,  0, 83,  0,
  212              0,  0,  0,  0,  0,  0,  0,  0,  0,  0,  0,  0,  0, 94,  0,  0,  0,  0,  0,  0,  0,125,  0,  0,
  213              0,  0,  0, 60, 63,151,  9,  0,  0,  0,  0,  0,  0,129, 22, 85,120,131, 27, 64, 43, 46, 35, 68,
  214             21,116, 25,125, 29,125,121,
  215           }
  216          ,{
  217             98,115, 17,121, 83, 12, 92, 87, 62, 19,123,  0, 76, 43, 34, 90,135, 72,  0,  0,  2,  0, 34,  0,
  218             33,136,116,133, 71, 82,119,104, 33,  7, 83,  0,  0,  0,  0,  0,  0,  0,  9,  0,  0,  0, 80,  0,
  219              0,  1, 10, 16,  0,  0, 80, 84, 35,115, 46, 23,115, 35, 64, 10, 12, 22,109, 91,101, 62, 90,  0,
  220              0,  0,  0,  0,  0,  0,  0,  0,  0,  0,  0,  0,  0,136,  0,  0,  0,  0,  0,  0,  0,125,  0,  0,
  221              0,  0,  0,  0,112,227, 32,  0,109,  0,  0,  0,  0,125, 16,109, 88, 29, 91, 91, 16, 45, 13, 68,
  222             42,  8,121, 81, 65,106, 47,
  223           }
  224          ,{
  225             98,115, 17,121, 83, 12,101, 87, 62, 19,123,  0, 76, 83, 59, 17,135,135,  0,  0,  2,  0, 12,  0,
  226             33,136,116, 27, 42,115, 66, 11,103,  8,  8,  0,  0,  0,  0,  0,  0,  0,  9,  0,  0,  0, 75,  0,
  227              0,  1, 10, 16,  0,  0, 80,124, 64,102,121, 54,106, 10,124,  3, 12, 32,104, 91,101,  0, 83,  0,
  228              0,  0,  0,  0,  0,  0,  0,  0,  0,  0,  0,  0,  0, 24,  0,  0,  0,  0,  0,  0,  0,  0,106,  0,
  229              0,  0,  0,  0, 19,  1, 32,  0,109,  0,  0,  0,  0,129, 16, 32, 73,  9,  3,  0, 47,  0, 72,  0,
  230            138,105,109,  4, 14,  1,  4,
  231           }
  232          ,{
  233             98,115, 16,121, 83, 12,122, 87, 62, 19,123,  0, 76, 72, 26, 12,135, 96,  0,  0,  2,  0, 12,  0,
  234              2,136,116, 67, 27, 81, 25, 35, 90,  7, 83,  0,  0,  0,  0,  0,  0,  0,  9,  0,  0,  0, 75,  0,
  235              0, 11,  7,  0,  0,  0, 80,112, 26, 55, 65, 50, 28, 29, 45,  2, 56,104, 33, 91, 65, 62, 90,  0,
  236              0,  0,  0,  0,  0,  0,  0,  0,  0,  0,  0,  0,  0, 94,  0,  0,  0,  0,  0,  0,  0,  0, 70,  0,
  237              0,  0,  0,  7,114, 28, 10,  0,  0,  0,  0,  0,  0,129, 22, 85,  4, 44, 91,113,103, 29, 21,  9,
  238            131,124, 33, 66,122, 77,123,
  239           }
  240          };
  241          static const int8 rapt_leaf[RAPT_K][RAPT_LEAVES] = {
  242           {
  243            -61, 56,-75,-75,-42,-75,-75,-75,-75,-75,-75,-75,-75, 51,-75,-75,-75,-75,-75,-75, 56, 56, 56, 56,
  244             56, 56, 56, 56, 56, 56, 56, 56,-75,-75,-75,-75,-75,-75,-75,-75,-75,-75,-75,-75, 56,-75, 56, 56,
  245            -75,-75,-75,-75,-75,-75,-75,-75, 56, 56, 56, 56,-75, 56, 56, 56, 56, 56, 56, 56, 56, 56, 56, 56,
  246            -75,-75, 56,-75,-10,-74,-75,-74,-75,-75,-75,-75, 56, 56, 56, 56,-75,-75,-75,-75,-75, 56, 56, 56,
  247            -75,-75,-75,-75, 56,-75, 56, 56,-75,-75,-75,-75, 56,-75, 56, 56,-75,-75,-75,-75, 56, 56,-75,-75,
  248             56,-75, 42, 55, 55, 52, 39, 56,
  249           }
  250          ,{
  251            -10, 38, -5, -4, -4, 20, -4, -4, -4, -5, -4, -4,-26,-26,  2, -4, -4, -4, -4, -4,  4,  4,  4,  4,
  252              4,  4,  4,  4,  4,  4,  4,  4, -5, -5, -5, -5, -4, -4, -4, -4, -4, -4, -4, -4, -4,  4,  5,  4,
  253             -4, -4, -4, -4, -4, -4, -4, -4,  4,  4,  4,  4, -4, -4, -4,  4,  4,  4,  4,  4,  4,  4,  4,  4,
C251 COMPILER V5.60.0,  rapt_v4                                                            19/08/26  02:19:42  PAGE 5   

  254             -4, -4,  6, -5, -1, -4, -4, -4, -4, -4, -4, -4,  4,  4,  4,  4, -4, -4, -4, -4, -4,  4,  4,  4,
  255              5,-33, -4,  4, -6,-53, -6,  5,  4, -1,-113,  5,-127,  4,  2,  4, -7,  6,-45, 17,  4,  9,  4,  5,
  256              5,-29,  4,  2,  4,  6,  2,  4,
  257           }
  258          ,{
  259             -2,  6, -2, -2, -1, -2, -3, -2, -2, -2, -2, -2, -3,  2, -2, -2, -2, -2, -2, -2,  2,  2,  2,  2,
  260              2,  2,  2,  2,  2,  2,  2,  2, -2, -2, -2, -2, -2, -2, -2, -2, -2, -2, -2, -2,  2, -2,  2,  2,
  261             -2, -2, -2, -2, -2, -2, -2, -2,  2,  2,  2,  2,  2, -2,  2,  2,  2,  2,  2,  2,  2,  2,  2,  2,
  262              6,  6,  3, -2, -2, -2, -2, -3, -2, -2, -3, -5,  2,  2,  2,  2, -2, -2, -2, -2, -2,  2,  2,  2,
  263              3,  2,  3,-56,  3,-61,-14,  2, -2,-124,  6,  2,-10,  2,  2,  2,  3, -7,  0,  2,-24,  4, -1,  2,
  264             -5,  2,  1,-27,  8,  2,  2,  2,
  265           }
  266          ,{
  267             -6, 26, -4, -3, -2, 13, -3, -3, -2, -3, -3, -2, -4,  3, -3, -3, -3, -3, -3, -3,  2,  2,  2,  2,
  268              2,  2,  2,  2,  2,  2,  2,  2, -3, -3, -3, -3, -3, -3, -3, -3, -3, -3, -3, -3, -3,  2,  2,  2,
  269             -3, -3, -3, -3, -3, -3, -3, -3,  2,  2,  2,  2, -3,  2,  2,  2,  2,  2,  2,  2,  2,  2,  2,  2,
  270              7,  7, -3, -1, -3, -3, -3, -4, -3, -3, -3, -3,  2,  2,  2,  2, -3, -3, -3, -3, -3,  2,  2,  2,
  271             -4,-24,  1,  2,-10,  3,  3,  4, -2, -2,  8,  4,-22,-22,  6,  3,-65,-65,  3,  2,  5,  3,  1,  2,
  272              3, -3,  2,  3, -7,  2,  3,  2,
  273           }
  274          ,{
  275             -2,  1, -1, -2, -2, -2,  1, -2,  2,  2,  2,  2, -2,  1, -2,  2, -2, -2, -2, -2,  2,  2,  2,  2,
  276              2,  2,  2,  2,  2,  2,  2,  2, -2, -2, -2, -2, -2, -2, -2, -2, -2, -2, -2, -2, -2,  2,  2,  2,
  277             -2, -2, -2, -2, -2, -2, -2, -2,  2,  2,  2,  2,  2,  2, -2,  2,  2,  2,  2,  2,  2,  2,  2,  2,
  278             -2, -2, -2,  3, -2, -2, -1, -2, -2, -2, -2, -2,  2,  2,  2,  2, -2, -2, -2, -2, -2,  2,  2,  2,
  279              1,  0,  2,  2, -8,  1,  3,-49, -3, -3, -2, -2, -3,  2,  1,  2, 10,  1,  4,-68,-13,  2,  2,  2,
  280              2,  2,  2,  2,  2,  2,  2,  2,
  281           }
  282          ,{
  283             -2, -2, 25, -3, -8, -3, -2, -2, -2, -3, -2, -2, -4,  3, -3, -2, -2, -2, -2, -2,  2,  2,  2,  2,
  284              2,  2,  2,  2,  2,  2,  2,  2, -2, -2, -2, -2, -2, -2, -2, -2, -2, -2, -2, -2, -2,  2,  2,  2,
  285             -2, -2, -2, -2, -2, -2, -2, -2,  2,  2,  2,  2,  2,  2, -2,  2,  2,  2,  2,  2,  2,  2,  2,  2,
  286              7,  7, -2, -1, -2, -2, -4, -2, -2, -2, -2, -2,  2,  2,  2,  2, -2, -2, -2, -2, -2,  2,  2,  2,
  287              2,  0,-60,  3,  2, -5,  1,  2,  6,  3,  3,  2, 40,  5, -4,  3,-116, -8,  3, -1, -6,  2, -3,  2,
  288             -1,  3, -7,  3,  3, -1,  3,  2,
  289           }
  290          ,{
  291             -2,  5, -2, -2, -3, -2,  0, -2, -2, -2, -2, -2, -3,  2, -2, -2, -2, -2, -2, -2,  2,  2,  2,  2,
  292              2,  2,  2,  2,  2,  2,  2,  2, -2, -2, -2, -2, -2, -2, -2, -2, -2, -2, -2, -2,  2, -2,  2,  2,
  293             -2, -2, -2, -2, -2, -2, -2, -2,  2,  2,  2,  2,  2,  2, -2,  2,  2,  2,  2,  2,  2,  2,  2,  2,
  294              5,  5,  3, -2, -2, -2, -3, -2, -2, -2, -2, -2,  2,  2,  2,  2, -2, -2, -2, -2, -2,  2,  2,  2,
  295             -3, -3, -2, -2, -1,  2,  2,  2,  2,  2, -3, -1,  2,  2,  4,  4,  2,  0,  0,  2,-58,  2,  1, -1,
  296              2, -5,  2,  1,  2,  2,  3,  2,
  297           }
  298          ,{
  299             45, -9,-11, -5, -4, 24, -5, -5, -4, -6, -5, -4, -7,  5, -5, -5, -5, -5, -5, -5,  4,  4,  4,  4,
  300              4,  4,  4,  4,  4,  4,  4,  4, -5, -5, -5, -5, -5, -5, -5, -5, -5, -5, -5, -5,  4, -5,  4,  4,
  301             -5, -5, -5, -5, -5, -5, -5, -5,  4,  4,  4,  4,  4,  4, -5,  4,  4,  4,  4,  4,  4,  4,  4,  4,
  302             11, 11,  7, -4, -5, -5, -5, -5, -5, -5, -5, -5,  4,  4,  4,  4, -5, -5, -5, -5, -5,  4,  4,  4,
  303             -5, -5, -5, -5, -6,  4,  4,  4, -5, -5, -5, -5,  4, -5,  5,  4,  1,  4,-22,  5,  5, -3,  3,  5,
  304              3,-21,  8,  5,  5, -5,  5,  4,
  305           }
  306          ,{
  307             -8,  2, -7, -8, -9, -8, 12, -8,  9,  9,  9,  9,-11,  3, -8, 10, -8, -8, -8, -8,  8,  8,  8,  8,
  308              8,  8,  8,  8,  8,  8,  8,  8, -8, -8, -8, -8, -8, -8, -8, -8, -8, -8, -8, -8, -8,  8,  8,  8,
  309             -8, -8, -8, -8, -8, -8, -8, -8,  8,  8,  8,  8,  8,  8, -8,  8,  8,  8,  8,  8,  8,  8,  8,  8,
  310             -9, -8,  9,-10, -1, -8, -8, -8, -8, -8, -8, -8,  8,  8,  8,  8, -8, -8, -8, -8, -8,  8,  8,  8,
  311             -8, -8, -8, -8,  8, -9,  8,  8,  8, -8,  8,  8, -9, -9, -8, -8,  7,  2, -8,  8,-16,  9,  9,  8,
  312            -10,-43,  9,  8,-10,  8,  8,  8,
  313           }
  314          ,{
  315              6, -3, -2, -2, -3, -2,  0, -2, -2, -2, -2, -2,-14,-14,  1, -2, -2, -2, -2, -2,  2,  2,  2,  2,
  316              2,  2,  2,  2,  2,  2,  2,  2, -2, -2, -2, -2, -2, -2, -2, -2, -2, -2, -2, -2, -2,  2,  2,  2,
  317             -2, -2, -2, -2, -2, -2, -2, -2,  2,  2,  2,  2,  2,  2, -2,  2,  2,  2,  2,  2,  2,  2,  2,  2,
  318             -2, -2, -2,  3, -2, -2, -2, -2, -2, -2, -3, -5,  2,  2,  2,  2, -2, -2, -2, -2, -2,  2,  2,  2,
  319              3,  2,  3,-59,  3,-62,-15,  2, -3,-127,  6,  2,  3,  2,  2,  1,  3, -1, -1,-122, -6,  2,  2,  3,
C251 COMPILER V5.60.0,  rapt_v4                                                            19/08/26  02:19:42  PAGE 6   

  320             -7,  3,  2, -5,  2, -1,  2,  2,
  321           }
  322          ,{
  323             -2,  4, -2, -2, -2, -2,  0, -2, -1, -2, -2, -1,-11,-11,  1, -2, -2, -2, -2, -2,  2,  2,  2,  2,
  324              2,  2,  2,  2,  2,  2,  2,  2, -2, -2, -2, -2, -2, -2, -2, -2, -2, -2, -2, -2, -2,  2,  2,  2,
  325             -2, -2, -2, -2, -2, -2, -2, -2,  2,  2,  2,  2,  2, -2,  2,  2,  2,  2,  2,  2,  2,  2,  2,  2,
  326             -2, -2,  3, -2, -2,  0, -2, -2, -2, -2, -2, -2,  2,  2,  2,  2, -2, -2, -2, -2, -2,  2,  2,  2,
  327              2, -1,  2,  1, -2,  2,-15,  2,  6,  5,  4,  2,  2,  2,  2,  2,  2,  2, -3, -6, 15,  1,  2,  6,
  328              2,  2,  0,  2, -5,  1,  2,  2,
  329           }
  330          ,{
  331             17, -2, -2, -2, -6, -2, -2, -2, -2, -2, -2, -2, -3,  2, -2, -2, -2, -2, -2, -2,  2,  2,  2,  2,
  332              2,  2,  2,  2,  2,  2,  2,  2, -2, -2, -2, -2, -2, -2, -2, -2, -2, -2, -2, -2,  2, -2,  2,  2,
  333             -2, -2, -2, -2, -2, -2, -2, -2,  2,  2,  2,  2,  2, -2,  2,  2,  2,  2,  2,  2,  2,  2,  2,  2,
  334              5,  5,  3, -2, -2, -2, -2, -3, -2, -2, -2, -4,  2,  2,  2,  2, -2, -2, -2, -2, -2,  2,  2,  2,
  335             -2,  2,-25, -2,  2,  2,-70,-106,  2,  6,  1,-81,  3,-16, -2,  2, -6,  2,  2,  1,  2,-12,  3,  2,
  336              2,  4,  6,  2,  5,  3,  2,  2,
  337           }
  338          ,{
  339             -3,  8, -3, -3, -4, -3,  1, -3, -3, -3, -3, -3,-18,-18,  1, -3, -3, -3, -3, -3,  3,  3,  3,  3,
  340              3,  3,  3,  3,  3,  3,  3,  3, -3, -3, -3, -3, -3, -3, -3, -3, -3, -3, -3, -3,  3, -3,  3,  3,
  341             -3, -3, -3, -3, -3, -3, -3, -3,  3,  3,  3,  3,  3,  3, -3,  3,  3,  3,  3,  3,  3,  3,  3,  3,
  342              7,  7, -3, -1, -3, -3, -3, -4, -3, -3, -4, -7,  3,  3,  3,  3, -3, -3, -3, -3, -3,  3,  3,  3,
  343             -4, -3, -3, -3,  3, -2,  3,  3,  3,  3, -3, -2,  4,  4,  3,  3,  8,  4, 10,  4,  3,-30,  5,  3,
  344              1,  3,-17,  1,-23,  2,  2,  3,
  345           }
  346          ,{
  347             -1, -1,  8, -1,  0, -1, -2, -1, -1, -2, -1, -1, -2,  2, -2, -1, -1, -1, -1, -1,  1,  1,  1,  1,
  348              1,  1,  1,  1,  1,  1,  1,  1, -1, -1, -1, -1, -1, -1, -1, -1, -1, -1, -1, -1, -1,  1,  1,  1,
  349             -1, -1, -1, -1, -1, -1, -1, -1,  1,  1,  1,  1,  1,  1, -1,  1,  1,  1,  1,  1,  1,  1,  1,  1,
  350             -1, -1,  2, -1,  0, -1, -1, -1, -1, -1, -1, -1,  1,  1,  1,  1, -1, -1, -1, -1, -1,  1,  1,  1,
  351              1,  2,  0,  1,-77,  1, -4,  1,-32, -7, -1,  2, 11,  3, -3,  1,  2,  1, -4, -3,  9,  2,  3,  2,
  352            -15,  1,  1,  1,-37,  1,  1,  1,
  353           }
  354          };
  355          
  356          /* Baseline implementation: heap-layout complete trees, uint8 thresholds,
  357           * int8 leaves, int32 accumulator. One sample = RAPT_K x RAPT_DEPTH compares. */
  358          uint8 roundabout_priority_tree_predict(uint16 CH1, uint16 CH2, uint16 CH3,
  359                                                 uint16 CH4, uint16 TOF)
  360          {
  361   1          uint8 x[10];
  362   1          int32 acc = 0;
  363   1          uint8 lv;
  364   1          int t, idx;
  365   1          {
  366   2              uint8 c1 = CH1 > 255u ? 255u : (uint8)CH1;
  367   2              uint8 c2 = CH2 > 255u ? 255u : (uint8)CH2;
  368   2              uint8 c3 = CH3 > 255u ? 255u : (uint8)CH3;
  369   2              uint8 c4 = CH4 > 255u ? 255u : (uint8)CH4;
  370   2              uint32 q = (uint32)TOF / 32u, r = (uint32)TOF % 32u;
  371   2              uint8 tf;
  372   2              int v;
  373   2              if (r > 16u) q += 1u;
  374   2              else if (r == 16u) q += (q & 1u);          /* round half to even, matches training */
  375   2              tf = q > 255u ? 255u : (uint8)q;
  376   2              x[0] = c1; x[1] = c2; x[2] = c3; x[3] = c4; x[4] = tf;
  377   2              v = ((int)c4 - (int)c1 + 268) / 2;  x[5] = (uint8)(v > 255 ? 255 : v);
  378   2              v = ((int)c2 - (int)c3 + 148) / 2;  x[6] = (uint8)(v > 255 ? 255 : v);
  379   2              v = (int)c2 + (int)c3;              x[7] = (uint8)(v > 255 ? 255 : v);
  380   2              v = ((int)c1 + (int)c4) / 2;        x[8] = (uint8)(v > 255 ? 255 : v);
  381   2              v = c1 > c4 ? (int)c1 - (int)c4 : (int)c4 - (int)c1;
  382   2                                                  x[9] = (uint8)(v > 255 ? 255 : v);
  383   2          }
  384   1          for (t = 0; t < RAPT_K; ++t) {
  385   2              idx = 0;
C251 COMPILER V5.60.0,  rapt_v4                                                            19/08/26  02:19:42  PAGE 7   

  386   2              for (lv = 0; lv < RAPT_DEPTH; ++lv)
  387   2                  idx = idx * 2 + 1 + (x[rapt_feat[t][idx]] > rapt_thr[t][idx]);
  388   2              acc += rapt_leaf[t][idx - RAPT_NODES];
  389   2          }
  390   1          return (acc >= RAPT_TAU) ? (uint8)1 : (uint8)0;
  391   1      }
  392          


Module Information          Static   Overlayable
------------------------------------------------
  code size            =    ------     ------
  ecode size           =       999     ------
  data size            =    ------     ------
  idata size           =    ------     ------
  pdata size           =    ------     ------
  xdata size           =        44     ------
  xdata-const size     =    ------     ------
  edata size           =    ------     ------
  bit size             =    ------     ------
  ebit size            =    ------     ------
  bitaddressable size  =    ------     ------
  ebitaddressable size =    ------     ------
  far data size        =    ------     ------
  huge data size       =    ------     ------
  const size           =    ------     ------
  hconst size          =      5348     ------
End of Module Information.


C251 COMPILATION COMPLETE.  0 WARNING(S),  0 ERROR(S)
