C251 COMPILER V5.60.0,  service_imu                                                        16/07/26  17:27:14  PAGE 1   


C251 COMPILER V5.60.0, COMPILATION OF MODULE service_imu
OBJECT MODULE PLACED IN .\out_file\service_imu.obj
COMPILER INVOKED BY: D:\APPs\Keil\C251\BIN\C251.EXE ..\L2_SERVICE\service_imu.c LARGE ROM(HUGE) WARNINGLEVEL(3) OPTIMIZE
                    -(0,SPEED) BROWSE INCDIR(..\..\libraries\zf_common;..\..\libraries\zf_components;..\..\libraries\zf_device;..\..\librarie
                    -s\zf_driver;..\user;..\code;..\L0_SYS;..\L1_BSP;..\L2_SERVICE;..\L3_APP;..\LL_Shared_Source;..\..\libraries\zf_component
                    -s\stc32g_usb_lib;..\..\libraries\zf_components\seekfree_assistant) DEBUG PRINT(.\out_file\service_imu.lst) TABS(2) OBJEC
                    -T(.\out_file\service_imu.obj) 

stmt  level    source

    1          #include "zf_common_headfile.h"
    2          #include "sys_tfpu.h"
    3          #include "bsp_include.h"
    4          #include "service_delay.h"
    5          #include "service_wireless_uart.h"
    6          #include "service_imu.h"
    7          
    8          #define SERVICE_IMU_CALIBRATE_COUNT     (200U)
    9          #define SERVICE_IMU_CALIBRATE_INTERVAL  (10U)
   10          
   11          static float gyro_x_offset = 0.0f;
   12          static float gyro_z_offset = 0.0f;
   13          
   14          void service_imu_init(void)
   15          {
   16   1          bsp_imu_init();
   17   1      }
   18          
   19          void service_imu_calibrate_gyro_z(void)
   20          {
   21   1          uint16 i;
   22   1          float sum = 0.0f;
   23   1      
   24   1          wprint("gz calibrating...\r\n");
   25   1          for(i = 0U; i < SERVICE_IMU_CALIBRATE_COUNT; i++)
   26   1          {
   27   2              sum += bsp_imu_read_gyro_z();
   28   2              service_delay_ms(SERVICE_IMU_CALIBRATE_INTERVAL);
   29   2          }
   30   1      
   31   1          gyro_z_offset = sum / (float)SERVICE_IMU_CALIBRATE_COUNT;
   32   1          wprint("gz offset=%.3f\r\n", gyro_z_offset);
   33   1      }
   34          
   35          void service_imu_calibrate_gyro_x(void)
   36          {
   37   1          uint16 i;
   38   1          float sum = 0.0f;
   39   1          bsp_imu_gyro_t raw;
   40   1      
   41   1          wprint("gx calibrating...\r\n");
   42   1          for(i = 0U; i < SERVICE_IMU_CALIBRATE_COUNT; i++)
   43   1          {
   44   2              bsp_imu_read_gyro(&raw);
   45   2              sum += raw.gyro_x;
   46   2              service_delay_ms(SERVICE_IMU_CALIBRATE_INTERVAL);
   47   2          }
   48   1      
   49   1          gyro_x_offset = sum / (float)SERVICE_IMU_CALIBRATE_COUNT;
   50   1          wprint("gx offset=%.3f\r\n", gyro_x_offset);
   51   1      }
   52          
   53          void service_imu_read_gyro(service_imu_gyro_t *out_data)
   54          {
   55   1          bsp_imu_gyro_t raw;
C251 COMPILER V5.60.0,  service_imu                                                        16/07/26  17:27:14  PAGE 2   

   56   1      
   57   1          if(NULL == out_data)
   58   1          {
   59   2              return;
   60   2          }
   61   1      
   62   1          bsp_imu_read_gyro(&raw);
   63   1          out_data->gyro_x = tfpu_sub(raw.gyro_x, gyro_x_offset);
   64   1          out_data->gyro_y = raw.gyro_y;
   65   1          out_data->gyro_z = tfpu_sub(raw.gyro_z, gyro_z_offset);
   66   1      }
   67          
   68          float service_imu_read_gyro_z(void)
   69          {
   70   1          return tfpu_sub(bsp_imu_read_gyro_z(), gyro_z_offset);
   71   1      }


Module Information          Static   Overlayable
------------------------------------------------
  code size            =    ------     ------
  ecode size           =       521     ------
  data size            =    ------     ------
  idata size           =    ------     ------
  pdata size           =    ------     ------
  xdata size           =        48     ------
  xdata-const size     =    ------     ------
  edata size           =    ------     ------
  bit size             =    ------     ------
  ebit size            =    ------     ------
  bitaddressable size  =    ------     ------
  ebitaddressable size =    ------     ------
  far data size        =    ------     ------
  huge data size       =    ------     ------
  const size           =    ------     ------
  hconst size          =        92     ------
End of Module Information.


C251 COMPILATION COMPLETE.  0 WARNING(S),  0 ERROR(S)
