C251 COMPILER V5.60.0,  service_timetick                                                   24/07/26  19:08:28  PAGE 1   


C251 COMPILER V5.60.0, COMPILATION OF MODULE service_timetick
OBJECT MODULE PLACED IN .\out_file\service_timetick.obj
COMPILER INVOKED BY: D:\C251keil\C251\BIN\C251.EXE ..\L2_SERVICE\service_timetick.c LARGE ROM(HUGE) WARNINGLEVEL(3) OPTI
                    -MIZE(0,SPEED) BROWSE INCDIR(..\..\libraries\zf_common;..\..\libraries\zf_components;..\..\libraries\zf_device;..\..\libr
                    -aries\zf_driver;..\user;..\code;..\L0_SYS;..\L1_BSP;..\L2_SERVICE;..\L3_APP;..\LL_Shared_Source;..\..\libraries\zf_compo
                    -nents\stc32g_usb_lib;..\..\libraries\zf_components\seekfree_assistant) DEBUG PRINT(.\out_file\service_timetick.lst) OBJE
                    -CT(.\out_file\service_timetick.obj) 

stmt  level    source

    1          #include "zf_common_headfile.h"
    2          #include "service_timetick.h"
    3          
    4          static volatile uint32 time;
    5          
    6          static void timetick_new(void);
    7          
    8          /*时间戳单位:0.1ms*/
    9          void service_timetick_init(void)
   10          {
   11   1          time = 0;
   12   1          pit_us_init(TIM0_PIT,100,timetick_new);
   13   1      }
   14          
   15          void service_timetick_debug(void)
   16          {
   17   1          printf("[timetick:time=%ld.]\r\n", service_timetick_what());
   18   1      }
   19          
   20          uint32 service_timetick_what(void)
   21          {
   22   1          uint32 snapshot;
   23   1          uint8 ea_backup;
   24   1      
   25   1          /* `time` is advanced by TIM0.  Publish a complete 32-bit tick to both
   26   1           * background state machines and higher-priority control timers. */
   27   1          ea_backup = EA;
   28   1          EA = 0;
   29   1          snapshot = time;
   30   1          EA = ea_backup;
   31   1          return snapshot;
   32   1      }
   33          
   34          static void timetick_new(void)
   35          {
   36   1          time++;
   37   1      }


Module Information          Static   Overlayable
------------------------------------------------
  code size            =    ------     ------
  ecode size           =       174     ------
  data size            =    ------     ------
  idata size           =    ------     ------
  pdata size           =    ------     ------
  xdata size           =         9     ------
  xdata-const size     =    ------     ------
  edata size           =    ------     ------
  bit size             =    ------     ------
  ebit size            =    ------     ------
  bitaddressable size  =    ------     ------
  ebitaddressable size =    ------     ------
  far data size        =    ------     ------
  huge data size       =    ------     ------
  const size           =    ------     ------
C251 COMPILER V5.60.0,  service_timetick                                                   24/07/26  19:08:28  PAGE 2   

  hconst size          =        23     ------
End of Module Information.


C251 COMPILATION COMPLETE.  0 WARNING(S),  0 ERROR(S)
