C251 COMPILER V5.60.0,  service_packet                                                     17/08/26  16:08:22  PAGE 1   


C251 COMPILER V5.60.0, COMPILATION OF MODULE service_packet
OBJECT MODULE PLACED IN .\out_file\service_packet.obj
COMPILER INVOKED BY: D:\C251keil\C251\BIN\C251.EXE ..\L2_SERVICE\service_packet.c LARGE ROM(HUGE) WARNINGLEVEL(3) OPTIMI
                    -ZE(0,SPEED) BROWSE INCDIR(..\..\libraries\zf_common;..\..\libraries\zf_components;..\..\libraries\zf_device;..\..\librar
                    -ies\zf_driver;..\user;..\code;..\L0_SYS;..\L1_BSP;..\L2_SERVICE;..\L3_APP;..\LL_Shared_Source;..\..\libraries\zf_compone
                    -nts\stc32g_usb_lib;..\..\libraries\zf_components\seekfree_assistant) DEBUG PRINT(.\out_file\service_packet.lst) OBJECT(.
                    -\out_file\service_packet.obj) 

stmt  level    source

    1          #include "zf_common_headfile.h"
    2          #include "sys_tfpu.h"
    3          #include "service_function_queue.h"
    4          #include "service_wireless_uart.h"
    5          #include "service_packet.h"
    6          
    7          #define SERVICE_PACKET_RX_READ_SIZE       (256U)
    8          #define SERVICE_PACKET_FRAME_MAX          (128U)
    9          #define SERVICE_PACKET_TX_FRAME_MAX       (128U)
   10          #define SERVICE_PACKET_NAME_SNAPSHOT_MAX  (32U)
   11          #define SERVICE_PACKET_TRIGGER_PRIORITY   (1U)
   12          #define SERVICE_PACKET_REPLY_FLOAT_SCALE  (1000.0f)
   13          #define SERVICE_PACKET_REPLY_FLOAT_BASE   (1000UL)
   14          #define SERVICE_PACKET_TARGET_LIMIT_MPS   (10.0f)
   15          #define SERVICE_PACKET_FLOAT_DIGIT_BASE   (10.0f)
   16          #define SERVICE_PACKET_FLOAT_FRACTION_MAX (6U)
   17          
   18          typedef struct
   19          {
   20              const char *name;
   21              float *value;
   22              uint8 value_count;
   23              service_packet_write_callback_t callback;
   24          } service_packet_variable_t;
   25          
   26          typedef struct
   27          {
   28              const char *name;
   29              service_packet_action_func_t func;
   30              uint32 delay_ms;
   31          } service_packet_action_t;
   32          
   33          typedef enum
   34          {
   35              SERVICE_PACKET_RX_WAIT_HEAD_1 = 0,
   36              SERVICE_PACKET_RX_WAIT_HEAD_2,
   37              SERVICE_PACKET_RX_BODY,
   38              SERVICE_PACKET_RX_TAIL_2,
   39          } service_packet_rx_state_t;
   40          
   41          static service_packet_variable_t packet_variables[SERVICE_PACKET_VARIABLE_MAX];
   42          static service_packet_action_t packet_actions[SERVICE_PACKET_ACTION_MAX];
   43          static uint8 packet_variable_count = 0U;
   44          static uint8 packet_action_count = 0U;
   45          
   46          static service_packet_rx_state_t packet_rx_state = SERVICE_PACKET_RX_WAIT_HEAD_1;
   47          static char packet_frame[SERVICE_PACKET_FRAME_MAX];
   48          static char packet_reply[SERVICE_PACKET_TX_FRAME_MAX];
   49          static uint8 packet_frame_index = 0U;
   50          static volatile uint32 packet_rx_byte_total = 0U;
   51          static volatile uint32 packet_frame_total = 0U;
   52          static volatile uint32 packet_read_total = 0U;
   53          static volatile uint32 packet_read_miss_total = 0U;
   54          static volatile uint32 packet_write_total = 0U;
   55          static volatile uint32 packet_write_ok_total = 0U;
C251 COMPILER V5.60.0,  service_packet                                                     17/08/26  16:08:22  PAGE 2   

   56          static volatile uint32 packet_write_miss_total = 0U;
   57          static volatile uint32 packet_write_parse_fail_total = 0U;
   58          static char packet_last_miss_name[SERVICE_PACKET_NAME_SNAPSHOT_MAX];
   59          
   60          static void service_packet_save_miss_name(const char *name);
   61          static void service_packet_append_char(char *buffer, uint8 *index, char value);
   62          static void service_packet_append_string(char *buffer, uint8 *index, const char *text);
   63          static void service_packet_append_uint32(char *buffer, uint8 *index, uint32 value);
   64          static void service_packet_append_float3(char *buffer, uint8 *index, float value);
   65          static float service_packet_parse_float_tfpu(const char *text);
   66          static uint8 service_packet_target_value_is_valid(const char *name, const float *value, uint8 value_count
             -);
   67          
   68          //-------------------------------------------------------------------------------------------------------
             -------------
   69          // 函数简介     判断字符是否为帧字段分隔符
   70          // 参数说明     value           待判断字符
   71          // 返回参数     uint8           1：是字段分隔符 0：不是字段分隔符
   72          // 使用示例     内部调用，用户无需关心
   73          //-------------------------------------------------------------------------------------------------------
             -------------
   74          static uint8 service_packet_is_field_separator(char value)
   75          {
   76   1          return ((',' == value) || (':' == value) || ('=' == value) ||
   77   1                  (' ' == value) || ('\t' == value));
   78   1      }
   79          
   80          //-------------------------------------------------------------------------------------------------------
             -------------
   81          // 函数简介     判断字符是否为数值列表分隔符
   82          // 参数说明     value           待判断字符
   83          // 返回参数     uint8           1：是数值分隔符 0：不是数值分隔符
   84          // 使用示例     内部调用，用户无需关心
   85          //-------------------------------------------------------------------------------------------------------
             -------------
   86          static uint8 service_packet_is_value_separator(char value)
   87          {
   88   1          return ((',' == value) || (';' == value) || ('|' == value) ||
   89   1                  (' ' == value) || ('\t' == value));
   90   1      }
   91          
   92          //-------------------------------------------------------------------------------------------------------
             -------------
   93          // 函数简介     跳过字段分隔符
   94          // 参数说明     text            字符串当前位置
   95          // 返回参数     char *          跳过分隔符后的字符串位置
   96          // 使用示例     内部调用，用户无需关心
   97          //-------------------------------------------------------------------------------------------------------
             -------------
   98          static char *service_packet_skip_field_separator(char *text)
   99          {
  100   1          while(('\0' != *text) && (0U != service_packet_is_field_separator(*text)))
  101   1          {
  102   2              text++;
  103   2          }
  104   1      
  105   1          return text;
  106   1      }
  107          
  108          //-------------------------------------------------------------------------------------------------------
             -------------
  109          // 函数简介     跳过数值列表分隔符
  110          // 参数说明     text            字符串当前位置
  111          // 返回参数     char *          跳过分隔符后的字符串位置
  112          // 使用示例     内部调用，用户无需关心
  113          //-------------------------------------------------------------------------------------------------------
C251 COMPILER V5.60.0,  service_packet                                                     17/08/26  16:08:22  PAGE 3   

             -------------
  114          static char *service_packet_skip_value_separator(char *text)
  115          {
  116   1          while(('\0' != *text) && (0U != service_packet_is_value_separator(*text)))
  117   1          {
  118   2              text++;
  119   2          }
  120   1      
  121   1          return text;
  122   1      }
  123          
  124          //-------------------------------------------------------------------------------------------------------
             -------------
  125          // 函数简介     判断字符是否为浮点数字符
  126          // 参数说明     value           待判断字符
  127          // 返回参数     uint8           1：是浮点数字符 0：不是浮点数字符
  128          // 使用示例     内部调用，用户无需关心
  129          //-------------------------------------------------------------------------------------------------------
             -------------
  130          static uint8 service_packet_is_number_char(char value)
  131          {
  132   1          return ((('0' <= value) && ('9' >= value)) || ('+' == value) ||
  133   1                  ('-' == value) || ('.' == value));
  134   1      }
  135          
  136          //-------------------------------------------------------------------------------------------------------
             -------------
  137          // 函数简介     根据变量名查找变量映射
  138          // 参数说明     name            变量名称
  139          // 返回参数     service_packet_variable_t * 变量映射指针 NULL：未找到
  140          // 使用示例     内部调用，用户无需关心
  141          //-------------------------------------------------------------------------------------------------------
             -------------
  142          static service_packet_variable_t *service_packet_find_variable(const char *name)
  143          {
  144   1          uint8 i;
  145   1      
  146   1          for(i = 0; i < packet_variable_count; i++)
  147   1          {
  148   2              if(0 == strcmp(packet_variables[i].name, name))
  149   2              {
  150   3                  return &packet_variables[i];
  151   3              }
  152   2          }
  153   1      
  154   1          return NULL;
  155   1      }
  156          
  157          //-------------------------------------------------------------------------------------------------------
             -------------
  158          // 函数简介     根据操作名查找触发动作映射
  159          // 参数说明     name            操作名称
  160          // 返回参数     service_packet_action_t *   动作映射指针 NULL：未找到
  161          // 使用示例     内部调用，用户无需关心
  162          //-------------------------------------------------------------------------------------------------------
             -------------
  163          static service_packet_action_t *service_packet_find_action(const char *name)
  164          {
  165   1          uint8 i;
  166   1      
  167   1          for(i = 0; i < packet_action_count; i++)
  168   1          {
  169   2              if(0 == strcmp(packet_actions[i].name, name))
  170   2              {
  171   3                  return &packet_actions[i];
  172   3              }
C251 COMPILER V5.60.0,  service_packet                                                     17/08/26  16:08:22  PAGE 4   

  173   2          }
  174   1      
  175   1          return NULL;
  176   1      }
  177          
  178          static void service_packet_save_miss_name(const char *name)
  179          {
  180   1          uint8 i = 0U;
  181   1      
  182   1          if(NULL == name)
  183   1          {
  184   2              packet_last_miss_name[0] = '\0';
  185   2              return;
  186   2          }
  187   1      
  188   1          while(('\0' != name[i]) && (i < (SERVICE_PACKET_NAME_SNAPSHOT_MAX - 1U)))
  189   1          {
  190   2              packet_last_miss_name[i] = name[i];
  191   2              i++;
  192   2          }
  193   1      
  194   1          packet_last_miss_name[i] = '\0';
  195   1      }
  196          
  197          static void service_packet_append_char(char *buffer, uint8 *index, char value)
  198          {
  199   1          if(*index < (SERVICE_PACKET_TX_FRAME_MAX - 1U))
  200   1          {
  201   2              buffer[*index] = value;
  202   2              (*index)++;
  203   2          }
  204   1      }
  205          
  206          static void service_packet_append_string(char *buffer, uint8 *index, const char *text)
  207          {
  208   1          if(NULL == text)
  209   1          {
  210   2              return;
  211   2          }
  212   1      
  213   1          while('\0' != *text)
  214   1          {
  215   2              service_packet_append_char(buffer, index, *text);
  216   2              text++;
  217   2          }
  218   1      }
  219          
  220          static void service_packet_append_uint32(char *buffer, uint8 *index, uint32 value)
  221          {
  222   1          char temp[10];
  223   1          uint8 temp_index = 0U;
  224   1      
  225   1          if(0UL == value)
  226   1          {
  227   2              service_packet_append_char(buffer, index, '0');
  228   2              return;
  229   2          }
  230   1      
  231   1          while((0UL != value) && (temp_index < sizeof(temp)))
  232   1          {
  233   2              temp[temp_index] = (char)('0' + (value % 10UL));
  234   2              value /= 10UL;
  235   2              temp_index++;
  236   2          }
  237   1      
  238   1          while(0U != temp_index)
C251 COMPILER V5.60.0,  service_packet                                                     17/08/26  16:08:22  PAGE 5   

  239   1          {
  240   2              temp_index--;
  241   2              service_packet_append_char(buffer, index, temp[temp_index]);
  242   2          }
  243   1      }
  244          
  245          static void service_packet_append_float3(char *buffer, uint8 *index, float value)
  246          {
  247   1          long scaled_signed;
  248   1          uint32 scaled;
  249   1          uint32 integer_part;
  250   1          uint32 fraction_part;
  251   1      
  252   1          if(0.0f > value)
  253   1          {
  254   2              service_packet_append_char(buffer, index, '-');
  255   2              value = tfpu_sub(0.0f, value);
  256   2          }
  257   1      
  258   1          scaled_signed = tfpu_float2int(tfpu_add(tfpu_mul(value, SERVICE_PACKET_REPLY_FLOAT_SCALE), 0.5f));
  259   1          scaled = (uint32)scaled_signed;
  260   1          integer_part = scaled / SERVICE_PACKET_REPLY_FLOAT_BASE;
  261   1          fraction_part = scaled % SERVICE_PACKET_REPLY_FLOAT_BASE;
  262   1      
  263   1          service_packet_append_uint32(buffer, index, integer_part);
  264   1          service_packet_append_char(buffer, index, '.');
  265   1          service_packet_append_char(buffer, index, (char)('0' + (fraction_part / 100UL)));
  266   1          fraction_part %= 100UL;
  267   1          service_packet_append_char(buffer, index, (char)('0' + (fraction_part / 10UL)));
  268   1          service_packet_append_char(buffer, index, (char)('0' + (fraction_part % 10UL)));
  269   1      }
  270          
  271          static float service_packet_parse_float_tfpu(const char *text)
  272          {
  273   1          float integer_part = 0.0f;
  274   1          float fraction_part = 0.0f;
  275   1          float fraction_scale = 1.0f;
  276   1          float result;
  277   1          float digit_value;
  278   1          uint8 negative = 0U;
  279   1          uint8 fraction_found = 0U;
  280   1          uint8 fraction_digit_count = 0U;
  281   1      
  282   1          if('-' == *text)
  283   1          {
  284   2              negative = 1U;
  285   2              text++;
  286   2          }
  287   1          else if('+' == *text)
  288   1          {
  289   2              text++;
  290   2          }
  291   1      
  292   1          while('\0' != *text)
  293   1          {
  294   2              if('.' == *text)
  295   2              {
  296   3                  fraction_found = 1U;
  297   3                  text++;
  298   3                  continue;
  299   3              }
  300   2      
  301   2              digit_value = tfpu_int2float((long)((uint8)(*text) - (uint8)'0'));
  302   2              if(0U == fraction_found)
  303   2              {
  304   3                  integer_part = tfpu_add(tfpu_mul(integer_part, SERVICE_PACKET_FLOAT_DIGIT_BASE), digit_value)
C251 COMPILER V5.60.0,  service_packet                                                     17/08/26  16:08:22  PAGE 6   

             -;
  305   3              }
  306   2              else if(SERVICE_PACKET_FLOAT_FRACTION_MAX > fraction_digit_count)
  307   2              {
  308   3                  fraction_part = tfpu_add(tfpu_mul(fraction_part, SERVICE_PACKET_FLOAT_DIGIT_BASE), digit_valu
             -e);
  309   3                  fraction_scale = tfpu_mul(fraction_scale, SERVICE_PACKET_FLOAT_DIGIT_BASE);
  310   3                  fraction_digit_count++;
  311   3              }
  312   2      
  313   2              text++;
  314   2          }
  315   1      
  316   1          result = (0U != fraction_found) ?
  317   1                  tfpu_add(integer_part, tfpu_div(fraction_part, fraction_scale)) : integer_part;
  318   1          return (0U != negative) ? tfpu_sub(0.0f, result) : result;
  319   1      }
  320          
  321          static uint8 service_packet_target_value_is_valid(const char *name, const float *value, uint8 value_count
             -)
  322          {
  323   1          float target_min;
  324   1      
  325   1          if((0 != strcmp(name, "SLT")) && (0 != strcmp(name, "SRT")))
  326   1          {
  327   2              return 1U;
  328   2          }
  329   1      
  330   1          if((NULL == value) || (1U != value_count))
  331   1          {
  332   2              return 0U;
  333   2          }
  334   1      
  335   1          target_min = tfpu_sub(0.0f, SERVICE_PACKET_TARGET_LIMIT_MPS);
  336   1          if((value[0] > SERVICE_PACKET_TARGET_LIMIT_MPS) || (value[0] < target_min) || (value[0] != value[0]))
  337   1          {
  338   2              return 0U;
  339   2          }
  340   1      
  341   1          return 1U;
  342   1      }
  343          
  344          //-------------------------------------------------------------------------------------------------------
             -------------
  345          // 函数简介     解析浮点数列表
  346          // 参数说明     text            数值字符串
  347          // 参数说明     out_value       解析结果保存地址
  348          // 参数说明     value_count     需要解析的数值个数
  349          // 返回参数     uint8           1：解析成功 0：解析失败
  350          // 使用示例     内部调用，用户无需关心
  351          //-------------------------------------------------------------------------------------------------------
             -------------
  352          static uint8 service_packet_parse_float_list(char *text, float *out_value, uint8 value_count)
  353          {
  354   1          uint8 i;
  355   1          uint8 digit_found;
  356   1          uint8 point_found;
  357   1          char *token_start;
  358   1          char delimiter;
  359   1      
  360   1          for(i = 0; i < value_count; i++)
  361   1          {
  362   2              text = service_packet_skip_value_separator(text);
  363   2              if('\0' == *text)
  364   2              {
  365   3                  return 0U;
C251 COMPILER V5.60.0,  service_packet                                                     17/08/26  16:08:22  PAGE 7   

  366   3              }
  367   2      
  368   2              token_start = text;
  369   2              digit_found = 0U;
  370   2              point_found = 0U;
  371   2      
  372   2              if(('+' == *text) || ('-' == *text))
  373   2              {
  374   3                  text++;
  375   3              }
  376   2      
  377   2              while(0U != service_packet_is_number_char(*text))
  378   2              {
  379   3                  if(('.' == *text) && (0U != point_found))
  380   3                  {
  381   4                      return 0U;
  382   4                  }
  383   3                  else if('.' == *text)
  384   3                  {
  385   4                      point_found = 1U;
  386   4                  }
  387   3                  else if(('0' <= *text) && ('9' >= *text))
  388   3                  {
  389   4                      digit_found = 1U;
  390   4                  }
  391   3      
  392   3                  text++;
  393   3              }
  394   2      
  395   2              if(0U == digit_found)
  396   2              {
  397   3                  return 0U;
  398   3              }
  399   2      
  400   2              if(('\0' != *text) && (0U == service_packet_is_value_separator(*text)))
  401   2              {
  402   3                  return 0U;
  403   3              }
  404   2      
  405   2              delimiter = *text;
  406   2              *text = '\0';
  407   2              out_value[i] = service_packet_parse_float_tfpu(token_start);
  408   2      
  409   2              if('\0' == delimiter)
  410   2              {
  411   3                  return (i == (value_count - 1U));
  412   3              }
  413   2      
  414   2              text++;
  415   2          }
  416   1      
  417   1          text = service_packet_skip_value_separator(text);
  418   1      
  419   1          return ('\0' == *text);
  420   1      }
  421          
  422          //-------------------------------------------------------------------------------------------------------
             -------------
  423          // 函数简介     通过无线串口输出变量名称和当前数值
  424          // 参数说明     variable        变量映射指针
  425          // 返回参数     void
  426          // 使用示例     内部调用，用户无需关心
  427          // 备注信息     输出格式为 name,value0,value1...\r\n
  428          //-------------------------------------------------------------------------------------------------------
             -------------
  429          static void service_packet_print_variable(service_packet_variable_t *variable)
C251 COMPILER V5.60.0,  service_packet                                                     17/08/26  16:08:22  PAGE 8   

  430          {
  431   1          uint8 i;
  432   1          uint8 index = 0U;
  433   1          uint8 ea_backup;
  434   1          float value_copy[SERVICE_PACKET_VALUE_MAX];
  435   1      
  436   1          ea_backup = EA;
  437   1          EA = 0;
  438   1          for(i = 0; i < variable->value_count; i++)
  439   1          {
  440   2              value_copy[i] = variable->value[i];
  441   2          }
  442   1          EA = ea_backup;
  443   1      
  444   1          service_packet_append_string(packet_reply, &index, variable->name);
  445   1          service_packet_append_char(packet_reply, &index, ',');
  446   1          for(i = 0; i < variable->value_count; i++)
  447   1          {
  448   2              if(0U != i)
  449   2              {
  450   3                  service_packet_append_char(packet_reply, &index, ',');
  451   3              }
  452   2              service_packet_append_float3(packet_reply, &index, value_copy[i]);
  453   2          }
  454   1      
  455   1          service_packet_append_string(packet_reply, &index, "\r\n");
  456   1          service_wireless_uart_send_buffer((const uint8 *)packet_reply, index);
  457   1      }
  458          
  459          //-------------------------------------------------------------------------------------------------------
             -------------
  460          // 函数简介     处理读取指令
  461          // 参数说明     name            变量名称
  462          // 返回参数     void
  463          // 使用示例     内部调用，用户无需关心
  464          //-------------------------------------------------------------------------------------------------------
             -------------
  465          static void service_packet_handle_read(char *name)
  466          {
  467   1          service_packet_variable_t *variable;
  468   1      
  469   1          packet_read_total++;
  470   1          variable = service_packet_find_variable(name);
  471   1          if(NULL == variable)
  472   1          {
  473   2              packet_read_miss_total++;
  474   2              service_packet_save_miss_name(name);
  475   2              return;
  476   2          }
  477   1      
  478   1          service_packet_print_variable(variable);
  479   1      }
  480          
  481          //-------------------------------------------------------------------------------------------------------
             -------------
  482          // 函数简介     处理写入指令
  483          // 参数说明     name            变量名称
  484          // 参数说明     value_text      待写入的数值字符串
  485          // 返回参数     void
  486          // 使用示例     内部调用，用户无需关心
  487          //-------------------------------------------------------------------------------------------------------
             -------------
  488          static void service_packet_handle_write(char *name, char *value_text)
  489          {
  490   1          uint8 i;
  491   1          uint8 ea_backup;
C251 COMPILER V5.60.0,  service_packet                                                     17/08/26  16:08:22  PAGE 9   

  492   1          float value_copy[SERVICE_PACKET_VALUE_MAX];
  493   1          service_packet_variable_t *variable;
  494   1      
  495   1          packet_write_total++;
  496   1          variable = service_packet_find_variable(name);
  497   1          if((NULL == variable) || (NULL == value_text))
  498   1          {
  499   2              packet_write_miss_total++;
  500   2              service_packet_save_miss_name(name);
  501   2              return;
  502   2          }
  503   1      
  504   1          if(0U == service_packet_parse_float_list(value_text, value_copy, variable->value_count))
  505   1          {
  506   2              packet_write_parse_fail_total++;
  507   2              return;
  508   2          }
  509   1      
  510   1          if(0U == service_packet_target_value_is_valid(name, value_copy, variable->value_count))
  511   1          {
  512   2              packet_write_parse_fail_total++;
  513   2              return;
  514   2          }
  515   1      
  516   1          /* float 在 C251 上不是原子写；防止实时 TIM 读取到撕裂的参数帧。 */
  517   1          ea_backup = EA;
  518   1          EA = 0;
  519   1          for(i = 0; i < variable->value_count; i++)
  520   1          {
  521   2              variable->value[i] = value_copy[i];
  522   2          }
  523   1          EA = ea_backup;
  524   1      
  525   1          packet_write_ok_total++;
  526   1          /* 写入即生效: 无论值是否变化都触发回调, 保证 stop/急停等置位了
  527   1             control_override 的变量(如 negative_pressure)在同值重写时也能恢复控制 */
  528   1          if(NULL != variable->callback)
  529   1          {
  530   2              variable->callback();
  531   2          }
  532   1          service_packet_print_variable(variable);
  533   1      }
  534          
  535          //-------------------------------------------------------------------------------------------------------
             -------------
  536          // 函数简介     处理触发指令
  537          // 参数说明     name            操作名称
  538          // 返回参数     void
  539          // 使用示例     内部调用，用户无需关心
  540          // 备注信息     零延时动作在通讯服务上下文立即写入其邮箱/执行非实时逻辑；
             -延时动作才走兼容队列。
  541          //-------------------------------------------------------------------------------------------------------
             -------------
  542          static void service_packet_handle_trigger(char *name)
  543          {
  544   1          service_packet_action_t *action;
  545   1      
  546   1          action = service_packet_find_action(name);
  547   1          if(NULL == action)
  548   1          {
  549   2              return;
  550   2          }
  551   1      
  552   1          if(0U == action->delay_ms)
  553   1          {
  554   2              action->func();
C251 COMPILER V5.60.0,  service_packet                                                     17/08/26  16:08:22  PAGE 10  

  555   2          }
  556   1          else
  557   1          {
  558   2              (void)service_function_queue_add(action->func, action->delay_ms, SERVICE_PACKET_TRIGGER_PRIORITY)
             -;
  559   2          }
  560   1      }
  561          
  562          //-------------------------------------------------------------------------------------------------------
             -------------
  563          // 函数简介     解析并处理一帧完整数据
  564          // 参数说明     frame           去除帧头帧尾后的帧内容
  565          // 返回参数     void
  566          // 使用示例     内部调用，用户无需关心
  567          // 备注信息     帧格式为 $$命令,名称,数值@@，命令支持 W/R/T
  568          //-------------------------------------------------------------------------------------------------------
             -------------
  569          static void service_packet_handle_frame(char *frame)
  570          {
  571   1          char command;
  572   1          char *name;
  573   1          char *value_text;
  574   1      
  575   1          if('\0' == frame[0])
  576   1          {
  577   2              return;
  578   2          }
  579   1      
  580   1          command = frame[0];
  581   1          name = service_packet_skip_field_separator(&frame[1]);
  582   1          value_text = name;
  583   1      
  584   1          while(('\0' != *value_text) && (0U == service_packet_is_field_separator(*value_text)))
  585   1          {
  586   2              value_text++;
  587   2          }
  588   1      
  589   1          if('\0' != *value_text)
  590   1          {
  591   2              *value_text = '\0';
  592   2              value_text++;
  593   2              value_text = service_packet_skip_field_separator(value_text);
  594   2          }
  595   1          else
  596   1          {
  597   2              value_text = NULL;
  598   2          }
  599   1      
  600   1          if('\0' == *name)
  601   1          {
  602   2              return;
  603   2          }
  604   1      
  605   1          if('R' == command)
  606   1          {
  607   2              service_packet_handle_read(name);
  608   2          }
  609   1          else if('W' == command)
  610   1          {
  611   2              service_packet_handle_write(name, value_text);
  612   2          }
  613   1          else if('T' == command)
  614   1          {
  615   2              service_packet_handle_trigger(name);
  616   2          }
  617   1      }
C251 COMPILER V5.60.0,  service_packet                                                     17/08/26  16:08:22  PAGE 11  

  618          
  619          //-------------------------------------------------------------------------------------------------------
             -------------
  620          // 函数简介     复位接收状态机
  621          // 参数说明     void
  622          // 返回参数     void
  623          // 使用示例     内部调用，用户无需关心
  624          //-------------------------------------------------------------------------------------------------------
             -------------
  625          static void service_packet_reset_rx(void)
  626          {
  627   1          packet_rx_state = SERVICE_PACKET_RX_WAIT_HEAD_1;
  628   1          packet_frame_index = 0U;
  629   1      }
  630          
  631          //-------------------------------------------------------------------------------------------------------
             -------------
  632          // 函数简介     向帧缓存写入一个字符
  633          // 参数说明     value           待写入字符
  634          // 返回参数     void
  635          // 使用示例     内部调用，用户无需关心
  636          // 备注信息     缓存溢出时自动复位接收状态机
  637          //-------------------------------------------------------------------------------------------------------
             -------------
  638          static void service_packet_push_body_char(char value)
  639          {
  640   1          if(packet_frame_index < (SERVICE_PACKET_FRAME_MAX - 1U))
  641   1          {
  642   2              packet_frame[packet_frame_index] = value;
  643   2              packet_frame_index++;
  644   2          }
  645   1          else
  646   1          {
  647   2              service_packet_reset_rx();
  648   2          }
  649   1      }
  650          
  651          //-------------------------------------------------------------------------------------------------------
             -------------
  652          // 函数简介     输入一个接收字符并推进帧状态机
  653          // 参数说明     value           接收到的字符
  654          // 返回参数     void
  655          // 使用示例     内部调用，用户无需关心
  656          // 备注信息     检测到完整 $$...@@ 帧后自动解析执行
  657          //-------------------------------------------------------------------------------------------------------
             -------------
  658          static void service_packet_input_char(char value)
  659          {
  660   1          if(SERVICE_PACKET_RX_WAIT_HEAD_1 == packet_rx_state)
  661   1          {
  662   2              if('$' == value)
  663   2              {
  664   3                  packet_rx_state = SERVICE_PACKET_RX_WAIT_HEAD_2;
  665   3              }
  666   2              return;
  667   2          }
  668   1      
  669   1          if(SERVICE_PACKET_RX_WAIT_HEAD_2 == packet_rx_state)
  670   1          {
  671   2              if('$' == value)
  672   2              {
  673   3                  packet_frame_index = 0U;
  674   3                  packet_rx_state = SERVICE_PACKET_RX_BODY;
  675   3              }
  676   2              else
  677   2              {
C251 COMPILER V5.60.0,  service_packet                                                     17/08/26  16:08:22  PAGE 12  

  678   3                  packet_rx_state = SERVICE_PACKET_RX_WAIT_HEAD_1;
  679   3              }
  680   2              return;
  681   2          }
  682   1      
  683   1          if(SERVICE_PACKET_RX_BODY == packet_rx_state)
  684   1          {
  685   2              if('@' == value)
  686   2              {
  687   3                  packet_frame[packet_frame_index] = '\0';
  688   3                  packet_frame_total++;
  689   3                  service_packet_handle_frame(packet_frame);
  690   3                  service_packet_reset_rx();
  691   3              }
  692   2              else
  693   2              {
  694   3                  service_packet_push_body_char(value);
  695   3              }
  696   2              return;
  697   2          }
  698   1      
  699   1          if(SERVICE_PACKET_RX_TAIL_2 == packet_rx_state)
  700   1          {
  701   2              if('@' == value)
  702   2              {
  703   3                  packet_frame[packet_frame_index] = '\0';
  704   3                  packet_frame_total++;
  705   3                  service_packet_handle_frame(packet_frame);
  706   3                  service_packet_reset_rx();
  707   3              }
  708   2              else
  709   2              {
  710   3                  service_packet_push_body_char('@');
  711   3                  service_packet_push_body_char(value);
  712   3                  packet_rx_state = SERVICE_PACKET_RX_BODY;
  713   3              }
  714   2          }
  715   1      }
  716          
  717          //-------------------------------------------------------------------------------------------------------
             -------------
  718          // 函数简介     通讯包服务初始化
  719          // 参数说明     void
  720          // 返回参数     void
  721          // 使用示例     service_packet_init();
  722          // 备注信息     初始化后需要通过 service_packet_add_variable/action 注册变量和动作
  723          //-------------------------------------------------------------------------------------------------------
             -------------
  724          void service_packet_init(void)
  725          {
  726   1          uint8 i;
  727   1      
  728   1          packet_variable_count = 0U;
  729   1          packet_action_count = 0U;
  730   1          packet_rx_byte_total = 0U;
  731   1          packet_frame_total = 0U;
  732   1          packet_read_total = 0U;
  733   1          packet_read_miss_total = 0U;
  734   1          packet_write_total = 0U;
  735   1          packet_write_ok_total = 0U;
  736   1          packet_write_miss_total = 0U;
  737   1          packet_write_parse_fail_total = 0U;
  738   1          packet_last_miss_name[0] = '\0';
  739   1          service_packet_reset_rx();
  740   1      
  741   1          for(i = 0; i < SERVICE_PACKET_VARIABLE_MAX; i++)
C251 COMPILER V5.60.0,  service_packet                                                     17/08/26  16:08:22  PAGE 13  

  742   1          {
  743   2              packet_variables[i].name = NULL;
  744   2              packet_variables[i].value = NULL;
  745   2              packet_variables[i].value_count = 0U;
  746   2              packet_variables[i].callback = (service_packet_write_callback_t)0;
  747   2          }
  748   1      
  749   1          for(i = 0; i < SERVICE_PACKET_ACTION_MAX; i++)
  750   1          {
  751   2              packet_actions[i].name = NULL;
  752   2              packet_actions[i].func = (service_packet_action_func_t)0;
  753   2              packet_actions[i].delay_ms = 0U;
  754   2          }
  755   1          #if __DBGFLAG__
  756   1          printf(">>[service_packet_init]\r\n");
  757   1          wprint(">>[service_packet_init]\r\n");
  758   1          #endif
  759   1      }
  760          
  761          //-------------------------------------------------------------------------------------------------------
             -------------
  762          // 函数简介     通讯包服务调试接口
  763          // 参数说明     void
  764          // 返回参数     void
  765          // 使用示例     service_packet_debug();
  766          //-------------------------------------------------------------------------------------------------------
             -------------
  767          void service_packet_debug(void)
  768          {
  769   1          printf("[packet:byte=%ld,frame=%ld]\r\n", packet_rx_byte_total, packet_frame_total);
  770   1          printf("[packet:R=%ld/%ld]\r\n", packet_read_total, packet_read_miss_total);
  771   1          printf("[packet:W=%ld/%ld]\r\n", packet_write_total, packet_write_ok_total);
  772   1          printf("[packet:miss=%ld,parse=%ld]\r\n", packet_write_miss_total, packet_write_parse_fail_total);
  773   1          printf("[packet:var=%ld,state=%ld]\r\n", (uint32)packet_variable_count, (uint32)packet_rx_state);
  774   1          printf("[packet:index=%ld,last=%s]\r\n", (uint32)packet_frame_index, packet_last_miss_name);
  775   1      }
  776          
  777          //-------------------------------------------------------------------------------------------------------
             -------------
  778          // 函数简介     注册可读写变量
  779          // 参数说明     name            变量名称
  780          // 参数说明     value           变量数据地址
  781          // 参数说明     value_count     变量包含的 float 数量
  782          // 返回参数     uint8           1：注册成功 0：注册失败
  783          // 使用示例     service_packet_add_variable("speed", speed_value, 2);
  784          // 备注信息     相同名称重复注册时会更新变量地址和数量
  785          //-------------------------------------------------------------------------------------------------------
             -------------
  786          uint8 service_packet_add_variable(const char *name, float *value, uint8 value_count)
  787          {
  788   1          return service_packet_add_variable_with_callback(name, value, value_count, (service_packet_write_call
             -back_t)0);
  789   1      }
  790          
  791          uint8 service_packet_add_variable_with_callback(const char *name, float *value, uint8 value_count,
  792                  service_packet_write_callback_t callback)
  793          {
  794   1          service_packet_variable_t *variable;
  795   1      
  796   1          if((NULL == name) || (NULL == value) || (0U == value_count) ||
  797   1                  (SERVICE_PACKET_VALUE_MAX < value_count))
  798   1          {
  799   2              return 0U;
  800   2          }
  801   1      
  802   1          variable = service_packet_find_variable(name);
C251 COMPILER V5.60.0,  service_packet                                                     17/08/26  16:08:22  PAGE 14  

  803   1          if(NULL != variable)
  804   1          {
  805   2              variable->value = value;
  806   2              variable->value_count = value_count;
  807   2              variable->callback = callback;
  808   2              return 1U;
  809   2          }
  810   1      
  811   1          if(SERVICE_PACKET_VARIABLE_MAX <= packet_variable_count)
  812   1          {
  813   2              return 0U;
  814   2          }
  815   1      
  816   1          packet_variables[packet_variable_count].name = name;
  817   1          packet_variables[packet_variable_count].value = value;
  818   1          packet_variables[packet_variable_count].value_count = value_count;
  819   1          packet_variables[packet_variable_count].callback = callback;
  820   1          packet_variable_count++;
  821   1      
  822   1          return 1U;
  823   1      }
  824          
  825          //-------------------------------------------------------------------------------------------------------
             -------------
  826          // 函数简介     注册触发动作
  827          // 参数说明     name            操作名称
  828          // 参数说明     func            触发动作函数
  829          // 参数说明     delay_ms        触发后延迟执行时间 单位 ms
  830          // 返回参数     uint8           1：注册成功 0：注册失败
  831          // 使用示例     service_packet_add_action("reset", service_motor_reset, 0);
  832          // 备注信息     相同名称重复注册时会更新函数和延迟时间
  833          //-------------------------------------------------------------------------------------------------------
             -------------
  834          uint8 service_packet_add_action(const char *name, service_packet_action_func_t func, uint32 delay_ms)
  835          {
  836   1          service_packet_action_t *action;
  837   1      
  838   1          if((NULL == name) || (NULL == func))
  839   1          {
  840   2              return 0U;
  841   2          }
  842   1      
  843   1          action = service_packet_find_action(name);
  844   1          if(NULL != action)
  845   1          {
  846   2              action->func = func;
  847   2              action->delay_ms = delay_ms;
  848   2              return 1U;
  849   2          }
  850   1      
  851   1          if(SERVICE_PACKET_ACTION_MAX <= packet_action_count)
  852   1          {
  853   2              return 0U;
  854   2          }
  855   1      
  856   1          packet_actions[packet_action_count].name = name;
  857   1          packet_actions[packet_action_count].func = func;
  858   1          packet_actions[packet_action_count].delay_ms = delay_ms;
  859   1          packet_action_count++;
  860   1      
  861   1          return 1U;
  862   1      }
  863          
  864          //-------------------------------------------------------------------------------------------------------
             -------------
  865          // 函数简介     通讯包服务周期更新
C251 COMPILER V5.60.0,  service_packet                                                     17/08/26  16:08:22  PAGE 15  

  866          // 参数说明     void
  867          // 返回参数     void
  868          // 使用示例     service_packet_update();
  869          // 备注信息     从无线串口读取数据并送入帧状态机，建议在主循环中周期调用
  870          //-------------------------------------------------------------------------------------------------------
             -------------
  871          void service_packet_update(void)
  872          {
  873   1          uint8 i;
  874   1          uint8 chunk_count;
  875   1          uint8 read_buffer[SERVICE_PACKET_RX_READ_SIZE];
  876   1          uint16 read_length;
  877   1      
  878   1          for(chunk_count = 0U; chunk_count < SERVICE_PACKET_MAX_CHUNKS_PER_UPDATE; chunk_count++)
  879   1          {
  880   2              read_length = service_wireless_uart_read_buffer(read_buffer, SERVICE_PACKET_RX_READ_SIZE);
  881   2              packet_rx_byte_total += read_length;
  882   2      
  883   2              for(i = 0; i < read_length; i++)
  884   2              {
  885   3                  service_packet_input_char((char)read_buffer[i]);
  886   3              }
  887   2      
  888   2              if(SERVICE_PACKET_RX_READ_SIZE != read_length)
  889   2              {
  890   3                  break;
  891   3              }
  892   2          }
  893   1      }


Module Information          Static   Overlayable
------------------------------------------------
  code size            =    ------     ------
  ecode size           =      6423     ------
  data size            =    ------     ------
  idata size           =    ------     ------
  pdata size           =    ------     ------
  xdata size           =      1643     ------
  xdata-const size     =    ------     ------
  edata size           =    ------     ------
  bit size             =    ------     ------
  ebit size            =    ------     ------
  bitaddressable size  =    ------     ------
  ebitaddressable size =    ------     ------
  far data size        =    ------     ------
  huge data size       =    ------     ------
  const size           =    ------     ------
  hconst size          =       294     ------
End of Module Information.


C251 COMPILATION COMPLETE.  0 WARNING(S),  0 ERROR(S)
