C251 COMPILER V5.60.0,  service_buzzer                                                     24/07/26  19:08:24  PAGE 1   


C251 COMPILER V5.60.0, COMPILATION OF MODULE service_buzzer
OBJECT MODULE PLACED IN .\out_file\service_buzzer.obj
COMPILER INVOKED BY: D:\C251keil\C251\BIN\C251.EXE ..\L2_SERVICE\service_buzzer.c LARGE ROM(HUGE) WARNINGLEVEL(3) OPTIMI
                    -ZE(0,SPEED) BROWSE INCDIR(..\..\libraries\zf_common;..\..\libraries\zf_components;..\..\libraries\zf_device;..\..\librar
                    -ies\zf_driver;..\user;..\code;..\L0_SYS;..\L1_BSP;..\L2_SERVICE;..\L3_APP;..\LL_Shared_Source;..\..\libraries\zf_compone
                    -nts\stc32g_usb_lib;..\..\libraries\zf_components\seekfree_assistant) DEBUG PRINT(.\out_file\service_buzzer.lst) OBJECT(.
                    -\out_file\service_buzzer.obj) 

stmt  level    source

    1          #include "zf_common_headfile.h"
    2          #include "bsp_include.h"
    3          #include "service_buzzer.h"
    4          #include "service_timetick.h"
    5          
    6          #define SERVICE_BUZZER_TICKS_PER_MS        (10UL)
    7          #define SERVICE_BUZZER_TIME_HALF_RANGE     (0x80000000UL)
    8          
    9          static uint8 buzzer_is_on = 0U;
   10          static uint8 buzzer_timing = 0U;
   11          static uint32 buzzer_deadline_tick = 0UL;
   12          
   13          static uint8 service_buzzer_time_reached(uint32 now, uint32 deadline)
   14          {
   15   1          return ((uint32)(now - deadline) < SERVICE_BUZZER_TIME_HALF_RANGE);
   16   1      }
   17          
   18          void service_buzzer_init(void)
   19          {
   20   1          bsp_buzzer_init();
   21   1          buzzer_is_on = 1U;
   22   1          buzzer_timing = 0U;
   23   1          buzzer_deadline_tick = 0UL;
   24   1      }
   25          
   26          void service_buzzer_debug(void)
   27          {
   28   1          printf("[buzzer:scheduled500ms]\r\n");
   29   1          service_buzzer_beep_ms(500);
   30   1      }
   31          
   32          void service_buzzer_beep_ms(uint32 duration_ms)
   33          {
   34   1          if(0UL == duration_ms)
   35   1          {
   36   2              service_buzzer_stop();
   37   2              return;
   38   2          }
   39   1      
   40   1          bsp_buzzer_on();
   41   1          buzzer_is_on = 1U;
   42   1          buzzer_timing = 1U;
   43   1          buzzer_deadline_tick = service_timetick_what() + duration_ms * SERVICE_BUZZER_TICKS_PER_MS;
   44   1      }
   45          
   46          void service_buzzer_task(void)
   47          {
   48   1          uint32 now;
   49   1      
   50   1          if(0U == buzzer_timing)
   51   1          {
   52   2              return;
   53   2          }
   54   1      
   55   1          now = service_timetick_what();
C251 COMPILER V5.60.0,  service_buzzer                                                     24/07/26  19:08:24  PAGE 2   

   56   1          if(0U != service_buzzer_time_reached(now, buzzer_deadline_tick))
   57   1          {
   58   2              service_buzzer_stop();
   59   2          }
   60   1      }
   61          
   62          void service_buzzer_stop(void)
   63          {
   64   1          bsp_buzzer_off();
   65   1          buzzer_is_on = 0U;
   66   1          buzzer_timing = 0U;
   67   1      }
   68          
   69          uint8 service_buzzer_is_on(void)
   70          {
   71   1          service_buzzer_task();
   72   1          return buzzer_is_on;
   73   1      }


Module Information          Static   Overlayable
------------------------------------------------
  code size            =    ------     ------
  ecode size           =       270     ------
  data size            =    ------     ------
  idata size           =    ------     ------
  pdata size           =    ------     ------
  xdata size           =        22     ------
  xdata-const size     =    ------     ------
  edata size           =    ------     ------
  bit size             =    ------     ------
  ebit size            =    ------     ------
  bitaddressable size  =    ------     ------
  ebitaddressable size =    ------     ------
  far data size        =    ------     ------
  huge data size       =    ------     ------
  const size           =    ------     ------
  hconst size          =        47     ------
End of Module Information.


C251 COMPILATION COMPLETE.  0 WARNING(S),  0 ERROR(S)
