C251 COMPILER V5.60.0,  service_batterycheck                                               13/05/26  11:59:59  PAGE 1   


C251 COMPILER V5.60.0, COMPILATION OF MODULE service_batterycheck
OBJECT MODULE PLACED IN .\out_file\service_batterycheck.obj
COMPILER INVOKED BY: D:\APPs\Keil\C251\BIN\C251.EXE ..\L2_SERVICE\service_batterycheck.c LARGE ROM(HUGE) WARNINGLEVEL(3)
                    - OPTIMIZE(0,SIZE) BROWSE INCDIR(..\..\libraries\zf_common;..\..\libraries\zf_components;..\..\libraries\zf_device;..\..\
                    -libraries\zf_driver;..\user;..\code;..\L0_SYS;..\L1_BSP;..\L2_SERVICE;..\L3_APP;..\LL_Shared_Source;..\..\libraries\zf_c
                    -omponents\stc32g_usb_lib;..\..\libraries\zf_components\seekfree_assistant) DEBUG PRINT(.\out_file\service_batterycheck.l
                    -st) TABS(2) OBJECT(.\out_file\service_batterycheck.obj) 

stmt  level    source

    1          #include "zf_common_headfile.h"
    2          #include "bsp_include.h"
    3          #include "service_batterycheck.h"
    4          #include "service_timetick.h"
    5          
    6          #define BATTERYCHECK_MIN_VOLTAGE        (11.0f)
    7          #define BATTERYCHECK_PERIOD_TICK        (20000UL)
    8          
    9          static float batterycheck_voltage = 0.0f;
   10          static uint8 batterycheck_voltage_ok = ZF_FALSE;
   11          static uint32 batterycheck_last_tick = 0UL;
   12          
   13          static void batterycheck_update(void);
   14          
   15          void service_batterycheck_init(void)
   16          {
   17   1          bsp_battery_init();
   18   1          batterycheck_update();
   19   1          batterycheck_last_tick = service_timetick_what();
   20   1      }
   21          
   22          void service_batterycheck_task(void)
   23          {
   24   1          uint32 now;
   25   1      
   26   1          now = service_timetick_what();
   27   1          if((uint32)(now - batterycheck_last_tick) >= BATTERYCHECK_PERIOD_TICK)
   28   1          {
   29   2              batterycheck_update();
   30   2              batterycheck_last_tick = now;
   31   2          }
   32   1      }
   33          
   34          void service_batterycheck_get_voltage(float *voltage)
   35          {
   36   1          service_batterycheck_task();
   37   1          if(NULL != voltage)
   38   1          {
   39   2              *voltage = batterycheck_voltage;
   40   2          }
   41   1      }
   42          
   43          uint8 service_batterycheck_is_voltage_ok(void)
   44          {
   45   1          service_batterycheck_task();
   46   1          return batterycheck_voltage_ok;
   47   1      }
   48          
   49          uint8 service_batterycheck_get_selfcheck(void)
   50          {
   51   1          return service_batterycheck_is_voltage_ok();
   52   1      }
   53          
   54          static void batterycheck_update(void)
   55          {
C251 COMPILER V5.60.0,  service_batterycheck                                               13/05/26  11:59:59  PAGE 2   

   56   1          bsp_battery_vol(&batterycheck_voltage);
   57   1          batterycheck_voltage_ok = (batterycheck_voltage >= BATTERYCHECK_MIN_VOLTAGE) ? ZF_TRUE : ZF_FALSE;
   58   1      }


Module Information          Static   Overlayable
------------------------------------------------
  code size            =    ------     ------
  ecode size           =       202     ------
  data size            =    ------     ------
  idata size           =    ------     ------
  pdata size           =    ------     ------
  xdata size           =        17     ------
  xdata-const size     =    ------     ------
  edata size           =    ------     ------
  bit size             =    ------     ------
  ebit size            =    ------     ------
  bitaddressable size  =    ------     ------
  ebitaddressable size =    ------     ------
  far data size        =    ------     ------
  huge data size       =    ------     ------
  const size           =    ------     ------
  hconst size          =        24     ------
End of Module Information.


C251 COMPILATION COMPLETE.  0 WARNING(S),  0 ERROR(S)
