C251 COMPILER V5.60.0,  service_imu                                                        05/06/26  22:57:08  PAGE 1   


C251 COMPILER V5.60.0, COMPILATION OF MODULE service_imu
OBJECT MODULE PLACED IN .\out_file\service_imu.obj
COMPILER INVOKED BY: D:\APPs\Keil\C251\BIN\C251.EXE ..\L2_SERVICE\service_imu.c LARGE ROM(HUGE) WARNINGLEVEL(3) OPTIMIZE
                    -(0,SPEED) BROWSE INCDIR(..\..\libraries\zf_common;..\..\libraries\zf_components;..\..\libraries\zf_device;..\..\librarie
                    -s\zf_driver;..\user;..\code;..\L0_SYS;..\L1_BSP;..\L2_SERVICE;..\L3_APP;..\LL_Shared_Source;..\..\libraries\zf_component
                    -s\stc32g_usb_lib;..\..\libraries\zf_components\seekfree_assistant) DEBUG PRINT(.\out_file\service_imu.lst) TABS(2) OBJEC
                    -T(.\out_file\service_imu.obj) 

stmt  level    source

    1          #include "zf_common_headfile.h"
    2          #include "bsp_include.h"
    3          #include "service_imu.h"
    4          
    5          void service_imu_init(void)
    6          {
    7   1          bsp_imu_init();
    8   1      }
    9          
   10          float service_imu_read_gyro_z(void)
   11          {
   12   1          return bsp_imu_read_gyro_z();
   13   1      }


Module Information          Static   Overlayable
------------------------------------------------
  code size            =    ------     ------
  ecode size           =        10     ------
  data size            =    ------     ------
  idata size           =    ------     ------
  pdata size           =    ------     ------
  xdata size           =    ------     ------
  xdata-const size     =    ------     ------
  edata size           =    ------     ------
  bit size             =    ------     ------
  ebit size            =    ------     ------
  bitaddressable size  =    ------     ------
  ebitaddressable size =    ------     ------
  far data size        =    ------     ------
  huge data size       =    ------     ------
  const size           =    ------     ------
  hconst size          =    ------     ------
End of Module Information.


C251 COMPILATION COMPLETE.  0 WARNING(S),  0 ERROR(S)
