C251 COMPILER V5.60.0,  service_imu                                                        25/07/26  22:02:11  PAGE 1   


C251 COMPILER V5.60.0, COMPILATION OF MODULE service_imu
OBJECT MODULE PLACED IN .\out_file\service_imu.obj
COMPILER INVOKED BY: D:\C251keil\C251\BIN\C251.EXE ..\L2_SERVICE\service_imu.c LARGE ROM(HUGE) WARNINGLEVEL(3) OPTIMIZE(
                    -0,SPEED) BROWSE INCDIR(..\..\libraries\zf_common;..\..\libraries\zf_components;..\..\libraries\zf_device;..\..\libraries
                    -\zf_driver;..\user;..\code;..\L0_SYS;..\L1_BSP;..\L2_SERVICE;..\L3_APP;..\LL_Shared_Source;..\..\libraries\zf_components
                    -\stc32g_usb_lib;..\..\libraries\zf_components\seekfree_assistant) DEBUG PRINT(.\out_file\service_imu.lst) OBJECT(.\out_f
                    -ile\service_imu.obj) 

stmt  level    source

    1          #include "zf_common_headfile.h"
    2          #include "sys_tfpu.h"
    3          #include "bsp_include.h"
    4          #include "service_imu.h"
    5          
    6          #define SERVICE_IMU_CALIBRATE_COUNT     (200U)
    7          #define SERVICE_IMU_CALIBRATE_INV       (0.005f)
    8          
    9          typedef enum
   10          {
   11              SERVICE_IMU_CALIBRATION_IDLE = 0,
   12              SERVICE_IMU_CALIBRATION_GYRO_Z,
   13              SERVICE_IMU_CALIBRATION_GYRO_X,
   14              SERVICE_IMU_CALIBRATION_COMPLETE,
   15          } service_imu_calibration_state_enum;
   16          
   17          static volatile service_imu_sample_t service_imu_sample;
   18          static uint32 service_imu_last_sequence = 0U;
   19          static float gyro_x_offset = 0.0f;
   20          static float gyro_z_offset = 0.0f;
   21          /* Reciprocals are calculated once outside TIM7.  Each complete IMU frame
   22           * therefore needs TFPU int-to-float + multiply, not six TFPU divisions. */
   23          static float service_imu_acc_scale = 0.0f;
   24          static float service_imu_gyro_scale = 0.0f;
   25          static float service_imu_calibration_sum = 0.0f;
   26          static uint16 service_imu_calibration_count = 0U;
   27          static volatile service_imu_calibration_state_enum service_imu_calibration_state = SERVICE_IMU_CALIBRATIO
             -N_IDLE;
   28          
   29          static void service_imu_begin_calibration(service_imu_calibration_state_enum state)
   30          {
   31   1          service_imu_calibration_sum = 0.0f;
   32   1          service_imu_calibration_count = 0U;
   33   1          service_imu_calibration_state = state;
   34   1      }
   35          
   36          static void service_imu_update_calibration(const service_imu_sample_t *sample)
   37          {
   38   1          if(NULL == sample)
   39   1          {
   40   2              return;
   41   2          }
   42   1      
   43   1          if(SERVICE_IMU_CALIBRATION_GYRO_Z == service_imu_calibration_state)
   44   1          {
   45   2              service_imu_calibration_sum = tfpu_add(service_imu_calibration_sum, sample->gyro_z);
   46   2              service_imu_calibration_count++;
   47   2              if(SERVICE_IMU_CALIBRATE_COUNT <= service_imu_calibration_count)
   48   2              {
   49   3                  gyro_z_offset = tfpu_mul(service_imu_calibration_sum, SERVICE_IMU_CALIBRATE_INV);
   50   3                  service_imu_begin_calibration(SERVICE_IMU_CALIBRATION_GYRO_X);
   51   3              }
   52   2          }
   53   1          else if(SERVICE_IMU_CALIBRATION_GYRO_X == service_imu_calibration_state)
   54   1          {
C251 COMPILER V5.60.0,  service_imu                                                        25/07/26  22:02:11  PAGE 2   

   55   2              service_imu_calibration_sum = tfpu_add(service_imu_calibration_sum, sample->gyro_x);
   56   2              service_imu_calibration_count++;
   57   2              if(SERVICE_IMU_CALIBRATE_COUNT <= service_imu_calibration_count)
   58   2              {
   59   3                  gyro_x_offset = tfpu_mul(service_imu_calibration_sum, SERVICE_IMU_CALIBRATE_INV);
   60   3                  service_imu_calibration_state = SERVICE_IMU_CALIBRATION_COMPLETE;
   61   3              }
   62   2          }
   63   1      }
   64          
   65          void service_imu_init(void)
   66          {
   67   1          service_imu_sample.valid = 0U;
   68   1          service_imu_sample.sequence = 0U;
   69   1          service_imu_last_sequence = 0U;
   70   1          gyro_x_offset = 0.0f;
   71   1          gyro_z_offset = 0.0f;
   72   1          bsp_imu_init();
   73   1          service_imu_acc_scale = tfpu_div(1.0f, imu660rc_transition_factor[0]);
   74   1          service_imu_gyro_scale = tfpu_div(1.0f, imu660rc_transition_factor[1]);
   75   1          service_imu_start_calibration();
   76   1          #if __DBGFLAG__
   77   1          printf(">>[service_imu_init]\r\n");
   78   1          #endif
   79   1      }
   80          
   81          void service_imu_task(void)
   82          {
   83   1          bsp_imu_bootstrap_process();
   84   1      }
   85          
   86          void service_imu_update(void)
   87          {
   88   1          bsp_imu_sample_t raw;
   89   1          service_imu_sample_t sample;
   90   1          uint8 ea_backup;
   91   1      
   92   1          if((0U != bsp_imu_get_latest_sample(&raw)) && (raw.sequence != service_imu_last_sequence))
   93   1          {
   94   2              sample.temperature_raw = raw.temperature_raw;
   95   2              sample.gyro_x_raw = raw.gyro_x_raw;
   96   2              sample.gyro_y_raw = raw.gyro_y_raw;
   97   2              sample.gyro_z_raw = raw.gyro_z_raw;
   98   2              sample.acc_x_raw = raw.acc_x_raw;
   99   2              sample.acc_y_raw = raw.acc_y_raw;
  100   2              sample.acc_z_raw = raw.acc_z_raw;
  101   2              sample.gyro_x = tfpu_mul(tfpu_int2float((long)raw.gyro_x_raw), service_imu_gyro_scale);
  102   2              sample.gyro_y = tfpu_mul(tfpu_int2float((long)raw.gyro_y_raw), service_imu_gyro_scale);
  103   2              sample.gyro_z = tfpu_mul(tfpu_int2float((long)raw.gyro_z_raw), service_imu_gyro_scale);
  104   2              sample.acc_x_g = tfpu_mul(tfpu_int2float((long)raw.acc_x_raw), service_imu_acc_scale);
  105   2              sample.acc_y_g = tfpu_mul(tfpu_int2float((long)raw.acc_y_raw), service_imu_acc_scale);
  106   2              sample.acc_z_g = tfpu_mul(tfpu_int2float((long)raw.acc_z_raw), service_imu_acc_scale);
  107   2              sample.sequence = raw.sequence;
  108   2              sample.valid = raw.valid;
  109   2      
  110   2              service_imu_update_calibration(&sample);
  111   2              sample.gyro_x = tfpu_sub(sample.gyro_x, gyro_x_offset);
  112   2              sample.gyro_z = tfpu_sub(sample.gyro_z, gyro_z_offset);
  113   2      
  114   2              ea_backup = EA;
  115   2              EA = 0;
  116   2              service_imu_sample = sample;
  117   2              EA = ea_backup;
  118   2              service_imu_last_sequence = raw.sequence;
  119   2          }
  120   1      
C251 COMPILER V5.60.0,  service_imu                                                        25/07/26  22:02:11  PAGE 3   

  121   1          // Request the next full frame after consuming the previous one.  A busy
  122   1          // SPI DMA channel simply keeps the current snapshot; it never stalls TIM.
  123   1          (void)bsp_imu_request_sample();
  124   1      }
  125          
  126          void service_imu_start_calibration(void)
  127          {
  128   1          gyro_x_offset = 0.0f;
  129   1          gyro_z_offset = 0.0f;
  130   1          service_imu_begin_calibration(SERVICE_IMU_CALIBRATION_GYRO_Z);
  131   1      }
  132          
  133          uint8 service_imu_calibration_is_complete(void)
  134          {
  135   1          return (SERVICE_IMU_CALIBRATION_COMPLETE == service_imu_calibration_state) ? 1U : 0U;
  136   1      }
  137          
  138          void service_imu_calibrate_gyro_z(void)
  139          {
  140   1          gyro_z_offset = 0.0f;
  141   1          service_imu_begin_calibration(SERVICE_IMU_CALIBRATION_GYRO_Z);
  142   1      }
  143          
  144          void service_imu_calibrate_gyro_x(void)
  145          {
  146   1          gyro_x_offset = 0.0f;
  147   1          service_imu_begin_calibration(SERVICE_IMU_CALIBRATION_GYRO_X);
  148   1      }
  149          
  150          void service_imu_read_gyro(service_imu_gyro_t *out_data)
  151          {
  152   1          service_imu_sample_t sample;
  153   1      
  154   1          if(NULL == out_data)
  155   1          {
  156   2              return;
  157   2          }
  158   1      
  159   1          if(0U == service_imu_get_latest_sample(&sample))
  160   1          {
  161   2              out_data->gyro_x = 0.0f;
  162   2              out_data->gyro_y = 0.0f;
  163   2              out_data->gyro_z = 0.0f;
  164   2              out_data->sequence = 0U;
  165   2              return;
  166   2          }
  167   1      
  168   1          out_data->gyro_x = sample.gyro_x;
  169   1          out_data->gyro_y = sample.gyro_y;
  170   1          out_data->gyro_z = sample.gyro_z;
  171   1          out_data->sequence = sample.sequence;
  172   1      }
  173          
  174          float service_imu_read_gyro_z(void)
  175          {
  176   1          service_imu_sample_t sample;
  177   1      
  178   1          if(0U == service_imu_get_latest_sample(&sample))
  179   1          {
  180   2              return 0.0f;
  181   2          }
  182   1      
  183   1          return sample.gyro_z;
  184   1      }
  185          
  186          uint8 service_imu_get_latest_sample(service_imu_sample_t *out_data)
C251 COMPILER V5.60.0,  service_imu                                                        25/07/26  22:02:11  PAGE 4   

  187          {
  188   1          uint8 result;
  189   1          uint8 ea_backup;
  190   1      
  191   1          if(NULL == out_data)
  192   1          {
  193   2              return 0U;
  194   2          }
  195   1      
  196   1          ea_backup = EA;
  197   1          EA = 0;
  198   1          *out_data = service_imu_sample;
  199   1          result = service_imu_sample.valid;
  200   1          EA = ea_backup;
  201   1          return result;
  202   1      }


Module Information          Static   Overlayable
------------------------------------------------
  code size            =    ------     ------
  ecode size           =      1459     ------
  data size            =    ------     ------
  idata size           =    ------     ------
  pdata size           =    ------     ------
  xdata size           =       236     ------
  xdata-const size     =    ------     ------
  edata size           =    ------     ------
  bit size             =    ------     ------
  ebit size            =    ------     ------
  bitaddressable size  =    ------     ------
  ebitaddressable size =    ------     ------
  far data size        =    ------     ------
  huge data size       =    ------     ------
  const size           =    ------     ------
  hconst size          =        91     ------
End of Module Information.


C251 COMPILATION COMPLETE.  0 WARNING(S),  0 ERROR(S)
