C251 COMPILER V5.60.0,  service_packet                                                     16/05/26  17:23:20  PAGE 1   


C251 COMPILER V5.60.0, COMPILATION OF MODULE service_packet
OBJECT MODULE PLACED IN .\out_file\service_packet.obj
COMPILER INVOKED BY: D:\APPs\Keil\C251\BIN\C251.EXE ..\L2_SERVICE\service_packet.c LARGE ROM(HUGE) WARNINGLEVEL(3) OPTIM
                    -IZE(0,SIZE) BROWSE INCDIR(..\..\libraries\zf_common;..\..\libraries\zf_components;..\..\libraries\zf_device;..\..\librar
                    -ies\zf_driver;..\user;..\code;..\L0_SYS;..\L1_BSP;..\L2_SERVICE;..\L3_APP;..\LL_Shared_Source;..\..\libraries\zf_compone
                    -nts\stc32g_usb_lib;..\..\libraries\zf_components\seekfree_assistant) DEBUG PRINT(.\out_file\service_packet.lst) TABS(2) 
                    -OBJECT(.\out_file\service_packet.obj) 

stmt  level    source

    1          #include "zf_common_headfile.h"
    2          #include "service_function_queue.h"
    3          #include "service_wireless_uart.h"
    4          #include "service_packet.h"
    5          
    6          #define SERVICE_PACKET_RX_READ_SIZE       (32U)
    7          #define SERVICE_PACKET_FRAME_MAX          (96U)
    8          #define SERVICE_PACKET_TRIGGER_PRIORITY   (1U)
    9          
   10          typedef struct
   11          {
   12              const char *name;
   13              float *value;
   14              uint8 value_count;
   15          } service_packet_variable_t;
   16          
   17          typedef struct
   18          {
   19              const char *name;
   20              service_packet_action_func_t func;
   21              uint32 delay_ms;
   22          } service_packet_action_t;
   23          
   24          typedef enum
   25          {
   26              SERVICE_PACKET_RX_WAIT_HEAD_1 = 0,
   27              SERVICE_PACKET_RX_WAIT_HEAD_2,
   28              SERVICE_PACKET_RX_BODY,
   29              SERVICE_PACKET_RX_TAIL_2,
   30          } service_packet_rx_state_t;
   31          
   32          static service_packet_variable_t packet_variables[SERVICE_PACKET_VARIABLE_MAX];
   33          static service_packet_action_t packet_actions[SERVICE_PACKET_ACTION_MAX];
   34          static uint8 packet_variable_count = 0U;
   35          static uint8 packet_action_count = 0U;
   36          
   37          static service_packet_rx_state_t packet_rx_state = SERVICE_PACKET_RX_WAIT_HEAD_1;
   38          static char packet_frame[SERVICE_PACKET_FRAME_MAX];
   39          static uint8 packet_frame_index = 0U;
   40          
   41          //-------------------------------------------------------------------------------------------------------
             -------------
   42          // 函数简介     判断字符是否为帧字段分隔符
   43          // 参数说明     value           待判断字符
   44          // 返回参数     uint8           1：是字段分隔符 0：不是字段分隔符
   45          // 使用示例     内部调用，用户无需关心
   46          //-------------------------------------------------------------------------------------------------------
             -------------
   47          static uint8 service_packet_is_field_separator(char value)
   48          {
   49   1          return ((',' == value) || (':' == value) || ('=' == value) ||
   50   1                  (' ' == value) || ('\t' == value));
   51   1      }
   52          
   53          //-------------------------------------------------------------------------------------------------------
C251 COMPILER V5.60.0,  service_packet                                                     16/05/26  17:23:20  PAGE 2   

             -------------
   54          // 函数简介     判断字符是否为数值列表分隔符
   55          // 参数说明     value           待判断字符
   56          // 返回参数     uint8           1：是数值分隔符 0：不是数值分隔符
   57          // 使用示例     内部调用，用户无需关心
   58          //-------------------------------------------------------------------------------------------------------
             -------------
   59          static uint8 service_packet_is_value_separator(char value)
   60          {
   61   1          return ((',' == value) || (';' == value) || ('|' == value) ||
   62   1                  (' ' == value) || ('\t' == value));
   63   1      }
   64          
   65          //-------------------------------------------------------------------------------------------------------
             -------------
   66          // 函数简介     跳过字段分隔符
   67          // 参数说明     text            字符串当前位置
   68          // 返回参数     char *          跳过分隔符后的字符串位置
   69          // 使用示例     内部调用，用户无需关心
   70          //-------------------------------------------------------------------------------------------------------
             -------------
   71          static char *service_packet_skip_field_separator(char *text)
   72          {
   73   1          while(('\0' != *text) && (0U != service_packet_is_field_separator(*text)))
   74   1          {
   75   2              text++;
   76   2          }
   77   1      
   78   1          return text;
   79   1      }
   80          
   81          //-------------------------------------------------------------------------------------------------------
             -------------
   82          // 函数简介     跳过数值列表分隔符
   83          // 参数说明     text            字符串当前位置
   84          // 返回参数     char *          跳过分隔符后的字符串位置
   85          // 使用示例     内部调用，用户无需关心
   86          //-------------------------------------------------------------------------------------------------------
             -------------
   87          static char *service_packet_skip_value_separator(char *text)
   88          {
   89   1          while(('\0' != *text) && (0U != service_packet_is_value_separator(*text)))
   90   1          {
   91   2              text++;
   92   2          }
   93   1      
   94   1          return text;
   95   1      }
   96          
   97          //-------------------------------------------------------------------------------------------------------
             -------------
   98          // 函数简介     判断字符是否为浮点数字符
   99          // 参数说明     value           待判断字符
  100          // 返回参数     uint8           1：是浮点数字符 0：不是浮点数字符
  101          // 使用示例     内部调用，用户无需关心
  102          //-------------------------------------------------------------------------------------------------------
             -------------
  103          static uint8 service_packet_is_number_char(char value)
  104          {
  105   1          return ((('0' <= value) && ('9' >= value)) || ('+' == value) ||
  106   1                  ('-' == value) || ('.' == value));
  107   1      }
  108          
  109          //-------------------------------------------------------------------------------------------------------
             -------------
  110          // 函数简介     根据变量名查找变量映射
C251 COMPILER V5.60.0,  service_packet                                                     16/05/26  17:23:20  PAGE 3   

  111          // 参数说明     name            变量名称
  112          // 返回参数     service_packet_variable_t * 变量映射指针 NULL：未找到
  113          // 使用示例     内部调用，用户无需关心
  114          //-------------------------------------------------------------------------------------------------------
             -------------
  115          static service_packet_variable_t *service_packet_find_variable(const char *name)
  116          {
  117   1          uint8 i;
  118   1      
  119   1          for(i = 0; i < packet_variable_count; i++)
  120   1          {
  121   2              if(0 == strcmp(packet_variables[i].name, name))
  122   2              {
  123   3                  return &packet_variables[i];
  124   3              }
  125   2          }
  126   1      
  127   1          return NULL;
  128   1      }
  129          
  130          //-------------------------------------------------------------------------------------------------------
             -------------
  131          // 函数简介     根据操作名查找触发动作映射
  132          // 参数说明     name            操作名称
  133          // 返回参数     service_packet_action_t *   动作映射指针 NULL：未找到
  134          // 使用示例     内部调用，用户无需关心
  135          //-------------------------------------------------------------------------------------------------------
             -------------
  136          static service_packet_action_t *service_packet_find_action(const char *name)
  137          {
  138   1          uint8 i;
  139   1      
  140   1          for(i = 0; i < packet_action_count; i++)
  141   1          {
  142   2              if(0 == strcmp(packet_actions[i].name, name))
  143   2              {
  144   3                  return &packet_actions[i];
  145   3              }
  146   2          }
  147   1      
  148   1          return NULL;
  149   1      }
  150          
  151          //-------------------------------------------------------------------------------------------------------
             -------------
  152          // 函数简介     解析浮点数列表
  153          // 参数说明     text            数值字符串
  154          // 参数说明     out_value       解析结果保存地址
  155          // 参数说明     value_count     需要解析的数值个数
  156          // 返回参数     uint8           1：解析成功 0：解析失败
  157          // 使用示例     内部调用，用户无需关心
  158          //-------------------------------------------------------------------------------------------------------
             -------------
  159          static uint8 service_packet_parse_float_list(char *text, float *out_value, uint8 value_count)
  160          {
  161   1          uint8 i;
  162   1          uint8 digit_found;
  163   1          uint8 point_found;
  164   1          char *token_start;
  165   1          char delimiter;
  166   1      
  167   1          for(i = 0; i < value_count; i++)
  168   1          {
  169   2              text = service_packet_skip_value_separator(text);
  170   2              if('\0' == *text)
  171   2              {
C251 COMPILER V5.60.0,  service_packet                                                     16/05/26  17:23:20  PAGE 4   

  172   3                  return 0U;
  173   3              }
  174   2      
  175   2              token_start = text;
  176   2              digit_found = 0U;
  177   2              point_found = 0U;
  178   2      
  179   2              if(('+' == *text) || ('-' == *text))
  180   2              {
  181   3                  text++;
  182   3              }
  183   2      
  184   2              while(0U != service_packet_is_number_char(*text))
  185   2              {
  186   3                  if(('.' == *text) && (0U != point_found))
  187   3                  {
  188   4                      return 0U;
  189   4                  }
  190   3                  else if('.' == *text)
  191   3                  {
  192   4                      point_found = 1U;
  193   4                  }
  194   3                  else if(('0' <= *text) && ('9' >= *text))
  195   3                  {
  196   4                      digit_found = 1U;
  197   4                  }
  198   3      
  199   3                  text++;
  200   3              }
  201   2      
  202   2              if(0U == digit_found)
  203   2              {
  204   3                  return 0U;
  205   3              }
  206   2      
  207   2              if(('\0' != *text) && (0U == service_packet_is_value_separator(*text)))
  208   2              {
  209   3                  return 0U;
  210   3              }
  211   2      
  212   2              delimiter = *text;
  213   2              *text = '\0';
  214   2              out_value[i] = func_str_to_float(token_start);
  215   2      
  216   2              if('\0' == delimiter)
  217   2              {
  218   3                  return (i == (value_count - 1U));
  219   3              }
  220   2      
  221   2              text++;
  222   2          }
  223   1      
  224   1          text = service_packet_skip_value_separator(text);
  225   1      
  226   1          return ('\0' == *text);
  227   1      }
  228          
  229          //-------------------------------------------------------------------------------------------------------
             -------------
  230          // 函数简介     通过无线串口输出变量名称和当前数值
  231          // 参数说明     variable        变量映射指针
  232          // 返回参数     void
  233          // 使用示例     内部调用，用户无需关心
  234          // 备注信息     输出格式为 name,value0,value1...\r\n
  235          //-------------------------------------------------------------------------------------------------------
             -------------
C251 COMPILER V5.60.0,  service_packet                                                     16/05/26  17:23:20  PAGE 5   

  236          static void service_packet_print_variable(service_packet_variable_t *variable)
  237          {
  238   1          uint8 i;
  239   1          uint8 ea_backup;
  240   1          float value_copy[SERVICE_PACKET_VALUE_MAX];
  241   1      
  242   1          ea_backup = EA;
  243   1          EA = 0;
  244   1          for(i = 0; i < variable->value_count; i++)
  245   1          {
  246   2              value_copy[i] = variable->value[i];
  247   2          }
  248   1          EA = ea_backup;
  249   1      
  250   1          if(1U == variable->value_count)
  251   1          {
  252   2              wprint("%s,%.3f\r\n", (char *)variable->name, (double)value_copy[0]);
  253   2              return;
  254   2          }
  255   1      
  256   1          wprint("%s,", (char *)variable->name);
  257   1      
  258   1          for(i = 0; i < variable->value_count; i++)
  259   1          {
  260   2              if(0U != i)
  261   2              {
  262   3                  wprint(",");
  263   3              }
  264   2              wprint("%.3f", (double)value_copy[i]);
  265   2          }
  266   1      
  267   1          wprint("\r\n");
  268   1      }
  269          
  270          //-------------------------------------------------------------------------------------------------------
             -------------
  271          // 函数简介     处理读取指令
  272          // 参数说明     name            变量名称
  273          // 返回参数     void
  274          // 使用示例     内部调用，用户无需关心
  275          //-------------------------------------------------------------------------------------------------------
             -------------
  276          static void service_packet_handle_read(char *name)
  277          {
  278   1          service_packet_variable_t *variable;
  279   1      
  280   1          variable = service_packet_find_variable(name);
  281   1          if(NULL == variable)
  282   1          {
  283   2              return;
  284   2          }
  285   1      
  286   1          service_packet_print_variable(variable);
  287   1      }
  288          
  289          //-------------------------------------------------------------------------------------------------------
             -------------
  290          // 函数简介     处理写入指令
  291          // 参数说明     name            变量名称
  292          // 参数说明     value_text      待写入的数值字符串
  293          // 返回参数     void
  294          // 使用示例     内部调用，用户无需关心
  295          //-------------------------------------------------------------------------------------------------------
             -------------
  296          static void service_packet_handle_write(char *name, char *value_text)
  297          {
C251 COMPILER V5.60.0,  service_packet                                                     16/05/26  17:23:20  PAGE 6   

  298   1          uint8 i;
  299   1          uint8 ea_backup;
  300   1          float value_copy[SERVICE_PACKET_VALUE_MAX];
  301   1          service_packet_variable_t *variable;
  302   1      
  303   1          variable = service_packet_find_variable(name);
  304   1          if((NULL == variable) || (NULL == value_text))
  305   1          {
  306   2              return;
  307   2          }
  308   1      
  309   1          if(0U == service_packet_parse_float_list(value_text, value_copy, variable->value_count))
  310   1          {
  311   2              return;
  312   2          }
  313   1      
  314   1          ea_backup = EA;
  315   1          EA = 0;
  316   1          for(i = 0; i < variable->value_count; i++)
  317   1          {
  318   2              variable->value[i] = value_copy[i];
  319   2          }
  320   1          EA = ea_backup;
  321   1      
  322   1          service_packet_print_variable(variable);
  323   1      }
  324          
  325          //-------------------------------------------------------------------------------------------------------
             -------------
  326          // 函数简介     处理触发指令
  327          // 参数说明     name            操作名称
  328          // 返回参数     void
  329          // 使用示例     内部调用，用户无需关心
  330          // 备注信息     匹配成功后将动作加入 service_function_queue，优先级为 1
  331          //-------------------------------------------------------------------------------------------------------
             -------------
  332          static void service_packet_handle_trigger(char *name)
  333          {
  334   1          service_packet_action_t *action;
  335   1      
  336   1          action = service_packet_find_action(name);
  337   1          if(NULL == action)
  338   1          {
  339   2              return;
  340   2          }
  341   1      
  342   1          (void)service_function_queue_add(action->func, action->delay_ms, SERVICE_PACKET_TRIGGER_PRIORITY);
  343   1      }
  344          
  345          //-------------------------------------------------------------------------------------------------------
             -------------
  346          // 函数简介     解析并处理一帧完整数据
  347          // 参数说明     frame           去除帧头帧尾后的帧内容
  348          // 返回参数     void
  349          // 使用示例     内部调用，用户无需关心
  350          // 备注信息     帧格式为 $$命令,名称,数值@@，命令支持 W/R/T
  351          //-------------------------------------------------------------------------------------------------------
             -------------
  352          static void service_packet_handle_frame(char *frame)
  353          {
  354   1          char command;
  355   1          char *name;
  356   1          char *value_text;
  357   1      
  358   1          if('\0' == frame[0])
  359   1          {
C251 COMPILER V5.60.0,  service_packet                                                     16/05/26  17:23:20  PAGE 7   

  360   2              return;
  361   2          }
  362   1      
  363   1          command = frame[0];
  364   1          name = service_packet_skip_field_separator(&frame[1]);
  365   1          value_text = name;
  366   1      
  367   1          while(('\0' != *value_text) && (0U == service_packet_is_field_separator(*value_text)))
  368   1          {
  369   2              value_text++;
  370   2          }
  371   1      
  372   1          if('\0' != *value_text)
  373   1          {
  374   2              *value_text = '\0';
  375   2              value_text++;
  376   2              value_text = service_packet_skip_field_separator(value_text);
  377   2          }
  378   1          else
  379   1          {
  380   2              value_text = NULL;
  381   2          }
  382   1      
  383   1          if('\0' == *name)
  384   1          {
  385   2              return;
  386   2          }
  387   1      
  388   1          if('R' == command)
  389   1          {
  390   2              service_packet_handle_read(name);
  391   2          }
  392   1          else if('W' == command)
  393   1          {
  394   2              service_packet_handle_write(name, value_text);
  395   2          }
  396   1          else if('T' == command)
  397   1          {
  398   2              service_packet_handle_trigger(name);
  399   2          }
  400   1      }
  401          
  402          //-------------------------------------------------------------------------------------------------------
             -------------
  403          // 函数简介     复位接收状态机
  404          // 参数说明     void
  405          // 返回参数     void
  406          // 使用示例     内部调用，用户无需关心
  407          //-------------------------------------------------------------------------------------------------------
             -------------
  408          static void service_packet_reset_rx(void)
  409          {
  410   1          packet_rx_state = SERVICE_PACKET_RX_WAIT_HEAD_1;
  411   1          packet_frame_index = 0U;
  412   1      }
  413          
  414          //-------------------------------------------------------------------------------------------------------
             -------------
  415          // 函数简介     向帧缓存写入一个字符
  416          // 参数说明     value           待写入字符
  417          // 返回参数     void
  418          // 使用示例     内部调用，用户无需关心
  419          // 备注信息     缓存溢出时自动复位接收状态机
  420          //-------------------------------------------------------------------------------------------------------
             -------------
  421          static void service_packet_push_body_char(char value)
C251 COMPILER V5.60.0,  service_packet                                                     16/05/26  17:23:20  PAGE 8   

  422          {
  423   1          if(packet_frame_index < (SERVICE_PACKET_FRAME_MAX - 1U))
  424   1          {
  425   2              packet_frame[packet_frame_index] = value;
  426   2              packet_frame_index++;
  427   2          }
  428   1          else
  429   1          {
  430   2              service_packet_reset_rx();
  431   2          }
  432   1      }
  433          
  434          //-------------------------------------------------------------------------------------------------------
             -------------
  435          // 函数简介     输入一个接收字符并推进帧状态机
  436          // 参数说明     value           接收到的字符
  437          // 返回参数     void
  438          // 使用示例     内部调用，用户无需关心
  439          // 备注信息     检测到完整 $$...@@ 帧后自动解析执行
  440          //-------------------------------------------------------------------------------------------------------
             -------------
  441          static void service_packet_input_char(char value)
  442          {
  443   1          if(SERVICE_PACKET_RX_WAIT_HEAD_1 == packet_rx_state)
  444   1          {
  445   2              if('$' == value)
  446   2              {
  447   3                  packet_rx_state = SERVICE_PACKET_RX_WAIT_HEAD_2;
  448   3              }
  449   2              return;
  450   2          }
  451   1      
  452   1          if(SERVICE_PACKET_RX_WAIT_HEAD_2 == packet_rx_state)
  453   1          {
  454   2              if('$' == value)
  455   2              {
  456   3                  packet_frame_index = 0U;
  457   3                  packet_rx_state = SERVICE_PACKET_RX_BODY;
  458   3              }
  459   2              else
  460   2              {
  461   3                  packet_rx_state = SERVICE_PACKET_RX_WAIT_HEAD_1;
  462   3              }
  463   2              return;
  464   2          }
  465   1      
  466   1          if(SERVICE_PACKET_RX_BODY == packet_rx_state)
  467   1          {
  468   2              if('@' == value)
  469   2              {
  470   3                  packet_rx_state = SERVICE_PACKET_RX_TAIL_2;
  471   3              }
  472   2              else
  473   2              {
  474   3                  service_packet_push_body_char(value);
  475   3              }
  476   2              return;
  477   2          }
  478   1      
  479   1          if(SERVICE_PACKET_RX_TAIL_2 == packet_rx_state)
  480   1          {
  481   2              if('@' == value)
  482   2              {
  483   3                  packet_frame[packet_frame_index] = '\0';
  484   3                  service_packet_handle_frame(packet_frame);
  485   3                  service_packet_reset_rx();
C251 COMPILER V5.60.0,  service_packet                                                     16/05/26  17:23:20  PAGE 9   

  486   3              }
  487   2              else
  488   2              {
  489   3                  service_packet_push_body_char('@');
  490   3                  service_packet_push_body_char(value);
  491   3                  packet_rx_state = SERVICE_PACKET_RX_BODY;
  492   3              }
  493   2          }
  494   1      }
  495          
  496          //-------------------------------------------------------------------------------------------------------
             -------------
  497          // 函数简介     通讯包服务初始化
  498          // 参数说明     void
  499          // 返回参数     void
  500          // 使用示例     service_packet_init();
  501          // 备注信息     初始化后需要通过 service_packet_add_variable/action 注册变量和动作
  502          //-------------------------------------------------------------------------------------------------------
             -------------
  503          void service_packet_init(void)
  504          {
  505   1          uint8 i;
  506   1      
  507   1          packet_variable_count = 0U;
  508   1          packet_action_count = 0U;
  509   1          service_packet_reset_rx();
  510   1      
  511   1          for(i = 0; i < SERVICE_PACKET_VARIABLE_MAX; i++)
  512   1          {
  513   2              packet_variables[i].name = NULL;
  514   2              packet_variables[i].value = NULL;
  515   2              packet_variables[i].value_count = 0U;
  516   2          }
  517   1      
  518   1          for(i = 0; i < SERVICE_PACKET_ACTION_MAX; i++)
  519   1          {
  520   2              packet_actions[i].name = NULL;
  521   2              packet_actions[i].func = NULL;
*** WARNING C150 IN LINE 521 OF ..\L2_SERVICE\service_packet.c: 'far' pointer converted to 'far' pointer
  522   2              packet_actions[i].delay_ms = 0U;
  523   2          }
  524   1      }
  525          
  526          //-------------------------------------------------------------------------------------------------------
             -------------
  527          // 函数简介     通讯包服务调试接口
  528          // 参数说明     void
  529          // 返回参数     void
  530          // 使用示例     service_packet_debug();
  531          //-------------------------------------------------------------------------------------------------------
             -------------
  532          void service_packet_debug(void)
  533          {
  534   1      }
  535          
  536          //-------------------------------------------------------------------------------------------------------
             -------------
  537          // 函数简介     注册可读写变量
  538          // 参数说明     name            变量名称
  539          // 参数说明     value           变量数据地址
  540          // 参数说明     value_count     变量包含的 float 数量
  541          // 返回参数     uint8           1：注册成功 0：注册失败
  542          // 使用示例     service_packet_add_variable("speed", speed_value, 2);
  543          // 备注信息     相同名称重复注册时会更新变量地址和数量
  544          //-------------------------------------------------------------------------------------------------------
             -------------
C251 COMPILER V5.60.0,  service_packet                                                     16/05/26  17:23:20  PAGE 10  

  545          uint8 service_packet_add_variable(const char *name, float *value, uint8 value_count)
  546          {
  547   1          service_packet_variable_t *variable;
  548   1      
  549   1          if((NULL == name) || (NULL == value) || (0U == value_count) ||
  550   1                  (SERVICE_PACKET_VALUE_MAX < value_count))
  551   1          {
  552   2              return 0U;
  553   2          }
  554   1      
  555   1          variable = service_packet_find_variable(name);
  556   1          if(NULL != variable)
  557   1          {
  558   2              variable->value = value;
  559   2              variable->value_count = value_count;
  560   2              return 1U;
  561   2          }
  562   1      
  563   1          if(SERVICE_PACKET_VARIABLE_MAX <= packet_variable_count)
  564   1          {
  565   2              return 0U;
  566   2          }
  567   1      
  568   1          packet_variables[packet_variable_count].name = name;
  569   1          packet_variables[packet_variable_count].value = value;
  570   1          packet_variables[packet_variable_count].value_count = value_count;
  571   1          packet_variable_count++;
  572   1      
  573   1          return 1U;
  574   1      }
  575          
  576          //-------------------------------------------------------------------------------------------------------
             -------------
  577          // 函数简介     注册触发动作
  578          // 参数说明     name            操作名称
  579          // 参数说明     func            触发动作函数
  580          // 参数说明     delay_ms        触发后延迟执行时间 单位 ms
  581          // 返回参数     uint8           1：注册成功 0：注册失败
  582          // 使用示例     service_packet_add_action("reset", service_motor_reset, 0);
  583          // 备注信息     相同名称重复注册时会更新函数和延迟时间
  584          //-------------------------------------------------------------------------------------------------------
             -------------
  585          uint8 service_packet_add_action(const char *name, service_packet_action_func_t func, uint32 delay_ms)
  586          {
  587   1          service_packet_action_t *action;
  588   1      
  589   1          if((NULL == name) || (NULL == func))
  590   1          {
  591   2              return 0U;
  592   2          }
  593   1      
  594   1          action = service_packet_find_action(name);
  595   1          if(NULL != action)
  596   1          {
  597   2              action->func = func;
  598   2              action->delay_ms = delay_ms;
  599   2              return 1U;
  600   2          }
  601   1      
  602   1          if(SERVICE_PACKET_ACTION_MAX <= packet_action_count)
  603   1          {
  604   2              return 0U;
  605   2          }
  606   1      
  607   1          packet_actions[packet_action_count].name = name;
  608   1          packet_actions[packet_action_count].func = func;
C251 COMPILER V5.60.0,  service_packet                                                     16/05/26  17:23:20  PAGE 11  

  609   1          packet_actions[packet_action_count].delay_ms = delay_ms;
  610   1          packet_action_count++;
  611   1      
  612   1          return 1U;
  613   1      }
  614          
  615          //-------------------------------------------------------------------------------------------------------
             -------------
  616          // 函数简介     通讯包服务周期更新
  617          // 参数说明     void
  618          // 返回参数     void
  619          // 使用示例     service_packet_update();
  620          // 备注信息     从无线串口读取数据并送入帧状态机，建议在主循环中周期调用
  621          //-------------------------------------------------------------------------------------------------------
             -------------
  622          void service_packet_update(void)
  623          {
  624   1          uint8 i;
  625   1          uint8 read_buffer[SERVICE_PACKET_RX_READ_SIZE];
  626   1          uint8 read_length;
  627   1      
  628   1          read_length = (uint8)service_wireless_uart_read_buffer(read_buffer, SERVICE_PACKET_RX_READ_SIZE);
  629   1      
  630   1          for(i = 0; i < read_length; i++)
  631   1          {
  632   2              service_packet_input_char((char)read_buffer[i]);
  633   2          }
  634   1      }


Module Information          Static   Overlayable
------------------------------------------------
  code size            =    ------     ------
  ecode size           =      3524     ------
  data size            =    ------     ------
  idata size           =    ------     ------
  pdata size           =    ------     ------
  xdata size           =       630     ------
  xdata-const size     =    ------     ------
  edata size           =    ------     ------
  bit size             =    ------     ------
  ebit size            =    ------     ------
  bitaddressable size  =    ------     ------
  ebitaddressable size =    ------     ------
  far data size        =    ------     ------
  huge data size       =    ------     ------
  const size           =    ------     ------
  hconst size          =        49     ------
End of Module Information.


C251 COMPILATION COMPLETE.  1 WARNING(S),  0 ERROR(S)
