C251 COMPILER V5.60.0,  service_button                                                     15/08/26  21:11:06  PAGE 1   


C251 COMPILER V5.60.0, COMPILATION OF MODULE service_button
OBJECT MODULE PLACED IN .\out_file\service_button.obj
COMPILER INVOKED BY: D:\C251keil\C251\BIN\C251.EXE ..\L2_SERVICE\service_button.c LARGE ROM(HUGE) WARNINGLEVEL(3) OPTIMI
                    -ZE(0,SPEED) BROWSE INCDIR(..\..\libraries\zf_common;..\..\libraries\zf_components;..\..\libraries\zf_device;..\..\librar
                    -ies\zf_driver;..\user;..\code;..\L0_SYS;..\L1_BSP;..\L2_SERVICE;..\L3_APP;..\LL_Shared_Source;..\..\libraries\zf_compone
                    -nts\stc32g_usb_lib;..\..\libraries\zf_components\seekfree_assistant) DEBUG PRINT(.\out_file\service_button.lst) OBJECT(.
                    -\out_file\service_button.obj) 

stmt  level    source

    1          #include "zf_common_headfile.h"
    2          #include "bsp_include.h"
    3          #include "service_button.h"
    4          #include "service_timetick.h"
    5          
    6          #define BUTTON_POLL_INTERVAL_TICK          (100UL)
    7          #define BUTTON_CLICK_INTERVAL_TICK         (300UL)
    8          
    9          static uint32 s_last_poll_tick = 0UL;
   10          static uint8 s_raw = 0U;
   11          static uint8 s_debounced = 0U;
   12          static uint8 s_last_debounced = 0U;
   13          static uint8 s_clicked = 0U;
   14          static uint32 s_last_click_tick = 0UL;
   15          
   16          void service_button_init(void)
   17          {
   18   1          gpio_init(IO_P32, GPI, GPIO_LOW, GPI_PULL_DOWN);
   19   1      }
   20          
   21          void service_button_task(void)
   22          {
   23   1          uint32 now;
   24   1      
   25   1          now = service_timetick_what();
   26   1          if((uint32)(now - s_last_poll_tick) < BUTTON_POLL_INTERVAL_TICK)
   27   1          {
   28   2              return;
   29   2          }
   30   1          s_last_poll_tick = now;
   31   1      
   32   1          s_raw = gpio_get_level(IO_P32);
   33   1      
   34   1          if(s_raw == s_debounced)
   35   1          {
   36   2              if(s_debounced && !s_last_debounced)
   37   2              {
   38   3                  s_clicked = 1U;
   39   3              }
   40   2              s_last_debounced = s_debounced;
   41   2          }
   42   1          else
   43   1          {
   44   2              s_debounced = s_raw;
   45   2          }
   46   1      }
   47          
   48          uint8 service_button_clicked(void)
   49          {
   50   1          uint32 now;
   51   1          uint8 ret;
   52   1      
   53   1          ret = s_clicked;
   54   1          if(0U != ret)
   55   1          {
C251 COMPILER V5.60.0,  service_button                                                     15/08/26  21:11:06  PAGE 2   

   56   2              now = service_timetick_what();
   57   2              if((uint32)(now - s_last_click_tick) < BUTTON_CLICK_INTERVAL_TICK)
   58   2              {
   59   3                  ret = 0U;
   60   3              }
   61   2              else
   62   2              {
   63   3                  s_last_click_tick = now;
   64   3              }
   65   2          }
   66   1          s_clicked = 0U;
   67   1          return ret;
   68   1      }
   69          
   70          uint8 service_button_get_state(void)
   71          {
   72   1          return s_debounced;
   73   1      }


Module Information          Static   Overlayable
------------------------------------------------
  code size            =    ------     ------
  ecode size           =       248     ------
  data size            =    ------     ------
  idata size           =    ------     ------
  pdata size           =    ------     ------
  xdata size           =        21     ------
  xdata-const size     =    ------     ------
  edata size           =    ------     ------
  bit size             =    ------     ------
  ebit size            =    ------     ------
  bitaddressable size  =    ------     ------
  ebitaddressable size =    ------     ------
  far data size        =    ------     ------
  huge data size       =    ------     ------
  const size           =    ------     ------
  hconst size          =        42     ------
End of Module Information.


C251 COMPILATION COMPLETE.  0 WARNING(S),  0 ERROR(S)
