C251 COMPILER V5.60.0,  service_speed                                                      26/05/26  21:58:44  PAGE 1   


C251 COMPILER V5.60.0, COMPILATION OF MODULE service_speed
OBJECT MODULE PLACED IN .\out_file\service_speed.obj
COMPILER INVOKED BY: D:\APPs\Keil\C251\BIN\C251.EXE ..\L2_SERVICE\service_speed.c LARGE ROM(HUGE) WARNINGLEVEL(3) OPTIMI
                    -ZE(9,SPEED) BROWSE INCDIR(..\..\libraries\zf_common;..\..\libraries\zf_components;..\..\libraries\zf_device;..\..\librar
                    -ies\zf_driver;..\user;..\code;..\L0_SYS;..\L1_BSP;..\L2_SERVICE;..\L3_APP;..\LL_Shared_Source;..\..\libraries\zf_compone
                    -nts\stc32g_usb_lib;..\..\libraries\zf_components\seekfree_assistant) DEBUG PRINT(.\out_file\service_speed.lst) TABS(2) O
                    -BJECT(.\out_file\service_speed.obj) 

stmt  level    source

    1          #include "zf_common_headfile.h"
    2          #include "sys_tfpu.h"
    3          #include "bsp_include.h"
    4          #include "service_delay.h"
    5          #include "service_speed.h"
    6          
    7          #define SERVICE_SPEED_PI                     (3.1415926f)
    8          #define SERVICE_SPEED_ENCODER_PULSE_PER_REV (1024.0f)
    9          #define SERVICE_SPEED_ENCODER_TO_WHEEL_RATIO (4.4f)
   10          #define SERVICE_SPEED_WHEEL_DIAMETER_M       (0.0252f)
   11          #define SERVICE_SPEED_SAMPLE_PERIOD_MS       (1U)
   12          #define SERVICE_SPEED_SAMPLE_PERIOD_SECOND   (0.001f)
   13          
   14          #define SERVICE_SPEED_DISTANCE_PER_PULSE_M \
   15              ((SERVICE_SPEED_PI * SERVICE_SPEED_WHEEL_DIAMETER_M) / \
   16              (SERVICE_SPEED_ENCODER_PULSE_PER_REV * SERVICE_SPEED_ENCODER_TO_WHEEL_RATIO))
   17          
   18          #define SERVICE_SPEED_MPS_PER_PULSE \
   19              (SERVICE_SPEED_DISTANCE_PER_PULSE_M / SERVICE_SPEED_SAMPLE_PERIOD_SECOND)
   20          
   21          #define SERVICE_SPEED_AVG_WINDOW             (20U)
   22          
   23          static volatile service_speed_data_t speed_data = {0.0f, 0.0f};
   24          
   25          static float speed_avg_buf_left[SERVICE_SPEED_AVG_WINDOW];
   26          static float speed_avg_buf_right[SERVICE_SPEED_AVG_WINDOW];
   27          static uint8 speed_avg_idx = 0U;
   28          static uint8 speed_avg_cnt = 0U;
   29          static float speed_avg_sum_left = 0.0f;
   30          static float speed_avg_sum_right = 0.0f;
   31          
   32          static float service_speed_avg_update(float *buf, float *sum, float raw)
   33          {
   34   1          *sum = tfpu_sub(tfpu_add(*sum, raw), buf[speed_avg_idx]);
   35   1          buf[speed_avg_idx] = raw;
   36   1          return tfpu_div(*sum, (float)speed_avg_cnt);
   37   1      }
   38          
   39          void service_speed_init(void)
   40          {
   41   1          uint8 i;
   42   1      
   43   1          bsp_encoder_init();
   44   1          speed_data.left_mps = 0.0f;
   45   1          speed_data.right_mps = 0.0f;
   46   1          speed_avg_idx = 0U;
   47   1          speed_avg_cnt = 1U;
   48   1          speed_avg_sum_left = 0.0f;
   49   1          speed_avg_sum_right = 0.0f;
   50   1          for(i = 0U; i < SERVICE_SPEED_AVG_WINDOW; i++)
   51   1          {
   52   2              speed_avg_buf_left[i] = 0.0f;
   53   2              speed_avg_buf_right[i] = 0.0f;
   54   2          }
   55   1          pit_ms_init(TIM3_PIT, SERVICE_SPEED_SAMPLE_PERIOD_MS, service_speed_update);
C251 COMPILER V5.60.0,  service_speed                                                      26/05/26  21:58:44  PAGE 2   

   56   1      }
   57          
   58          void service_speed_debug(void)
   59          {
   60   1          service_speed_data_t testdata;
   61   1          service_delay_ms(1000U);
   62   1          service_speed_get(&testdata);
   63   1          printf("[speed:] %f,%f\r\n",testdata.left_mps,testdata.right_mps);
   64   1      }
   65          
   66          void service_speed_update(void)
   67          {
   68   1          bsp_encoder_count_t encoder_delta;
   69   1          float raw_left;
   70   1          float raw_right;
   71   1      
   72   1          bsp_encoder_get_delta(&encoder_delta);
   73   1          raw_left = tfpu_mul(tfpu_int2float(encoder_delta.left), SERVICE_SPEED_MPS_PER_PULSE);
   74   1          raw_right = tfpu_mul(tfpu_int2float(encoder_delta.right), SERVICE_SPEED_MPS_PER_PULSE);
   75   1      
   76   1          speed_data.left_mps = service_speed_avg_update(speed_avg_buf_left, &speed_avg_sum_left, raw_left);
   77   1          speed_data.right_mps = service_speed_avg_update(speed_avg_buf_right, &speed_avg_sum_right, raw_right)
             -;
   78   1      
   79   1          speed_avg_idx++;
   80   1          if(speed_avg_idx >= SERVICE_SPEED_AVG_WINDOW)
   81   1          {
   82   2              speed_avg_idx = 0U;
   83   2          }
   84   1          if(speed_avg_cnt < SERVICE_SPEED_AVG_WINDOW)
   85   1          {
   86   2              speed_avg_cnt++;
   87   2          }
   88   1      }
   89          
   90          void service_speed_get(service_speed_data_t *out_speed)
   91          {
   92   1          if(NULL == out_speed)
   93   1          {
   94   2              return;
   95   2          }
   96   1      
   97   1          out_speed->left_mps = speed_data.left_mps;
   98   1          out_speed->right_mps = speed_data.right_mps;
   99   1      }


Module Information          Static   Overlayable
------------------------------------------------
  code size            =    ------     ------
  ecode size           =       621     ------
  data size            =    ------     ------
  idata size           =    ------     ------
  pdata size           =    ------     ------
  xdata size           =       178         24
  xdata-const size     =    ------     ------
  edata size           =    ------     ------
  bit size             =    ------     ------
  ebit size            =    ------     ------
  bitaddressable size  =    ------     ------
  ebitaddressable size =    ------     ------
  far data size        =    ------     ------
  huge data size       =    ------     ------
  const size           =    ------     ------
  hconst size          =        60     ------
End of Module Information.


C251 COMPILATION COMPLETE.  0 WARNING(S),  0 ERROR(S)
