C251 COMPILER V5.60.0,  service_led                                                        15/08/26  02:16:06  PAGE 1   


C251 COMPILER V5.60.0, COMPILATION OF MODULE service_led
OBJECT MODULE PLACED IN .\out_file\service_led.obj
COMPILER INVOKED BY: D:\C251keil\C251\BIN\C251.EXE ..\L2_SERVICE\service_led.c LARGE ROM(HUGE) WARNINGLEVEL(3) OPTIMIZE(
                    -0,SPEED) BROWSE INCDIR(..\..\libraries\zf_common;..\..\libraries\zf_components;..\..\libraries\zf_device;..\..\libraries
                    -\zf_driver;..\user;..\code;..\L0_SYS;..\L1_BSP;..\L2_SERVICE;..\L3_APP;..\LL_Shared_Source;..\..\libraries\zf_components
                    -\stc32g_usb_lib;..\..\libraries\zf_components\seekfree_assistant) DEBUG PRINT(.\out_file\service_led.lst) OBJECT(.\out_f
                    -ile\service_led.obj) 

stmt  level    source

    1          #include "zf_common_headfile.h"
    2          #include "bsp_include.h"
    3          #include "service_led.h"
    4          #include "service_timetick.h"
    5          #include "service_wireless_uart.h"
    6          #include "app_speedout.h"
    7          #include "service_imu.h"
    8          
    9          #define SERVICE_LED_TICKS_PER_MS       (10UL)
   10          #define SERVICE_LED_TIME_HALF_RANGE    (0x80000000UL)
   11          
   12          #define SERVICE_LED_MODE_IDLE          (0U)
   13          #define SERVICE_LED_MODE_ON_DELAY      (1U)
   14          #define SERVICE_LED_MODE_BLINK         (2U)
   15          #define SERVICE_LED_MODE_STEADY        (3U)
   16          
   17          /* 应用状态机: 开机常亮 → IMU校准快闪 → 待机慢闪 → 运行态 */
   18          #define SERVICE_LED_APP_BOOT           (0U)
   19          #define SERVICE_LED_APP_CALIBRATING    (1U)
   20          #define SERVICE_LED_APP_STANDBY        (2U)
   21          #define SERVICE_LED_APP_RUNNING        (3U)
   22          
   23          #define SERVICE_LED_CALIBRATING_ON_MS  (100UL)
   24          #define SERVICE_LED_CALIBRATING_OFF_MS (100UL)
   25          #define SERVICE_LED_STANDBY_ON_MS      (900UL)
   26          #define SERVICE_LED_STANDBY_OFF_MS     (900UL)
   27          #define SERVICE_LED_RUNNING_ON_MS      (100UL)
   28          #define SERVICE_LED_RUNNING_OFF_MS     (900UL)
   29          
   30          static uint8 led_is_on = 0U;
   31          static uint8 led_mode = SERVICE_LED_MODE_IDLE;
   32          static uint8 led_blink_phase_on = 0U;
   33          static uint32 led_deadline_tick = 0UL;
   34          static uint32 led_on_ticks = 0UL;
   35          static uint32 led_off_ticks = 0UL;
   36          static uint32 led_blink_remaining = 0UL;
   37          static uint8 led_app_state = SERVICE_LED_APP_BOOT;
   38          static uint8 led_app_state_valid = 0U;
   39          
   40          static uint8 service_led_time_reached(uint32 now, uint32 deadline)
   41          {
   42   1          return ((uint32)(now - deadline) < SERVICE_LED_TIME_HALF_RANGE);
   43   1      }
   44          
   45          static void service_led_reset_schedule(void)
   46          {
   47   1          led_mode = SERVICE_LED_MODE_IDLE;
   48   1          led_blink_phase_on = 0U;
   49   1          led_deadline_tick = 0UL;
   50   1          led_on_ticks = 0UL;
   51   1          led_off_ticks = 0UL;
   52   1          led_blink_remaining = 0UL;
   53   1      }
   54          
   55          void service_led_init(void)
C251 COMPILER V5.60.0,  service_led                                                        15/08/26  02:16:06  PAGE 2   

   56          {
   57   1          bsp_led_init();
   58   1          led_is_on = 0U;
   59   1          led_app_state = SERVICE_LED_APP_BOOT;
   60   1          led_app_state_valid = 0U;
   61   1          service_led_reset_schedule();
   62   1          /* 开机后常亮, 等待 IMU 校准开始 */
   63   1          service_led_on();
   64   1          #if __DBGFLAG__
   65   1          printf(">>[service_led_init]\r\n");
   66   1          wprint(">>[service_led_init]\r\n");
   67   1          #endif
   68   1      }
   69          
   70          void service_led_debug(void)
   71          {
   72   1          printf("[led:blink500msx3]\r\n");
   73   1          service_led_blink_ms(500UL, 500UL, 3UL);
   74   1      }
   75          
   76          void service_led_on(void)
   77          {
   78   1          bsp_led_on();
   79   1          led_is_on = 1U;
   80   1          service_led_reset_schedule();
   81   1          led_mode = SERVICE_LED_MODE_STEADY;
   82   1      }
   83          
   84          void service_led_off(void)
   85          {
   86   1          bsp_led_off();
   87   1          led_is_on = 0U;
   88   1          service_led_reset_schedule();
   89   1      }
   90          
   91          void service_led_set(uint8 enable)
   92          {
   93   1          if(0U != enable)
   94   1          {
   95   2              service_led_on();
   96   2          }
   97   1          else
   98   1          {
   99   2              service_led_off();
  100   2          }
  101   1      }
  102          
  103          void service_led_on_ms(uint32 duration_ms)
  104          {
  105   1          if(0UL == duration_ms)
  106   1          {
  107   2              service_led_off();
  108   2              return;
  109   2          }
  110   1      
  111   1          bsp_led_on();
  112   1          led_is_on = 1U;
  113   1          led_mode = SERVICE_LED_MODE_ON_DELAY;
  114   1          led_blink_phase_on = 0U;
  115   1          led_deadline_tick = service_timetick_what() + duration_ms * SERVICE_LED_TICKS_PER_MS;
  116   1          led_on_ticks = 0UL;
  117   1          led_off_ticks = 0UL;
  118   1          led_blink_remaining = 0UL;
  119   1      }
  120          
  121          void service_led_delay_ms(uint32 duration_ms)
C251 COMPILER V5.60.0,  service_led                                                        15/08/26  02:16:06  PAGE 3   

  122          {
  123   1          service_led_on_ms(duration_ms);
  124   1      }
  125          
  126          void service_led_blink_ms(uint32 on_time_ms, uint32 off_time_ms, uint32 repeat_count)
  127          {
  128   1          /* A zero-length phase cannot be scheduled in the foreground ticker. */
  129   1          if((0UL == on_time_ms) || (0UL == off_time_ms))
  130   1          {
  131   2              service_led_off();
  132   2              return;
  133   2          }
  134   1      
  135   1          bsp_led_on();
  136   1          led_is_on = 1U;
  137   1          led_mode = SERVICE_LED_MODE_BLINK;
  138   1          led_blink_phase_on = 1U;
  139   1          led_on_ticks = on_time_ms * SERVICE_LED_TICKS_PER_MS;
  140   1          led_off_ticks = off_time_ms * SERVICE_LED_TICKS_PER_MS;
  141   1          led_blink_remaining = repeat_count;
  142   1          led_deadline_tick = service_timetick_what() + led_on_ticks;
  143   1      }
  144          
  145          static void service_led_timing_task(void)
  146          {
  147   1          uint32 now;
  148   1      
  149   1          if((SERVICE_LED_MODE_IDLE == led_mode) || (SERVICE_LED_MODE_STEADY == led_mode))
  150   1          {
  151   2              return;
  152   2          }
  153   1      
  154   1          now = service_timetick_what();
  155   1          if(0U == service_led_time_reached(now, led_deadline_tick))
  156   1          {
  157   2              return;
  158   2          }
  159   1      
  160   1          if(SERVICE_LED_MODE_ON_DELAY == led_mode)
  161   1          {
  162   2              service_led_off();
  163   2              return;
  164   2          }
  165   1      
  166   1          if(0U != led_blink_phase_on)
  167   1          {
  168   2              bsp_led_off();
  169   2              led_is_on = 0U;
  170   2              led_blink_phase_on = 0U;
  171   2              led_deadline_tick = now + led_off_ticks;
  172   2          }
  173   1          else if((1UL == led_blink_remaining))
  174   1          {
  175   2              service_led_off();
  176   2          }
  177   1          else
  178   1          {
  179   2              if(0UL != led_blink_remaining)
  180   2              {
  181   3                  led_blink_remaining--;
  182   3              }
  183   2      
  184   2              bsp_led_on();
  185   2              led_is_on = 1U;
  186   2              led_blink_phase_on = 1U;
  187   2              led_deadline_tick = now + led_on_ticks;
C251 COMPILER V5.60.0,  service_led                                                        15/08/26  02:16:06  PAGE 4   

  188   2          }
  189   1      }
  190          
  191          void service_led_task(void)
  192          {
  193   1          app_speedout_data_t speedout_status;
  194   1          uint8 started;
  195   1          uint8 new_app_state;
  196   1      
  197   1          app_speedout_get_data(&speedout_status);
  198   1          started = (speedout_status.enabled >= 0.5f) ? 1U : 0U;
  199   1          started = (0U != started) ? 1U : 0U;
  200   1      
  201   1          if(0U != started)
  202   1          {
  203   2              new_app_state = SERVICE_LED_APP_RUNNING;
  204   2          }
  205   1          else if(0U != service_imu_calibration_is_running())
  206   1          {
  207   2              new_app_state = SERVICE_LED_APP_CALIBRATING;
  208   2          }
  209   1          else if(0U != service_imu_calibration_is_complete())
  210   1          {
  211   2              new_app_state = SERVICE_LED_APP_STANDBY;
  212   2          }
  213   1          else
  214   1          {
  215   2              new_app_state = SERVICE_LED_APP_BOOT;
  216   2          }
  217   1      
  218   1          if((0U == led_app_state_valid) || (led_app_state != new_app_state))
  219   1          {
  220   2              led_app_state_valid = 1U;
  221   2              led_app_state = new_app_state;
  222   2      
  223   2              switch(new_app_state)
  224   2              {
  225   3                  case SERVICE_LED_APP_CALIBRATING:
  226   3                      /* IMU 校准中: 150ms 亮 / 150ms 灭 快速闪烁 */
  227   3                      service_led_blink_ms(SERVICE_LED_CALIBRATING_ON_MS,
  228   3                              SERVICE_LED_CALIBRATING_OFF_MS, 0UL);
  229   3                      break;
  230   3                  case SERVICE_LED_APP_STANDBY:
  231   3                      /* 待机: 900ms 亮 / 900ms 灭 慢速闪烁 */
  232   3                      service_led_blink_ms(SERVICE_LED_STANDBY_ON_MS,
  233   3                              SERVICE_LED_STANDBY_OFF_MS, 0UL);
  234   3                      break;
  235   3                  case SERVICE_LED_APP_RUNNING:
  236   3                      /* 运行态: 100ms 亮 / 900ms 灭 */
  237   3                      service_led_blink_ms(SERVICE_LED_RUNNING_ON_MS,
  238   3                              SERVICE_LED_RUNNING_OFF_MS, 0UL);
  239   3                      break;
  240   3                  default:
  241   3                      /* 开机: 常亮 */
  242   3                      service_led_on();
  243   3                      break;
  244   3              }
  245   2          }
  246   1      
  247   1          service_led_timing_task();
  248   1      }
  249          
  250          void service_led_stop(void)
  251          {
  252   1          service_led_off();
  253   1      }
C251 COMPILER V5.60.0,  service_led                                                        15/08/26  02:16:06  PAGE 5   

  254          
  255          uint8 service_led_is_on(void)
  256          {
  257   1          service_led_timing_task();
  258   1          return led_is_on;
  259   1      }


Module Information          Static   Overlayable
------------------------------------------------
  code size            =    ------     ------
  ecode size           =      1110     ------
  data size            =    ------     ------
  idata size           =    ------     ------
  pdata size           =    ------     ------
  xdata size           =        84     ------
  xdata-const size     =    ------     ------
  edata size           =    ------     ------
  bit size             =    ------     ------
  ebit size            =    ------     ------
  bitaddressable size  =    ------     ------
  ebitaddressable size =    ------     ------
  far data size        =    ------     ------
  huge data size       =    ------     ------
  const size           =    ------     ------
  hconst size          =       110     ------
End of Module Information.


C251 COMPILATION COMPLETE.  0 WARNING(S),  0 ERROR(S)
