C251 COMPILER V5.60.0,  service_function_queue                                             26/07/26  20:02:53  PAGE 1   


C251 COMPILER V5.60.0, COMPILATION OF MODULE service_function_queue
OBJECT MODULE PLACED IN .\out_file\service_function_queue.obj
COMPILER INVOKED BY: D:\C251keil\C251\BIN\C251.EXE ..\L2_SERVICE\service_function_queue.c LARGE ROM(HUGE) WARNINGLEVEL(3
                    -) OPTIMIZE(0,SPEED) BROWSE INCDIR(..\..\libraries\zf_common;..\..\libraries\zf_components;..\..\libraries\zf_device;..\.
                    -.\libraries\zf_driver;..\user;..\code;..\L0_SYS;..\L1_BSP;..\L2_SERVICE;..\L3_APP;..\LL_Shared_Source;..\..\libraries\zf
                    -_components\stc32g_usb_lib;..\..\libraries\zf_components\seekfree_assistant) DEBUG PRINT(.\out_file\service_function_que
                    -ue.lst) OBJECT(.\out_file\service_function_queue.obj) 

stmt  level    source

    1          #include "zf_common_headfile.h"
    2          #include "service_timetick.h"
    3          #include "service_function_queue.h"
    4          
    5          #pragma warning disable = 150
    6          
    7          #define SERVICE_FUNCTION_QUEUE_TICK_PER_MS     (10UL)
    8          #define SERVICE_FUNCTION_QUEUE_PRIORITY_MIN    (1U)
    9          #define SERVICE_FUNCTION_QUEUE_PRIORITY_MAX    (4U)
   10          
   11          typedef struct
   12          {
   13              service_function_queue_func_t func;
   14              uint32 start_tick;
   15              uint32 delay_tick;
   16              uint32 order;
   17              uint8 priority;
   18              uint8 used;
   19          } service_function_queue_item_t;
   20          
   21          static service_function_queue_item_t function_queue[SERVICE_FUNCTION_QUEUE_MAX];
   22          static uint32 function_queue_order = 0U;
   23          
   24          static uint8 service_function_queue_time_ready(uint32 now, service_function_queue_item_t *item)
   25          {
   26   1          return ((uint32)(now - item->start_tick) >= item->delay_tick);
   27   1      }
   28          
   29          void service_function_queue_init(void)
   30          {
   31   1          uint8 i;
   32   1          uint8 ea_backup;
   33   1      
   34   1          ea_backup = EA;
   35   1          EA = 0;
   36   1      
   37   1          for(i = 0; i < SERVICE_FUNCTION_QUEUE_MAX; i++)
   38   1          {
   39   2              function_queue[i].func = NULL;
   40   2              function_queue[i].start_tick = 0U;
   41   2              function_queue[i].delay_tick = 0U;
   42   2              function_queue[i].order = 0U;
   43   2              function_queue[i].priority = 0U;
   44   2              function_queue[i].used = 0U;
   45   2          }
   46   1      
   47   1          function_queue_order = 0U;
   48   1      
   49   1          EA = ea_backup;
   50   1          #if __DBGFLAG__
   51   1          printf(">>[service_function_queue_init]\r\n");
   52   1          #endif
   53   1      }
   54          
   55          void service_function_queue_debug(void)
C251 COMPILER V5.60.0,  service_function_queue                                             26/07/26  20:02:53  PAGE 2   

   56          {
   57   1      }
   58          
   59          uint8 service_function_queue_add(service_function_queue_func_t func, uint32 delay_ms, uint8 priority)
   60          {
   61   1          uint8 i;
   62   1          uint8 ea_backup;
   63   1          uint32 now;
   64   1      
   65   1          if((NULL == func) || (SERVICE_FUNCTION_QUEUE_PRIORITY_MIN > priority) ||
   66   1                  (SERVICE_FUNCTION_QUEUE_PRIORITY_MAX < priority))
   67   1          {
   68   2              return 0U;
   69   2          }
   70   1      
   71   1          now = service_timetick_what();
   72   1      
   73   1          ea_backup = EA;
   74   1          EA = 0;
   75   1      
   76   1          for(i = 0; i < SERVICE_FUNCTION_QUEUE_MAX; i++)
   77   1          {
   78   2              if(0U == function_queue[i].used)
   79   2              {
   80   3                  function_queue[i].func = func;
   81   3                  function_queue[i].start_tick = now;
   82   3                  function_queue[i].delay_tick = delay_ms * SERVICE_FUNCTION_QUEUE_TICK_PER_MS;
   83   3                  function_queue[i].order = function_queue_order++;
   84   3                  function_queue[i].priority = priority;
   85   3                  function_queue[i].used = 1U;
   86   3      
   87   3                  EA = ea_backup;
   88   3                  return 1U;
   89   3              }
   90   2          }
   91   1      
   92   1          EA = ea_backup;
   93   1          return 0U;
   94   1      }
   95          
   96          void service_function_queue_update(void)
   97          {
   98   1          uint8 priority;
   99   1          uint8 i;
  100   1          uint8 selected;
  101   1          uint8 ea_backup;
  102   1          uint32 now;
  103   1          uint32 update_order_limit;
  104   1          uint32 selected_order;
  105   1          service_function_queue_func_t selected_func;
  106   1          uint8 executed = 0U;
  107   1      
  108   1          now = service_timetick_what();
  109   1      
  110   1          ea_backup = EA;
  111   1          EA = 0;
  112   1          update_order_limit = function_queue_order;
  113   1          EA = ea_backup;
  114   1      
  115   1          for(priority = SERVICE_FUNCTION_QUEUE_PRIORITY_MAX; priority >= SERVICE_FUNCTION_QUEUE_PRIORITY_MIN; 
             -priority--)
  116   1          {
  117   2              while(1)
  118   2              {
  119   3                  selected = SERVICE_FUNCTION_QUEUE_MAX;
  120   3                  selected_order = update_order_limit;
C251 COMPILER V5.60.0,  service_function_queue                                             26/07/26  20:02:53  PAGE 3   

  121   3                  selected_func = NULL;
  122   3      
  123   3                  ea_backup = EA;
  124   3                  EA = 0;
  125   3      
  126   3                  for(i = 0; i < SERVICE_FUNCTION_QUEUE_MAX; i++)
  127   3                  {
  128   4                      if((0U != function_queue[i].used) &&
  129   4                              (priority == function_queue[i].priority) &&
  130   4                              (function_queue[i].order < update_order_limit) &&
  131   4                              service_function_queue_time_ready(now, &function_queue[i]) &&
  132   4                              (function_queue[i].order < selected_order))
  133   4                      {
  134   5                          selected = i;
  135   5                          selected_order = function_queue[i].order;
  136   5                          selected_func = function_queue[i].func;
  137   5                      }
  138   4                  }
  139   3      
  140   3                  if(SERVICE_FUNCTION_QUEUE_MAX != selected)
  141   3                  {
  142   4                      function_queue[selected].func = NULL;
  143   4                      function_queue[selected].used = 0U;
  144   4                  }
  145   3      
  146   3                  EA = ea_backup;
  147   3      
  148   3                  if(NULL == selected_func)
  149   3                  {
  150   4                      break;
  151   4                  }
  152   3      
  153   3                  selected_func();
  154   3                  executed++;
  155   3                  if(executed >= SERVICE_FUNCTION_QUEUE_MAX_EXECUTE_PER_UPDATE)
  156   3                  {
  157   4                      return;
  158   4                  }
  159   3              }
  160   2          }
  161   1      }


Module Information          Static   Overlayable
------------------------------------------------
  code size            =    ------     ------
  ecode size           =      1348     ------
  data size            =    ------     ------
  idata size           =    ------     ------
  pdata size           =    ------     ------
  xdata size           =       194     ------
  xdata-const size     =    ------     ------
  edata size           =    ------     ------
  bit size             =    ------     ------
  ebit size            =    ------     ------
  bitaddressable size  =    ------     ------
  ebitaddressable size =    ------     ------
  far data size        =    ------     ------
  huge data size       =    ------     ------
  const size           =    ------     ------
  hconst size          =        43     ------
End of Module Information.


C251 COMPILATION COMPLETE.  0 WARNING(S),  0 ERROR(S)
