C251 COMPILER V5.60.0,  shared_lpf                                                         13/05/26  12:26:34  PAGE 1   


C251 COMPILER V5.60.0, COMPILATION OF MODULE shared_lpf
OBJECT MODULE PLACED IN .\out_file\shared_lpf.obj
COMPILER INVOKED BY: D:\APPs\Keil\C251\BIN\C251.EXE ..\LL_Shared_Source\shared_lpf.c LARGE ROM(HUGE) WARNINGLEVEL(3) OPT
                    -IMIZE(0,SIZE) BROWSE INCDIR(..\..\libraries\zf_common;..\..\libraries\zf_components;..\..\libraries\zf_device;..\..\libr
                    -aries\zf_driver;..\user;..\code;..\L0_SYS;..\L1_BSP;..\L2_SERVICE;..\L3_APP;..\LL_Shared_Source;..\..\libraries\zf_compo
                    -nents\stc32g_usb_lib;..\..\libraries\zf_components\seekfree_assistant) DEBUG PRINT(.\out_file\shared_lpf.lst) TABS(2) OB
                    -JECT(.\out_file\shared_lpf.obj) 

stmt  level    source

    1          #include "shared_lpf.h"
    2          
    3          static float shared_lpf_clamp_alpha(float alpha);
    4          
    5          //-------------------------------------------------------------------------------------------------------
             -------------
    6          // 函数简介     初始化一阶低通滤波器
    7          // 参数说明     filter          滤波器对象指针
    8          // 参数说明     alpha           滤波系数 [0.0f, 1.0f]
    9          // 参数说明     init_value      初始输出值
   10          // 返回参数     void
   11          // 使用示例     shared_lpf_init(&filter, 0.2f, 0.0f);
   12          //-------------------------------------------------------------------------------------------------------
             -------------
   13          void shared_lpf_init(shared_lpf_t *filter, float alpha, float init_value)
   14          {
   15   1          filter->alpha = shared_lpf_clamp_alpha(alpha);
   16   1          filter->output = init_value;
   17   1      }
   18          
   19          //-------------------------------------------------------------------------------------------------------
             -------------
   20          // 函数简介     设置一阶低通滤波器系数
   21          // 参数说明     filter          滤波器对象指针
   22          // 参数说明     alpha           滤波系数 [0.0f, 1.0f]
   23          // 返回参数     void
   24          // 使用示例     shared_lpf_set_alpha(&filter, 0.5f);
   25          //-------------------------------------------------------------------------------------------------------
             -------------
   26          void shared_lpf_set_alpha(shared_lpf_t *filter, float alpha)
   27          {
   28   1          filter->alpha = shared_lpf_clamp_alpha(alpha);
   29   1      }
   30          
   31          //-------------------------------------------------------------------------------------------------------
             -------------
   32          // 函数简介     重置一阶低通滤波器输出值
   33          // 参数说明     filter          滤波器对象指针
   34          // 参数说明     value           重置后的输出值
   35          // 返回参数     void
   36          // 使用示例     shared_lpf_reset(&filter, 0.0f);
   37          //-------------------------------------------------------------------------------------------------------
             -------------
   38          void shared_lpf_reset(shared_lpf_t *filter, float value)
   39          {
   40   1          filter->output = value;
   41   1      }
   42          
   43          //-------------------------------------------------------------------------------------------------------
             -------------
   44          // 函数简介     更新一阶低通滤波器
   45          // 参数说明     filter          滤波器对象指针
   46          // 参数说明     input           本次输入值
   47          // 返回参数     float           本次滤波输出值
   48          // 使用示例     value = shared_lpf_update(&filter, input);
C251 COMPILER V5.60.0,  shared_lpf                                                         13/05/26  12:26:34  PAGE 2   

   49          //-------------------------------------------------------------------------------------------------------
             -------------
   50          float shared_lpf_update(shared_lpf_t *filter, float input)
   51          {
   52   1          filter->output = filter->output + filter->alpha * (input - filter->output);
   53   1      
   54   1          return filter->output;
   55   1      }
   56          
   57          //-------------------------------------------------------------------------------------------------------
             -------------
   58          // 函数简介     获取一阶低通滤波器当前输出值
   59          // 参数说明     filter          滤波器对象指针
   60          // 返回参数     float           当前输出值
   61          // 使用示例     value = shared_lpf_get(&filter);
   62          //-------------------------------------------------------------------------------------------------------
             -------------
   63          float shared_lpf_get(const shared_lpf_t *filter)
   64          {
   65   1          return filter->output;
   66   1      }
   67          
   68          //-------------------------------------------------------------------------------------------------------
             -------------
   69          // 函数简介     限制一阶低通滤波器系数范围
   70          // 参数说明     alpha           待限制的滤波系数
   71          // 返回参数     float           限制后的滤波系数
   72          //-------------------------------------------------------------------------------------------------------
             -------------
   73          static float shared_lpf_clamp_alpha(float alpha)
   74          {
   75   1          if(alpha < 0.0f)
   76   1          {
   77   2              alpha = 0.0f;
   78   2          }
   79   1          else if(1.0f < alpha)
   80   1          {
   81   2              alpha = 1.0f;
   82   2          }
   83   1      
   84   1          return alpha;
   85   1      }


Module Information          Static   Overlayable
------------------------------------------------
  code size            =    ------     ------
  ecode size           =       448     ------
  data size            =    ------     ------
  idata size           =    ------     ------
  pdata size           =    ------     ------
  xdata size           =        44     ------
  xdata-const size     =    ------     ------
  edata size           =    ------     ------
  bit size             =    ------     ------
  ebit size            =    ------     ------
  bitaddressable size  =    ------     ------
  ebitaddressable size =    ------     ------
  far data size        =    ------     ------
  huge data size       =    ------     ------
  const size           =    ------     ------
  hconst size          =    ------     ------
End of Module Information.


C251 COMPILATION COMPLETE.  0 WARNING(S),  0 ERROR(S)
