C251 COMPILER V5.60.0,  sys_start                                                          16/08/26  18:22:21  PAGE 1   


C251 COMPILER V5.60.0, COMPILATION OF MODULE sys_start
OBJECT MODULE PLACED IN .\out_file\sys_start.obj
COMPILER INVOKED BY: D:\C251keil\C251\BIN\C251.EXE ..\L0_SYS\sys_start.c LARGE ROM(HUGE) WARNINGLEVEL(3) OPTIMIZE(0,SPEE
                    -D) BROWSE INCDIR(..\..\libraries\zf_common;..\..\libraries\zf_components;..\..\libraries\zf_device;..\..\libraries\zf_dr
                    -iver;..\user;..\code;..\L0_SYS;..\L1_BSP;..\L2_SERVICE;..\L3_APP;..\LL_Shared_Source;..\..\libraries\zf_components\stc32
                    -g_usb_lib;..\..\libraries\zf_components\seekfree_assistant) DEBUG PRINT(.\out_file\sys_start.lst) OBJECT(.\out_file\sys_
                    -start.obj) 

stmt  level    source

    1          #include "zf_common_headfile.h"
    2          #include "sys_start.h"
    3          #include "sys_tfpu.h"
    4          static void tfpu_start(void);
    5          
    6          void SystemStart(void)
    7          {
    8   1          clock_init(SYSTEM_CLOCK_120M);                              // 时钟配置及系统初始化<务必保留>
    9   1          debug_init();                                       // 调试串口信息初始化
   10   1          tfpu_start();
   11   1      }
   12          
   13          void wdt_init(void)
   14          {
   15   1          WDT_CONTR = 0x37;                           // EN_WDT=1, CLR_WDT=1, prescaler=7(max)
   16   1      }
   17          
   18          void wdt_feed(void)
   19          {
   20   1          WDT_CONTR |= 0x10;                          // Set CLR_WDT to reset counter
   21   1      }
   22          
   23          static void tfpu_start(void)
   24          {
   25   1          P_SW2 |= 0x80;
   26   1          TFPU_CLKDIV = 0x00;
   27   1          tfpu_init();
   28   1      }


Module Information          Static   Overlayable
------------------------------------------------
  code size            =    ------     ------
  ecode size           =        49     ------
  data size            =    ------     ------
  idata size           =    ------     ------
  pdata size           =    ------     ------
  xdata size           =    ------     ------
  xdata-const size     =    ------     ------
  edata size           =    ------     ------
  bit size             =    ------     ------
  ebit size            =    ------     ------
  bitaddressable size  =    ------     ------
  ebitaddressable size =    ------     ------
  far data size        =    ------     ------
  huge data size       =    ------     ------
  const size           =    ------     ------
  hconst size          =    ------     ------
End of Module Information.


C251 COMPILATION COMPLETE.  0 WARNING(S),  0 ERROR(S)
