C251 COMPILER V5.60.0,  zf_device_wireless_uart                                            29/07/26  01:04:26  PAGE 1   


C251 COMPILER V5.60.0, COMPILATION OF MODULE zf_device_wireless_uart
OBJECT MODULE PLACED IN .\out_file\zf_device_wireless_uart.obj
COMPILER INVOKED BY: D:\C251keil\C251\BIN\C251.EXE ..\..\libraries\zf_device\zf_device_wireless_uart.c LARGE ROM(HUGE) W
                    -ARNINGLEVEL(3) OPTIMIZE(8,SPEED) BROWSE INCDIR(..\..\libraries\zf_common;..\..\libraries\zf_components;..\..\libraries\z
                    -f_device;..\..\libraries\zf_driver;..\user;..\code;..\L0_SYS;..\L1_BSP;..\L2_SERVICE;..\L3_APP;..\LL_Shared_Source;..\..
                    -\libraries\zf_components\stc32g_usb_lib;..\..\libraries\zf_components\seekfree_assistant) DEBUG PRINT(.\out_file\zf_devi
                    -ce_wireless_uart.lst) OBJECT(.\out_file\zf_device_wireless_uart.obj) 

stmt  level    source

    1          #include "zf_common_clock.h"
    2          #include "zf_common_debug.h"
    3          #include "zf_common_fifo.h"
    4          #include "zf_driver_delay.h"
    5          #include "zf_driver_gpio.h"
    6          #include "zf_driver_uart.h"
*** ERROR C52 IN LINE 83 OF ..\..\libraries\zf_driver\zf_driver_uart.h: use of undefined type 'UART_1'
*** ERROR C25 IN LINE 83 OF ..\..\libraries\zf_driver\zf_driver_uart.h: syntax error near '='
*** WARNING C34 IN LINE 84 OF ..\..\libraries\zf_driver\zf_driver_uart.h: 'UART_2': missing declaration specifiers
*** WARNING C34 IN LINE 85 OF ..\..\libraries\zf_driver\zf_driver_uart.h: 'UART_3': missing declaration specifiers
*** WARNING C34 IN LINE 86 OF ..\..\libraries\zf_driver\zf_driver_uart.h: 'UART_4': missing declaration specifiers
*** WARNING C34 IN LINE 87 OF ..\..\libraries\zf_driver\zf_driver_uart.h: 'UART_5': missing declaration specifiers
*** WARNING C34 IN LINE 88 OF ..\..\libraries\zf_driver\zf_driver_uart.h: 'UART_6': missing declaration specifiers
*** WARNING C34 IN LINE 89 OF ..\..\libraries\zf_driver\zf_driver_uart.h: 'UART_7': missing declaration specifiers
*** WARNING C34 IN LINE 90 OF ..\..\libraries\zf_driver\zf_driver_uart.h: 'UART_8': missing declaration specifiers
*** WARNING C34 IN LINE 91 OF ..\..\libraries\zf_driver\zf_driver_uart.h: 'UART_RESERVE': missing declaration specifiers
*** ERROR C25 IN LINE 92 OF ..\..\libraries\zf_driver\zf_driver_uart.h: syntax error near '}'
*** WARNING C34 IN LINE 157 OF ..\..\libraries\zf_driver\zf_driver_uart.h: 'buff': missing declaration specifiers
*** ERROR C25 IN LINE 157 OF ..\..\libraries\zf_driver\zf_driver_uart.h: syntax error near 'uint16'
*** WARNING C34 IN LINE 158 OF ..\..\libraries\zf_driver\zf_driver_uart.h: 'str': missing declaration specifiers
*** WARNING C34 IN LINE 159 OF ..\..\libraries\zf_driver\zf_driver_uart.h: 'buff': missing declaration specifiers
*** ERROR C25 IN LINE 159 OF ..\..\libraries\zf_driver\zf_driver_uart.h: syntax error near 'uint16'
*** WARNING C34 IN LINE 165 OF ..\..\libraries\zf_driver\zf_driver_uart.h: 'dat': missing declaration specifiers
    7          #include "zf_device_wireless_uart.h"
*** WARNING C34 IN LINE 42 OF ..\..\libraries\zf_device\zf_device_wireless_uart.h: 'buff': missing declaration specifier
             -s
*** ERROR C25 IN LINE 42 OF ..\..\libraries\zf_device\zf_device_wireless_uart.h: syntax error near 'uint32'
*** WARNING C34 IN LINE 43 OF ..\..\libraries\zf_device\zf_device_wireless_uart.h: 'str': missing declaration specifiers
*** WARNING C34 IN LINE 44 OF ..\..\libraries\zf_device\zf_device_wireless_uart.h: 'buff': missing declaration specifier
             -s
*** ERROR C25 IN LINE 44 OF ..\..\libraries\zf_device\zf_device_wireless_uart.h: syntax error near 'uint32'
    8          #include "zf_device_type.h"
    9          
   10          #pragma warning disable = 183
   11          #pragma warning disable = 177
   12          
   13          #if ((WIRELESS_UART_BUFFER_SIZE & (WIRELESS_UART_BUFFER_SIZE - 1U)) != 0U)
                   #error "WIRELESS_UART_BUFFER_SIZE must be a power of two."
               #endif
   16          
   17          #define WIRELESS_UART_BUFFER_MASK     (WIRELESS_UART_BUFFER_SIZE - 1U)
   18          
   19          // UART DMA RX is a single-byte producer.  These uint8 indices form a
   20          // lock-free single-producer/single-consumer queue: ISR writes head only and
   21          // foreground reads tail only.  This removes the FIFO read/write race.
   22          static uint8 xdata wireless_uart_buffer[WIRELESS_UART_BUFFER_SIZE];
   23          static volatile uint8 wireless_uart_rx_head = 0U;
   24          static volatile uint8 wireless_uart_rx_tail = 0U;
   25          static volatile uint16 wireless_uart_rx_dropped = 0U;
   26          
   27          #if (1 == WIRELESS_UART_AUTO_BAUD_RATE)
               static fifo_struct wireless_uart_auto_baud_fifo;
               static uint8 wireless_uart_auto_baud_buffer[WIRELESS_UART_BUFFER_SIZE];
               #endif
   31          
C251 COMPILER V5.60.0,  zf_device_wireless_uart                                            29/07/26  01:04:26  PAGE 2   

   32          #if (1 == WIRELESS_UART_AUTO_BAUD_RATE)
               static volatile wireless_uart_auto_baudrate_state_enum wireless_auto_baud_flag = WIRELESS_UART_AUTO_BAUD_
             -RATE_INIT;
               static volatile uint8 wireless_auto_baud_data[3] = {0x00, 0x01, 0x03};
               #endif
   36          
   37          static uint32 wireless_uart_send_direct(const uint8 *buff, uint32 len)
*** WARNING C34 IN LINE 37 OF ..\..\libraries\zf_device\zf_device_wireless_uart.c: 'buff': missing declaration specifier
             -s
*** ERROR C25 IN LINE 37 OF ..\..\libraries\zf_device\zf_device_wireless_uart.c: syntax error near 'uint32'
   38          {
   39              uint16 request_len;
   40              uint16 accepted_len;
   41          
   42              if(NULL == buff)
   43              {
   44                  return len;
   45              }
   46          
   47              // Copy only into the UART driver's xdata DMA queue.  The loop chunks a
   48              // wide API request; it never waits for the physical transmission.
   49              while(0U != len)
   50              {
   51                  request_len = (len > 0xFFFFUL) ? 0xFFFFU : (uint16)len;
   52                  accepted_len = uart_write_buffer_async(WIRELESS_UART_INDEX, buff, request_len);
   53                  buff += accepted_len;
   54                  len -= accepted_len;
   55                  if(accepted_len != request_len)
   56                  {
   57                      break;
   58                  }
   59              }
   60          
   61              return len;
   62          }
   63          
   64          uint32 wireless_uart_send_byte(const uint8 dat)
   65          {
   66          #if (WIRELESS_UART_TRANSFER_MODE == WIRELESS_UART_TRANSFER_MODE_RTS)
                   if(gpio_get_level(WIRELESS_UART_RTS_PIN))
                   {
                       return 1U;
                   }
               #else
   72          #endif
   73          
   74              return (1U == uart_write_buffer_async(WIRELESS_UART_INDEX, &dat, 1U)) ? 0U : 1U;
   75          }
   76          
   77          uint32 wireless_uart_send_buffer(const uint8 *buff, uint32 len)
*** WARNING C34 IN LINE 77 OF ..\..\libraries\zf_device\zf_device_wireless_uart.c: 'buff': missing declaration specifier
             -s
*** ERROR C53 IN LINE 77 OF ..\..\libraries\zf_device\zf_device_wireless_uart.c: redefinition of 'buff': different point
             -er
*** ERROR C25 IN LINE 77 OF ..\..\libraries\zf_device\zf_device_wireless_uart.c: syntax error near 'uint32'
   78          {
   79              zf_assert(NULL != buff);
   80          
   81          #if (WIRELESS_UART_TRANSFER_MODE == WIRELESS_UART_TRANSFER_MODE_RTS)
                   if(gpio_get_level(WIRELESS_UART_RTS_PIN))
                   {
                       return len;
                   }
               #else
   87          #endif
   88          
C251 COMPILER V5.60.0,  zf_device_wireless_uart                                            29/07/26  01:04:26  PAGE 3   

   89              return wireless_uart_send_direct(buff, len);
   90          }
   91          
   92          uint32 wireless_uart_send_string(const char *str)
*** WARNING C34 IN LINE 92 OF ..\..\libraries\zf_device\zf_device_wireless_uart.c: 'str': missing declaration specifiers
*** ERROR C53 IN LINE 92 OF ..\..\libraries\zf_device\zf_device_wireless_uart.c: redefinition of 'str': different pointe
             -r
   93          {
   94              uint32 len;
   95          
   96              zf_assert(NULL != str);
   97              len = strlen(str);
   98          
   99              return wireless_uart_send_buffer((const uint8 *)str, len);
  100          }
  101          
  102          uint32 wireless_uart_read_buffer(uint8 *buff, uint32 len)
*** WARNING C34 IN LINE 102 OF ..\..\libraries\zf_device\zf_device_wireless_uart.c: 'buff': missing declaration specifie
             -rs
*** ERROR C53 IN LINE 102 OF ..\..\libraries\zf_device\zf_device_wireless_uart.c: redefinition of 'buff': different poin
             -ter
*** ERROR C25 IN LINE 102 OF ..\..\libraries\zf_device\zf_device_wireless_uart.c: syntax error near 'uint32'
  103          {
  104              uint32 data_len = 0U;
  105              uint8 tail;
  106          
  107              zf_assert(NULL != buff);
  108          
  109              while(data_len < len)
  110              {
  111                  tail = wireless_uart_rx_tail;
  112                  if(tail == wireless_uart_rx_head)
  113                  {
  114                      break;
  115                  }
  116          
  117                  buff[data_len] = wireless_uart_buffer[tail];
  118                  wireless_uart_rx_tail = (uint8)((tail + 1U) & WIRELESS_UART_BUFFER_MASK);
  119                  data_len++;
  120              }
  121          
  122              return data_len;
  123          }
  124          
  125          void wireless_uart_callback(uint8 uart_dat)
  126          {
  127          #if WIRELESS_UART_AUTO_BAUD_RATE
                   if(WIRELESS_UART_AUTO_BAUD_RATE_START == wireless_auto_baud_flag)
                   {
                       fifo_write_buffer(&wireless_uart_auto_baud_fifo, &uart_dat, 1U);
                       if(3U == fifo_used(&wireless_uart_auto_baud_fifo))
                       {
                           uint32 wireless_auto_baud_count = 3U;
               
                           wireless_auto_baud_flag = WIRELESS_UART_AUTO_BAUD_RATE_GET_ACK;
                           fifo_read_buffer(&wireless_uart_auto_baud_fifo, (uint8 *)wireless_auto_baud_data,
                                   &wireless_auto_baud_count, FIFO_READ_AND_CLEAN);
                       }
                       return;
                   }
               #endif
  142          
  143              {
  144                  uint8 next_head = (uint8)((wireless_uart_rx_head + 1U) & WIRELESS_UART_BUFFER_MASK);
  145                  if(next_head == wireless_uart_rx_tail)
  146                  {
C251 COMPILER V5.60.0,  zf_device_wireless_uart                                            29/07/26  01:04:26  PAGE 4   

  147                      wireless_uart_rx_dropped++;
  148                      return;
  149                  }
  150          
  151                  wireless_uart_buffer[wireless_uart_rx_head] = uart_dat;
  152                  wireless_uart_rx_head = next_head;
  153              }
  154          }
  155          
  156          uint8 wireless_uart_init(void)
  157          {
  158              uint8 return_state = 0U;
  159          
  160              wireless_uart_rx_head = 0U;
  161              wireless_uart_rx_tail = 0U;
  162              wireless_uart_rx_dropped = 0U;
  163          
  164          #if (1 == WIRELESS_UART_AUTO_BAUD_RATE)
                   fifo_init(&wireless_uart_auto_baud_fifo, FIFO_DATA_8BIT,
                           wireless_uart_auto_baud_buffer, WIRELESS_UART_BUFFER_SIZE);
               #endif
  168          
  169          #if ((1 == WIRELESS_UART_AUTO_BAUD_RATE) || (WIRELESS_UART_TRANSFER_MODE == WIRELESS_UART_TRANSFER_MODE_R
             -TS))
                   gpio_init(WIRELESS_UART_RTS_PIN, GPI, GPIO_HIGH, GPI_PULL_UP);
               #endif
  172          
  173          #if (0 == WIRELESS_UART_AUTO_BAUD_RATE)
  174              uart_init(WIRELESS_UART_INDEX, WIRELESS_UART_BUAD_RATE, WIRELESS_UART_RX_PIN, WIRELESS_UART_TX_PIN);
  175              uart_rx_interrupt(WIRELESS_UART_INDEX, 1, wireless_uart_callback);
  176          #elif (1 == WIRELESS_UART_AUTO_BAUD_RATE)
                   uint8 rts_init_status;
                   uint16 time_count = 0U;
               
                   wireless_auto_baud_flag = WIRELESS_UART_AUTO_BAUD_RATE_INIT;
                   wireless_auto_baud_data[0] = 0U;
                   wireless_auto_baud_data[1] = 1U;
                   wireless_auto_baud_data[2] = 3U;
               
                   rts_init_status = gpio_get_level(WIRELESS_UART_RTS_PIN);
                   gpio_init(WIRELESS_UART_RTS_PIN, GPO, rts_init_status, GPO_PUSH_PULL);
               
                   uart_init(WIRELESS_UART_INDEX, WIRELESS_UART_BUAD_RATE, WIRELESS_UART_RX_PIN, WIRELESS_UART_TX_PIN);
                   uart_rx_interrupt(WIRELESS_UART_INDEX, 1, wireless_uart_callback);
               
                   system_delay_ms(5);
                   gpio_set_level(WIRELESS_UART_RTS_PIN, !rts_init_status);
                   system_delay_ms(100);
                   gpio_toggle_level(WIRELESS_UART_RTS_PIN);
               
                   do
                   {
                       wireless_auto_baud_flag = WIRELESS_UART_AUTO_BAUD_RATE_START;
                       uart_write_byte(WIRELESS_UART_INDEX, wireless_auto_baud_data[0]);
                       uart_write_byte(WIRELESS_UART_INDEX, wireless_auto_baud_data[1]);
                       uart_write_byte(WIRELESS_UART_INDEX, wireless_auto_baud_data[2]);
                       system_delay_ms(20);
               
                       if(WIRELESS_UART_AUTO_BAUD_RATE_GET_ACK != wireless_auto_baud_flag)
                       {
                           return_state = 1U;
                           break;
                       }
               
                       time_count = 0U;
               
C251 COMPILER V5.60.0,  zf_device_wireless_uart                                            29/07/26  01:04:26  PAGE 5   

                       if((0xa5 != wireless_auto_baud_data[0]) &&
                               (0xff != wireless_auto_baud_data[1]) &&
                               (0xff != wireless_auto_baud_data[2]))
                       {
                           return_state = 1U;
                           break;
                       }
               
                       wireless_auto_baud_flag = WIRELESS_UART_AUTO_BAUD_RATE_SUCCESS;
                       gpio_init(WIRELESS_UART_RTS_PIN, GPI, 0, GPI_PULL_UP);
                       system_delay_ms(10);
                   }
                   while(0);
               
                   (void)time_count;
               #endif
  228          
  229              return return_state;
  230          }
*** ERROR C7 IN LINE 230 OF ..\..\libraries\zf_device\zf_device_wireless_uart.c: compilation aborted

C251 COMPILATION COMPLETE.  19 WARNING(S),  14 ERROR(S)
