C251 COMPILER V5.60.0,  service_negative_pressure                                          03/08/26  22:48:16  PAGE 1   


C251 COMPILER V5.60.0, COMPILATION OF MODULE service_negative_pressure
OBJECT MODULE PLACED IN .\out_file\o8_audit\L2_SERVICE_service_negative_pressure.obj
COMPILER INVOKED BY: D:\C251keil\C251\BIN\C251.EXE ..\L2_SERVICE\service_negative_pressure.c LARGE ROM(HUGE) WARNINGLEVE
                    -L(3) OPTIMIZE(8,SPEED) OBJECTADVANCED BROWSE INCDIR(..\..\libraries\zf_common;..\..\libraries\zf_components;..\..\librar
                    -ies\zf_device;..\..\libraries\zf_driver;..\user;..\code;..\L0_SYS;..\L1_BSP;..\L2_SERVICE;..\L3_APP;..\LL_Shared_Source;
                    -..\..\libraries\zf_components\stc32g_usb_lib;..\..\libraries\zf_components\seekfree_assistant) DEBUG PRINT(.\out_file\o8
                    -_audit\L2_SERVICE_service_negative_pressure.lst) OBJECT(.\out_file\o8_audit\L2_SERVICE_service_negative_pressure.obj) 

stmt  level    source

    1          #include "zf_common_headfile.h"
    2          #include "service_packet.h"
    3          #include "service_negative_pressure.h"
    4          #include "service_wireless_uart.h"
    5          
    6          #define NEGATIVE_PRESSURE_PERCENT_MAX       (100U)
    7          #define NEGATIVE_PRESSURE_DUTY_MIN          (PWM_DUTY_MAX * 5UL / 100UL)
    8          #define NEGATIVE_PRESSURE_DUTY_MAX          (PWM_DUTY_MAX * 10UL / 100UL)
    9          #define NEGATIVE_PRESSURE_PACKET_COUNT      (1U)
   10          
   11          static volatile uint8 negative_pressure_percent = 0U;
   12          static float negative_pressure_percent_config = 0.0f;
   13          static uint8 negative_pressure_config_percent = 0U;
   14          static volatile uint8 negative_pressure_requested_percent = 0U;
   15          static volatile uint8 negative_pressure_request_pending = 0U;
   16          static volatile uint8 negative_pressure_control_override = 0U;
   17          
   18          static uint32 negative_pressure_percent_to_duty(uint8 percent)
   19          {
   20   1          uint32 duty_range;
   21   1      
   22   1          if(NEGATIVE_PRESSURE_PERCENT_MAX < percent)
   23   1          {
   24   2              percent = NEGATIVE_PRESSURE_PERCENT_MAX;
   25   2          }
   26   1      
   27   1          duty_range = NEGATIVE_PRESSURE_DUTY_MAX - NEGATIVE_PRESSURE_DUTY_MIN;
   28   1      
   29   1          return NEGATIVE_PRESSURE_DUTY_MIN + (duty_range * percent / NEGATIVE_PRESSURE_PERCENT_MAX);
   30   1      }
   31          
   32          static uint8 negative_pressure_float_to_percent(float percent)
   33          {
   34   1          if(0.0f >= percent)
   35   1          {
   36   2              return 0U;
   37   2          }
   38   1      
   39   1          if((float)NEGATIVE_PRESSURE_PERCENT_MAX <= percent)
   40   1          {
   41   2              return NEGATIVE_PRESSURE_PERCENT_MAX;
   42   2          }
   43   1      
   44   1          return (uint8)(percent + 0.5f);
   45   1      }
   46          
   47          static void service_negative_pressure_config_updated(void)
   48          {
   49   1          uint8 percent;
   50   1          uint8 ea_backup;
   51   1      
   52   1          percent = negative_pressure_float_to_percent(negative_pressure_percent_config);
   53   1          ea_backup = EA;
   54   1          EA = 0;
   55   1          negative_pressure_config_percent = percent;
C251 COMPILER V5.60.0,  service_negative_pressure                                          03/08/26  22:48:16  PAGE 2   

   56   1          negative_pressure_control_override = 0U;
   57   1          negative_pressure_requested_percent = percent;
   58   1          negative_pressure_request_pending = 1U;
   59   1          EA = ea_backup;
   60   1      }
   61          
   62          void service_negative_pressure_init(void)
   63          {
   64   1          pwm_init(SERVICE_NEGATIVE_PRESSURE_PWM_CH, SERVICE_NEGATIVE_PRESSURE_PWM_FREQ_HZ, 0U);
   65   1          negative_pressure_percent = 0U;
   66   1          negative_pressure_percent_config = 0.0f;
   67   1          negative_pressure_config_percent = 0U;
   68   1          negative_pressure_requested_percent = 0U;
   69   1          negative_pressure_request_pending = 0U;
   70   1          negative_pressure_control_override = 0U;
   71   1          (void)service_packet_add_variable_with_callback("negative_pressure", &negative_pressure_percent_confi
             -g,
   72   1                  NEGATIVE_PRESSURE_PACKET_COUNT, service_negative_pressure_config_updated);
   73   1          #if __DBGFLAG__
                   printf(">>[service_negative_pressure_init]\r\n");
                   wprint(">>[service_negative_pressure_init]\r\n");
                   #endif
   77   1      }
   78          
   79          void service_negative_pressure_debug(void)
   80          {
   81   1          printf("[pressure] : 30\r\n");
   82   1          service_negative_pressure_set_percent(30);
   83   1      }
   84          
   85          void service_negative_pressure_task(void)
   86          {
   87   1          uint8 percent;
   88   1          uint8 ea_backup;
   89   1      
   90   1          percent = negative_pressure_float_to_percent(negative_pressure_percent_config);
   91   1          ea_backup = EA;
   92   1          EA = 0;
   93   1          if(0U != negative_pressure_control_override)
   94   1          {
   95   2              EA = ea_backup;
   96   2              return;
   97   2          }
   98   1      
   99   1          if(percent != negative_pressure_config_percent)
  100   1          {
  101   2              negative_pressure_config_percent = percent;
  102   2              negative_pressure_requested_percent = percent;
  103   2              negative_pressure_request_pending = 1U;
  104   2          }
  105   1          EA = ea_backup;
  106   1      }
  107          
  108          void service_negative_pressure_request_percent(uint8 percent)
  109          {
  110   1          uint8 ea_backup;
  111   1      
  112   1          if(NEGATIVE_PRESSURE_PERCENT_MAX < percent)
  113   1          {
  114   2              percent = NEGATIVE_PRESSURE_PERCENT_MAX;
  115   2          }
  116   1      
  117   1          ea_backup = EA;
  118   1          EA = 0;
  119   1          negative_pressure_requested_percent = percent;
  120   1          negative_pressure_request_pending = 1U;
C251 COMPILER V5.60.0,  service_negative_pressure                                          03/08/26  22:48:16  PAGE 3   

  121   1          EA = ea_backup;
  122   1      }
  123          
  124          void service_negative_pressure_apply_request(void)
  125          {
  126   1          uint8 percent;
  127   1          uint8 ea_backup;
  128   1      
  129   1          ea_backup = EA;
  130   1          EA = 0;
  131   1          if(0U == negative_pressure_request_pending)
  132   1          {
  133   2              EA = ea_backup;
  134   2              return;
  135   2          }
  136   1          percent = negative_pressure_requested_percent;
  137   1          negative_pressure_request_pending = 0U;
  138   1          EA = ea_backup;
  139   1      
  140   1          pwm_set_duty(SERVICE_NEGATIVE_PRESSURE_PWM_CH, negative_pressure_percent_to_duty(percent));
  141   1          negative_pressure_percent = percent;
  142   1      }
  143          
  144          void service_negative_pressure_set_percent(uint8 percent)
  145          {
  146   1          uint8 ea_backup;
  147   1      
  148   1          /* A real-time controller owns this value until the packet write callback
  149   1           * explicitly accepts a new operator configuration. */
  150   1          ea_backup = EA;
  151   1          EA = 0;
  152   1          negative_pressure_control_override = 1U;
  153   1          if(NEGATIVE_PRESSURE_PERCENT_MAX < percent)
  154   1          {
  155   2              percent = NEGATIVE_PRESSURE_PERCENT_MAX;
  156   2          }
  157   1          negative_pressure_requested_percent = percent;
  158   1          negative_pressure_request_pending = 1U;
  159   1          EA = ea_backup;
  160   1      }
  161          
  162          uint8 service_negative_pressure_get_percent(void)
  163          {
  164   1          return negative_pressure_percent;
  165   1      }
*** WARNING C183 IN LINE 27 OF ..\L2_SERVICE\service_negative_pressure.c: dead assignment eliminated


Module Information          Static   Overlayable
------------------------------------------------
  code size            =    ------     ------
  ecode size           =       501     ------
  data size            =    ------     ------
  idata size           =    ------     ------
  pdata size           =    ------     ------
  xdata size           =         9     ------
  xdata-const size     =    ------     ------
  edata size           =    ------     ------
  bit size             =    ------     ------
  ebit size            =    ------     ------
  bitaddressable size  =    ------     ------
  ebitaddressable size =    ------     ------
  far data size        =    ------     ------
  huge data size       =    ------     ------
  const size           =    ------     ------
  hconst size          =        75     ------
End of Module Information.

C251 COMPILER V5.60.0,  service_negative_pressure                                          03/08/26  22:48:16  PAGE 4   


C251 COMPILATION COMPLETE.  1 WARNING(S),  0 ERROR(S)
