C251 COMPILER V5.60.0,  main                                                               24/07/26  19:08:23  PAGE 1   


C251 COMPILER V5.60.0, COMPILATION OF MODULE main
OBJECT MODULE PLACED IN .\obj\main.obj
COMPILER INVOKED BY: D:\C251keil\C251\BIN\C251.EXE src\main.c XSMALL INTR2 NOCASE BROWSE DEBUG PRINT(.\obj\main.lst) OBJ
                    -ECT(.\obj\main.obj) 

stmt  level    source

    1          #include "stc.h"
    2          #include "uart.h"
    3          #include "iap.h"
    4          #include "dfu.h"
    5          
    6          static void sys_init(void);
    7          
    8          void main(void)
    9          {
   10   1          /* Must run before changing WTST or clearing the retained DfuFlag. */
   11   1          dfu_check();
   12   1      
   13   1          sys_init();
   14   1          uart_init();
   15   1      
   16   1          while (1)
   17   1          {
   18   2              WDT_CONTR |= 0x10U;                     // feed watchdog
   19   2              uart_isr();
   20   2              dfu_events();
   21   2          }
   22   1      }
   23          
   24          static void sys_init(void)
   25          {
   26   1          /* 124 MHz hot entry needs the APP's wait-state setting retained. */
   27   1          WTST = bDfuHotEntry ? 4U : 0U;
   28   1          CKCON = 0x00U;
   29   1          EAXFR = 1;
   30   1      
   31   1          P3M0 &= (BYTE)~0x03U;
   32   1          P3M1 &= (BYTE)~0x03U;
   33   1      
   34   1          WDT_CONTR = 0x37U;                          // EN_WDT=1, CLR_WDT=1, prescaler=7(max)
   35   1      }


Module Information          Static   Overlayable
------------------------------------------------
  code size            =        73     ------
  ecode size           =    ------     ------
  data size            =    ------     ------
  idata size           =    ------     ------
  pdata size           =    ------     ------
  xdata size           =    ------     ------
  xdata-const size     =    ------     ------
  edata size           =    ------     ------
  bit size             =    ------     ------
  ebit size            =    ------     ------
  bitaddressable size  =    ------     ------
  ebitaddressable size =    ------     ------
  far data size        =    ------     ------
  huge data size       =    ------     ------
  const size           =    ------     ------
  hconst size          =         2     ------
End of Module Information.


C251 COMPILATION COMPLETE.  0 WARNING(S),  0 ERROR(S)
