Rebuild target 'stc32g144k246'
assembling START251.A51...
compiling zf_common_typedef.c...
compiling zf_common_clock.c...
compiling zf_common_interrupt.c...
compiling zf_common_debug.c...
compiling zf_common_fifo.c...
compiling zf_common_font.c...
compiling zf_common_function.c...
compiling zf_driver_adc.c...
compiling zf_driver_delay.c...
compiling zf_driver_eeprom.c...
compiling zf_driver_encoder.c...
compiling zf_driver_exti.c...
compiling zf_driver_gpio.c...
compiling zf_driver_pit.c...
compiling zf_driver_pwm.c...
compiling zf_driver_soft_iic.c...
compiling zf_driver_spi.c...
compiling zf_driver_timer.c...
compiling zf_driver_uart.c...
compiling zf_driver_usb_cdc.c...
compiling zf_device_type.c...
compiling zf_device_mt9v03x.c...
compiling zf_device_ips114.c...
compiling zf_device_tft180.c...
compiling zf_device_ips200.c...
compiling zf_device_ips200pro.c...
compiling zf_device_ble6a20.c...
compiling zf_device_wifi_spi.c...
compiling zf_device_wireless_uart.c...
..\..\libraries\zf_device\zf_device_wireless_uart.c(60): warning C47: 'send_len': unreferenced local variable
compiling zf_device_dl1a.c...
compiling zf_device_dl1b.c...
compiling zf_device_imu660ra.c...
compiling zf_device_imu660rb.c...
compiling zf_device_imu660rc.c...
compiling zf_device_imu963ra.c...
compiling usb.c...
compiling usb_desc.c...
compiling usb_req_class.c...
compiling usb_req_std.c...
compiling usb_req_vendor.c...
compiling util.c...
compiling seekfree_assistant.c...
compiling seekfree_assistant_interface.c...
compiling sys_start.c...
assembling sys_tfpu.asm...
compiling bsp_battery.c...
compiling bsp_buzzer.c...
compiling bsp_encoder.c...
compiling bsp_imu.c...
compiling bsp_inductor.c...
compiling bsp_motor.c...
compiling service_batterycheck.c...
compiling service_buzzer.c...
compiling service_delay.c...
compiling service_function_queue.c...
..\L2_SERVICE\service_function_queue.c(37): warning C150: 'far' pointer converted to 'far' pointer
..\L2_SERVICE\service_function_queue.c(115): warning C150: 'far' pointer converted to 'far' pointer
..\L2_SERVICE\service_function_queue.c(136): warning C150: 'far' pointer converted to 'far' pointer
compiling service_imu.c...
compiling service_inductor.c...
compiling service_negative_pressure.c...
compiling service_packet.c...
compiling service_motor.c...
compiling service_speed.c...
compiling service_wireless_uart.c...
compiling service_timetick.c...
compiling app_attitude.c...
compiling app_battery_guard.c...
compiling app_element.c...
compiling app_feedforward.c...
compiling app_fuzzy_pid.c...
compiling app_inductor_preprocess.c...
compiling app_log.c...
compiling app_load_distribution.c...
compiling app_motion_preprocess.c...
compiling app_motion_postprocess.c...
compiling app_scheduler.c...
compiling app_speed_plan.c...
compiling app_speedout.c...
compiling shared_lpf.c...
compiling shared_pid.c...
compiling shared_pos_pid.c...
compiling isr.c...
compiling main.c...
linking...
Program Size: data=8.6 edata+hdata=8204 xdata=38580 const=16588 code=168833
creating hex file from ".\out_file\SEEKFREE"...
".\out_file\SEEKFREE" - 0 Error(s), 4 Warning(s).
Build Time Elapsed:  00:00:22
